Component: ARM Compiler 5.06 update 6 (build 750) Tool: armlink [4d35ed]

==============================================================================

Section Cross References

    startup_stm32f407xx.o(RESET) refers to startup_stm32f407xx.o(STACK) for __initial_sp
    startup_stm32f407xx.o(RESET) refers to startup_stm32f407xx.o(.text) for Reset_Handler
    startup_stm32f407xx.o(RESET) refers to stm32f4xx_it.o(i.NMI_Handler) for NMI_Handler
    startup_stm32f407xx.o(RESET) refers to stm32f4xx_it.o(i.HardFault_Handler) for HardFault_Handler
    startup_stm32f407xx.o(RESET) refers to stm32f4xx_it.o(i.MemManage_Handler) for MemManage_Handler
    startup_stm32f407xx.o(RESET) refers to stm32f4xx_it.o(i.BusFault_Handler) for BusFault_Handler
    startup_stm32f407xx.o(RESET) refers to stm32f4xx_it.o(i.UsageFault_Handler) for UsageFault_Handler
    startup_stm32f407xx.o(RESET) refers to port.o(.emb_text) for SVC_Handler
    startup_stm32f407xx.o(RESET) refers to stm32f4xx_it.o(i.DebugMon_Handler) for DebugMon_Handler
    startup_stm32f407xx.o(RESET) refers to port.o(i.SysTick_Handler) for SysTick_Handler
    startup_stm32f407xx.o(RESET) refers to stm32f4xx_it.o(i.EXTI0_IRQHandler) for EXTI0_IRQHandler
    startup_stm32f407xx.o(RESET) refers to stm32f4xx_it.o(i.EXTI1_IRQHandler) for EXTI1_IRQHandler
    startup_stm32f407xx.o(RESET) refers to stm32f4xx_it.o(i.EXTI2_IRQHandler) for EXTI2_IRQHandler
    startup_stm32f407xx.o(RESET) refers to stm32f4xx_it.o(i.EXTI3_IRQHandler) for EXTI3_IRQHandler
    startup_stm32f407xx.o(RESET) refers to stm32f4xx_it.o(i.EXTI4_IRQHandler) for EXTI4_IRQHandler
    startup_stm32f407xx.o(RESET) refers to stm32f4xx_it.o(i.DMA1_Stream1_IRQHandler) for DMA1_Stream1_IRQHandler
    startup_stm32f407xx.o(RESET) refers to stm32f4xx_it.o(i.DMA1_Stream3_IRQHandler) for DMA1_Stream3_IRQHandler
    startup_stm32f407xx.o(RESET) refers to stm32f4xx_it.o(i.DMA1_Stream5_IRQHandler) for DMA1_Stream5_IRQHandler
    startup_stm32f407xx.o(RESET) refers to stm32f4xx_it.o(i.DMA1_Stream6_IRQHandler) for DMA1_Stream6_IRQHandler
    startup_stm32f407xx.o(RESET) refers to stm32f4xx_it.o(i.EXTI9_5_IRQHandler) for EXTI9_5_IRQHandler
    startup_stm32f407xx.o(RESET) refers to stm32f4xx_it.o(i.TIM3_IRQHandler) for TIM3_IRQHandler
    startup_stm32f407xx.o(RESET) refers to stm32f4xx_it.o(i.USART1_IRQHandler) for USART1_IRQHandler
    startup_stm32f407xx.o(RESET) refers to stm32f4xx_it.o(i.USART2_IRQHandler) for USART2_IRQHandler
    startup_stm32f407xx.o(RESET) refers to stm32f4xx_it.o(i.USART3_IRQHandler) for USART3_IRQHandler
    startup_stm32f407xx.o(RESET) refers to stm32f4xx_it.o(i.EXTI15_10_IRQHandler) for EXTI15_10_IRQHandler
    startup_stm32f407xx.o(RESET) refers to stm32f4xx_it.o(i.TIM8_TRG_COM_TIM14_IRQHandler) for TIM8_TRG_COM_TIM14_IRQHandler
    startup_stm32f407xx.o(RESET) refers to stm32f4xx_it.o(i.DMA2_Stream2_IRQHandler) for DMA2_Stream2_IRQHandler
    startup_stm32f407xx.o(RESET) refers to stm32f4xx_it.o(i.DMA2_Stream7_IRQHandler) for DMA2_Stream7_IRQHandler
    startup_stm32f407xx.o(.text) refers to system_stm32f4xx.o(i.SystemInit) for SystemInit
    startup_stm32f407xx.o(.text) refers to entry.o(.ARM.Collect$$$$00000000) for __main
    main.o(i.HAL_GPIO_EXTI_Callback) refers to stm32f4xx_hal_gpio.o(i.HAL_GPIO_ReadPin) for HAL_GPIO_ReadPin
    main.o(i.HAL_GPIO_EXTI_Callback) refers to stm32f4xx_hal_gpio.o(i.HAL_GPIO_WritePin) for HAL_GPIO_WritePin
    main.o(i.HAL_GPIO_EXTI_Callback) refers to queue.o(i.xQueueGiveFromISR) for xQueueGiveFromISR
    main.o(i.HAL_GPIO_EXTI_Callback) refers to main.o(.data) for .data
    main.o(i.HAL_TIM_IC_CaptureCallback) refers to stm32f4xx_hal_tim.o(i.HAL_TIM_OC_Stop_IT) for HAL_TIM_OC_Stop_IT
    main.o(i.HAL_TIM_IC_CaptureCallback) refers to main.o(.data) for .data
    main.o(i.HAL_TIM_IC_CaptureCallback) refers to main.o(.bss) for .bss
    main.o(i.HAL_TIM_PeriodElapsedCallback) refers to stm32f4xx_hal.o(i.HAL_IncTick) for HAL_IncTick
    main.o(i.HAL_UART_RxCpltCallback) refers to stm32f4xx_hal_uart.o(i.HAL_UART_Receive_IT) for HAL_UART_Receive_IT
    main.o(i.HAL_UART_RxCpltCallback) refers to queue.o(i.xQueueGiveFromISR) for xQueueGiveFromISR
    main.o(i.HAL_UART_RxCpltCallback) refers to main.o(.data) for .data
    main.o(i.HAL_UART_RxCpltCallback) refers to main.o(.bss) for .bss
    main.o(i.MX_DMA_Init) refers to stm32f4xx_hal_cortex.o(i.HAL_NVIC_SetPriority) for HAL_NVIC_SetPriority
    main.o(i.MX_DMA_Init) refers to stm32f4xx_hal_cortex.o(i.HAL_NVIC_EnableIRQ) for HAL_NVIC_EnableIRQ
    main.o(i.MX_ETH_Init) refers to stm32f4xx_hal_eth.o(i.HAL_ETH_Init) for HAL_ETH_Init
    main.o(i.MX_ETH_Init) refers to main.o(.bss) for .bss
    main.o(i.MX_GPIO_Init) refers to memseta.o(.text) for __aeabi_memclr4
    main.o(i.MX_GPIO_Init) refers to stm32f4xx_hal_gpio.o(i.HAL_GPIO_WritePin) for HAL_GPIO_WritePin
    main.o(i.MX_GPIO_Init) refers to stm32f4xx_hal_gpio.o(i.HAL_GPIO_Init) for HAL_GPIO_Init
[...]
    i.HAL_IncTick                            0x08001184   Section        0  stm32f4xx_hal.o(i.HAL_IncTick)
    i.HAL_Init                               0x08001194   Section        0  stm32f4xx_hal.o(i.HAL_Init)
    i.HAL_InitTick                           0x080011c8   Section        0  stm32f4xx_hal_timebase_tim.o(i.HAL_InitTick)
    i.HAL_MspInit                            0x0800123c   Section        0  stm32f4xx_hal_msp.o(i.HAL_MspInit)
    i.HAL_NVIC_EnableIRQ                     0x0800126c   Section        0  stm32f4xx_hal_cortex.o(i.HAL_NVIC_EnableIRQ)
    i.HAL_NVIC_SetPriority                   0x08001288   Section        0  stm32f4xx_hal_cortex.o(i.HAL_NVIC_SetPriority)
    i.HAL_NVIC_SetPriorityGrouping           0x080012c8   Section        0  stm32f4xx_hal_cortex.o(i.HAL_NVIC_SetPriorityGrouping)
    i.HAL_RCC_ClockConfig                    0x080012ec   Section        0  stm32f4xx_hal_rcc.o(i.HAL_RCC_ClockConfig)
    i.HAL_RCC_GetClockConfig                 0x08001420   Section        0  stm32f4xx_hal_rcc.o(i.HAL_RCC_GetClockConfig)
    i.HAL_RCC_GetHCLKFreq                    0x08001460   Section        0  stm32f4xx_hal_rcc.o(i.HAL_RCC_GetHCLKFreq)
    i.HAL_RCC_GetPCLK1Freq                   0x0800146c   Section        0  stm32f4xx_hal_rcc.o(i.HAL_RCC_GetPCLK1Freq)
    i.HAL_RCC_GetPCLK2Freq                   0x0800148c   Section        0  stm32f4xx_hal_rcc.o(i.HAL_RCC_GetPCLK2Freq)
    i.HAL_RCC_GetSysClockFreq                0x080014ac   Section        0  stm32f4xx_hal_rcc.o(i.HAL_RCC_GetSysClockFreq)
    i.HAL_RCC_OscConfig                      0x0800150c   Section        0  stm32f4xx_hal_rcc.o(i.HAL_RCC_OscConfig)
    i.HAL_TIMEx_BreakCallback                0x08001868   Section        0  stm32f4xx_hal_tim_ex.o(i.HAL_TIMEx_BreakCallback)
    i.HAL_TIMEx_CommutCallback               0x0800186a   Section        0  stm32f4xx_hal_tim_ex.o(i.HAL_TIMEx_CommutCallback)
    i.HAL_TIMEx_MasterConfigSynchronization  0x0800186c   Section        0  stm32f4xx_hal_tim_ex.o(i.HAL_TIMEx_MasterConfigSynchronization)
    i.HAL_TIM_Base_Init                      0x080018fc   Section        0  stm32f4xx_hal_tim.o(i.HAL_TIM_Base_Init)
    i.HAL_TIM_Base_MspInit                   0x08001934   Section        0  stm32f4xx_hal_msp.o(i.HAL_TIM_Base_MspInit)
    i.HAL_TIM_Base_Start_IT                  0x08001970   Section        0  stm32f4xx_hal_tim.o(i.HAL_TIM_Base_Start_IT)
    i.HAL_TIM_ConfigClockSource              0x08001992   Section        0  stm32f4xx_hal_tim.o(i.HAL_TIM_ConfigClockSource)
    i.HAL_TIM_IC_CaptureCallback             0x08001a68   Section        0  main.o(i.HAL_TIM_IC_CaptureCallback)
    i.HAL_TIM_IRQHandler                     0x08001b08   Section        0  stm32f4xx_hal_tim.o(i.HAL_TIM_IRQHandler)
    i.HAL_TIM_MspPostInit                    0x08001c70   Section        0  stm32f4xx_hal_msp.o(i.HAL_TIM_MspPostInit)
    i.HAL_TIM_OC_DelayElapsedCallback        0x08001cc0   Section        0  stm32f4xx_hal_tim.o(i.HAL_TIM_OC_DelayElapsedCallback)
    i.HAL_TIM_OC_Stop_IT                     0x08001cc4   Section        0  stm32f4xx_hal_tim.o(i.HAL_TIM_OC_Stop_IT)
    i.HAL_TIM_PWM_ConfigChannel              0x08001d4c   Section        0  stm32f4xx_hal_tim.o(i.HAL_TIM_PWM_ConfigChannel)
    i.HAL_TIM_PWM_Init                       0x08001e1c   Section        0  stm32f4xx_hal_tim.o(i.HAL_TIM_PWM_Init)
    i.HAL_TIM_PWM_MspInit                    0x08001e52   Section        0  stm32f4xx_hal_tim.o(i.HAL_TIM_PWM_MspInit)
    i.HAL_TIM_PWM_PulseFinishedCallback      0x08001e54   Section        0  stm32f4xx_hal_tim.o(i.HAL_TIM_PWM_PulseFinishedCallback)
    i.HAL_TIM_PWM_Stop                       0x08001e58   Section        0  stm32f4xx_hal_tim.o(i.HAL_TIM_PWM_Stop)
    i.HAL_TIM_PeriodElapsedCallback          0x08001eb4   Section        0  main.o(i.HAL_TIM_PeriodElapsedCallback)
    i.HAL_TIM_TriggerCallback                0x08001ec8   Section        0  stm32f4xx_hal_tim.o(i.HAL_TIM_TriggerCallback)
    i.HAL_UART_ErrorCallback                 0x08001eca   Section        0  stm32f4xx_hal_uart.o(i.HAL_UART_ErrorCallback)
    i.HAL_UART_IRQHandler                    0x08001ecc   Section        0  stm32f4xx_hal_uart.o(i.HAL_UART_IRQHandler)
    i.HAL_UART_Init                          0x08001fe0   Section        0  stm32f4xx_hal_uart.o(i.HAL_UART_Init)
    i.HAL_UART_MspInit                       0x08002044   Section        0  stm32f4xx_hal_msp.o(i.HAL_UART_MspInit)
    i.HAL_UART_Receive_IT                    0x08002310   Section        0  stm32f4xx_hal_uart.o(i.HAL_UART_Receive_IT)
    i.HAL_UART_RxCpltCallback                0x08002364   Section        0  main.o(i.HAL_UART_RxCpltCallback)
    i.HAL_UART_Transmit_DMA                  0x080023d4   Section        0  stm32f4xx_hal_uart.o(i.HAL_UART_Transmit_DMA)
    i.HAL_UART_TxCpltCallback                0x08002454   Section        0  stm32f4xx_hal_uart.o(i.HAL_UART_TxCpltCallback)
    i.HAL_UART_TxHalfCpltCallback            0x08002456   Section        0  stm32f4xx_hal_uart.o(i.HAL_UART_TxHalfCpltCallback)
    i.HardFault_Handler                      0x08002458   Section        0  stm32f4xx_it.o(i.HardFault_Handler)
    i.MX_DMA_Init                            0x0800245c   Section        0  main.o(i.MX_DMA_Init)
    MX_DMA_Init                              0x0800245d   Thumb Code   136  main.o(i.MX_DMA_Init)
    i.MX_ETH_Init                            0x080024e8   Section        0  main.o(i.MX_ETH_Init)
    MX_ETH_Init                              0x080024e9   Thumb Code    56  main.o(i.MX_ETH_Init)
    i.MX_GPIO_Init                           0x08002528   Section        0  main.o(i.MX_GPIO_Init)
    MX_GPIO_Init                             0x08002529   Thumb Code   454  main.o(i.MX_GPIO_Init)
    i.MX_TIM3_Init                           0x08002710   Section        0  main.o(i.MX_TIM3_Init)
    MX_TIM3_Init                             0x08002711   Thumb Code   132  main.o(i.MX_TIM3_Init)
    i.MemManage_Handler                      0x080027a0   Section        0  stm32f4xx_it.o(i.MemManage_Handler)
    i.NMI_Handler                            0x080027a2   Section        0  stm32f4xx_it.o(i.NMI_Handler)
    i.StartBlink                             0x080027a4   Section        0  main.o(i.StartBlink)
    i.StartDefaultTask                       0x080027c0   Section        0  main.o(i.StartDefaultTask)
    i.StartKeepState                         0x080027c8   Section        0  main.o(i.StartKeepState)
    i.SysTick_Handler                        0x0800285c   Section        0  port.o(i.SysTick_Handler)
    i.SystemClock_Config                     0x08002888   Section        0  main.o(i.SystemClock_Config)
    i.SystemCoreClockUpdate                  0x08002910   Section        0  system_stm32f4xx.o(i.SystemCoreClockUpdate)
    i.SystemInit                             0x08002988   Section        0  system_stm32f4xx.o(i.SystemInit)
    i.TIM3_IRQHandler                        0x080029a4   Section        0  stm32f4xx_it.o(i.TIM3_IRQHandler)
    i.TIM8_TRG_COM_TIM14_IRQHandler          0x080029b0   Section        0  stm32f4xx_it.o(i.TIM8_TRG_COM_TIM14_IRQHandler)
    i.TIM_Base_SetConfig                     0x080029bc   Section        0  stm32f4xx_hal_tim.o(i.TIM_Base_SetConfig)
    i.TIM_CCxChannelCmd                      0x08002a84   Section        0  stm32f4xx_hal_tim.o(i.TIM_CCxChannelCmd)
    i.TIM_ETR_SetConfig                      0x08002a9e   Section        0  stm32f4xx_hal_tim.o(i.TIM_ETR_SetConfig)
    i.TIM_ITRx_SetConfig                     0x08002ab2   Section        0  stm32f4xx_hal_tim.o(i.TIM_ITRx_SetConfig)
    TIM_ITRx_SetConfig                       0x08002ab3   Thumb Code    16  stm32f4xx_hal_tim.o(i.TIM_ITRx_SetConfig)
    i.TIM_OC1_SetConfig                      0x08002ac4   Section        0  stm32f4xx_hal_tim.o(i.TIM_OC1_SetConfig)
    TIM_OC1_SetConfig                        0x08002ac5   Thumb Code    88  stm32f4xx_hal_tim.o(i.TIM_OC1_SetConfig)
    i.TIM_OC2_SetConfig                      0x08002b24   Section        0  stm32f4xx_hal_tim.o(i.TIM_OC2_SetConfig)
    i.TIM_OC3_SetConfig                      0x08002b90   Section        0  stm32f4xx_hal_tim.o(i.TIM_OC3_SetConfig)
    TIM_OC3_SetConfig                        0x08002b91   Thumb Code    96  stm32f4xx_hal_tim.o(i.TIM_OC3_SetConfig)
    i.TIM_OC4_SetConfig                      0x08002bf8   Section        0  stm32f4xx_hal_tim.o(i.TIM_OC4_SetConfig)
    TIM_OC4_SetConfig                        0x08002bf9   Thumb Code    70  stm32f4xx_hal_tim.o(i.TIM_OC4_SetConfig)
    i.TIM_TI1_ConfigInputStage               0x08002c48   Section        0  stm32f4xx_hal_tim.o(i.TIM_TI1_ConfigInputStage)
    TIM_TI1_ConfigInputStage                 0x08002c49   Thumb Code    34  stm32f4xx_hal_tim.o(i.TIM_TI1_ConfigInputStage)
    i.TIM_TI2_ConfigInputStage               0x08002c6a   Section        0  stm32f4xx_hal_tim.o(i.TIM_TI2_ConfigInputStage)
    TIM_TI2_ConfigInputStage                 0x08002c6b   Thumb Code    36  stm32f4xx_hal_tim.o(i.TIM_TI2_ConfigInputStage)
    i.UART_DMAAbortOnError                   0x08002c8e   Section        0  stm32f4xx_hal_uart.o(i.UART_DMAAbortOnError)
    UART_DMAAbortOnError                     0x08002c8f   Thumb Code    16  stm32f4xx_hal_uart.o(i.UART_DMAAbortOnError)
    i.UART_DMAError                          0x08002c9e   Section        0  stm32f4xx_hal_uart.o(i.UART_DMAError)
    UART_DMAError                            0x08002c9f   Thumb Code    74  stm32f4xx_hal_uart.o(i.UART_DMAError)
    i.UART_DMATransmitCplt                   0x08002ce8   Section        0  stm32f4xx_hal_uart.o(i.UART_DMATransmitCplt)
    UART_DMATransmitCplt                     0x08002ce9   Thumb Code    46  stm32f4xx_hal_uart.o(i.UART_DMATransmitCplt)
    i.UART_DMATxHalfCplt                     0x08002d16   Section        0  stm32f4xx_hal_uart.o(i.UART_DMATxHalfCplt)
    UART_DMATxHalfCplt                       0x08002d17   Thumb Code    10  stm32f4xx_hal_uart.o(i.UART_DMATxHalfCplt)
    i.UART_EndRxTransfer                     0x08002d20   Section        0  stm32f4xx_hal_uart.o(i.UART_EndRxTransfer)
    UART_EndRxTransfer                       0x08002d21   Thumb Code    28  stm32f4xx_hal_uart.o(i.UART_EndRxTransfer)
    i.UART_EndTxTransfer                     0x08002d3c   Section        0  stm32f4xx_hal_uart.o(i.UART_EndTxTransfer)
    UART_EndTxTransfer                       0x08002d3d   Thumb Code    18  stm32f4xx_hal_uart.o(i.UART_EndTxTransfer)
    i.UART_Receive_IT                        0x08002d4e   Section        0  stm32f4xx_hal_uart.o(i.UART_Receive_IT)
    UART_Receive_IT                          0x08002d4f   Thumb Code   150  stm32f4xx_hal_uart.o(i.UART_Receive_IT)
    i.UART_SetConfig                         0x08002de4   Section        0  stm32f4xx_hal_uart.o(i.UART_SetConfig)
    UART_SetConfig                           0x08002de5   Thumb Code   286  stm32f4xx_hal_uart.o(i.UART_SetConfig)
    i.UART_Transmit_IT                       0x08002f0c   Section        0  stm32f4xx_hal_uart.o(i.UART_Transmit_IT)
    UART_Transmit_IT                         0x08002f0d   Thumb Code    98  stm32f4xx_hal_uart.o(i.UART_Transmit_IT)
    i.USART1_IRQHandler                      0x08002f70   Section        0  stm32f4xx_it.o(i.USART1_IRQHandler)
    i.USART2_IRQHandler                      0x08002f7c   Section        0  stm32f4xx_it.o(i.USART2_IRQHandler)
    i.USART3_IRQHandler                      0x08002f88   Section        0  stm32f4xx_it.o(i.USART3_IRQHandler)
    i.UsageFault_Handler                     0x08002f94   Section        0  stm32f4xx_it.o(i.UsageFault_Handler)
    i.__NVIC_SetPriority                     0x08002f96   Section        0  stm32f4xx_hal_cortex.o(i.__NVIC_SetPriority)
    __NVIC_SetPriority                       0x08002f97   Thumb Code    32  stm32f4xx_hal_cortex.o(i.__NVIC_SetPriority)
    i.__scatterload_copy                     0x08002fb6   Section       14  handlers.o(i.__scatterload_copy)
    i.__scatterload_null                     0x08002fc4   Section        2  handlers.o(i.__scatterload_null)
    i.__scatterload_zeroinit                 0x08002fc6   Section       14  handlers.o(i.__scatterload_zeroinit)
    i.eTaskGetState                          0x08002fd4   Section        0  tasks.o(i.eTaskGetState)
    i.field_task                             0x08003048   Section        0  main.o(i.field_task)
    i.main                                   0x08003288   Section        0  main.o(i.main)
    i.osDelay                                0x0800337c   Section        0  cmsis_os2.o(i.osDelay)
    i.osKernelInitialize                     0x080033b0   Section        0  cmsis_os2.o(i.osKernelInitialize)
    i.osKernelStart                          0x080033e4   Section        0  cmsis_os2.o(i.osKernelStart)
    i.osThreadNew                            0x08003420   Section        0  cmsis_os2.o(i.osThreadNew)
    i.osThreadTerminate                      0x080034c4   Section        0  cmsis_os2.o(i.osThreadTerminate)
    i.process_command                        0x08003510   Section        0  main.o(i.process_command)
    i.prvAddCurrentTaskToDelayedList         0x08003ab0   Section        0  tasks.o(i.prvAddCurrentTaskToDelayedList)
    prvAddCurrentTaskToDelayedList           0x08003ab1   Thumb Code    84  tasks.o(i.prvAddCurrentTaskToDelayedList)
    i.prvAddNewTaskToReadyList               0x08003b0c   Section        0  tasks.o(i.prvAddNewTaskToReadyList)
    prvAddNewTaskToReadyList                 0x08003b0d   Thumb Code   190  tasks.o(i.prvAddNewTaskToReadyList)
    i.prvCheckForValidListAndQueue           0x08003bdc   Section        0  timers.o(i.prvCheckForValidListAndQueue)
    prvCheckForValidListAndQueue             0x08003bdd   Thumb Code    72  timers.o(i.prvCheckForValidListAndQueue)
    i.prvCopyDataFromQueue                   0x08003c34   Section        0  queue.o(i.prvCopyDataFromQueue)
    prvCopyDataFromQueue                     0x08003c35   Thumb Code    38  queue.o(i.prvCopyDataFromQueue)
    i.prvCopyDataToQueue                     0x08003c5a   Section        0  queue.o(i.prvCopyDataToQueue)
    prvCopyDataToQueue                       0x08003c5b   Thumb Code   108  queue.o(i.prvCopyDataToQueue)
    i.prvDeleteTCB                           0x08003cc6   Section        0  tasks.o(i.prvDeleteTCB)
    prvDeleteTCB                             0x08003cc7   Thumb Code    52  tasks.o(i.prvDeleteTCB)
    i.prvHeapInit                            0x08003cfc   Section        0  heap_4.o(i.prvHeapInit)
    prvHeapInit                              0x08003cfd   Thumb Code    66  heap_4.o(i.prvHeapInit)
    i.prvIdleTask                            0x08003d48   Section        0  tasks.o(i.prvIdleTask)
    prvIdleTask                              0x08003d49   Thumb Code    82  tasks.o(i.prvIdleTask)
    i.prvInitialiseNewQueue                  0x08003da8   Section        0  queue.o(i.prvInitialiseNewQueue)
    prvInitialiseNewQueue                    0x08003da9   Thumb Code    34  queue.o(i.prvInitialiseNewQueue)
    i.prvInitialiseNewTask                   0x08003dcc   Section        0  tasks.o(i.prvInitialiseNewTask)
    prvInitialiseNewTask                     0x08003dcd   Thumb Code   176  tasks.o(i.prvInitialiseNewTask)
    i.prvInsertBlockIntoFreeList             0x08003e7c   Section        0  heap_4.o(i.prvInsertBlockIntoFreeList)
    prvInsertBlockIntoFreeList               0x08003e7d   Thumb Code    72  heap_4.o(i.prvInsertBlockIntoFreeList)
    i.prvInsertTimerInActiveList             0x08003ec8   Section        0  timers.o(i.prvInsertTimerInActiveList)
    prvInsertTimerInActiveList               0x08003ec9   Thumb Code    52  timers.o(i.prvInsertTimerInActiveList)
    i.prvIsQueueEmpty                        0x08003f00   Section        0  queue.o(i.prvIsQueueEmpty)
    prvIsQueueEmpty                          0x08003f01   Thumb Code    28  queue.o(i.prvIsQueueEmpty)
    i.prvProcessReceivedCommands             0x08003f1c   Section        0  timers.o(i.prvProcessReceivedCommands)
    prvProcessReceivedCommands               0x08003f1d   Thumb Code   248  timers.o(i.prvProcessReceivedCommands)
    i.prvProcessTimerOrBlockTask             0x08004018   Section        0  timers.o(i.prvProcessTimerOrBlockTask)
    prvProcessTimerOrBlockTask               0x08004019   Thumb Code   182  timers.o(i.prvProcessTimerOrBlockTask)
    i.prvResetNextTaskUnblockTime            0x080040d8   Section        0  tasks.o(i.prvResetNextTaskUnblockTime)
    prvResetNextTaskUnblockTime              0x080040d9   Thumb Code    26  tasks.o(i.prvResetNextTaskUnblockTime)
    i.prvSampleTimeNow                       0x080040f8   Section        0  timers.o(i.prvSampleTimeNow)
    prvSampleTimeNow                         0x080040f9   Thumb Code    36  timers.o(i.prvSampleTimeNow)
    i.prvSwitchTimerLists                    0x08004120   Section        0  timers.o(i.prvSwitchTimerLists)
    prvSwitchTimerLists                      0x08004121   Thumb Code   104  timers.o(i.prvSwitchTimerLists)
    i.prvTaskExitError                       0x0800418c   Section        0  port.o(i.prvTaskExitError)
    prvTaskExitError                         0x0800418d   Thumb Code    36  port.o(i.prvTaskExitError)
    i.prvTimerTask                           0x080041b4   Section        0  timers.o(i.prvTimerTask)
    prvTimerTask                             0x080041b5   Thumb Code    32  timers.o(i.prvTimerTask)
    i.prvUnlockQueue                         0x080041d8   Section        0  queue.o(i.prvUnlockQueue)
    prvUnlockQueue                           0x080041d9   Thumb Code   106  queue.o(i.prvUnlockQueue)
    i.pvPortMalloc                           0x08004244   Section        0  heap_4.o(i.pvPortMalloc)
    i.pvTaskIncrementMutexHeldCount          0x0800431c   Section        0  tasks.o(i.pvTaskIncrementMutexHeldCount)
    i.pxPortInitialiseStack                  0x08004334   Section        0  port.o(i.pxPortInitialiseStack)
    i.uxListRemove                           0x08004360   Section        0  list.o(i.uxListRemove)
    i.vApplicationGetIdleTaskMemory          0x08004388   Section        0  cmsis_os2.o(i.vApplicationGetIdleTaskMemory)
    i.vApplicationGetTimerTaskMemory         0x0800439c   Section        0  cmsis_os2.o(i.vApplicationGetTimerTaskMemory)
    i.vListInitialise                        0x080043b4   Section        0  list.o(i.vListInitialise)
    i.vListInitialiseItem                    0x080043ca   Section        0  list.o(i.vListInitialiseItem)
    i.vListInsert                            0x080043d0   Section        0  list.o(i.vListInsert)
    i.vListInsertEnd                         0x08004400   Section        0  list.o(i.vListInsertEnd)
    i.vPortEnterCritical                     0x08004418   Section        0  port.o(i.vPortEnterCritical)
    i.vPortExitCritical                      0x08004458   Section        0  port.o(i.vPortExitCritical)
    i.vPortFree                              0x08004480   Section        0  heap_4.o(i.vPortFree)
    i.vPortSetupTimerInterrupt               0x080044dc   Section        0  port.o(i.vPortSetupTimerInterrupt)
    i.vPortValidateInterruptPriority         0x08004500   Section        0  port.o(i.vPortValidateInterruptPriority)
    i.vQueueAddToRegistry                    0x08004554   Section        0  queue.o(i.vQueueAddToRegistry)
    i.vQueueWaitForMessageRestricted         0x0800457c   Section        0  queue.o(i.vQueueWaitForMessageRestricted)
    i.vTaskDelay                             0x080045c0   Section        0  tasks.o(i.vTaskDelay)
    i.vTaskDelete                            0x0800460c   Section        0  tasks.o(i.vTaskDelete)
    i.vTaskInternalSetTimeOutState           0x0800469c   Section        0  tasks.o(i.vTaskInternalSetTimeOutState)
    i.vTaskMissedYield                       0x080046ac   Section        0  tasks.o(i.vTaskMissedYield)
    i.vTaskPlaceOnEventList                  0x080046b8   Section        0  tasks.o(i.vTaskPlaceOnEventList)
    i.vTaskPlaceOnEventListRestricted        0x080046e8   Section        0  tasks.o(i.vTaskPlaceOnEventListRestricted)
    i.vTaskPriorityDisinheritAfterTimeout    0x08004720   Section        0  tasks.o(i.vTaskPriorityDisinheritAfterTimeout)
    i.vTaskStartScheduler                    0x080047b0   Section        0  tasks.o(i.vTaskStartScheduler)
    i.vTaskSuspendAll                        0x08004838   Section        0  tasks.o(i.vTaskSuspendAll)
    i.vTaskSwitchContext                     0x08004848   Section        0  tasks.o(i.vTaskSwitchContext)
    i.xPortStartScheduler                    0x080048ac   Section        0  port.o(i.xPortStartScheduler)
    i.xQueueGenericCreate                    0x080049a0   Section        0  queue.o(i.xQueueGenericCreate)
    i.xQueueGenericCreateStatic              0x080049e8   Section        0  queue.o(i.xQueueGenericCreateStatic)
    i.xQueueGenericReset                     0x08004a50   Section        0  queue.o(i.xQueueGenericReset)
    i.xQueueGenericSend                      0x08004ad8   Section        0  queue.o(i.xQueueGenericSend)
    i.xQueueGenericSendFromISR               0x08004c38   Section        0  queue.o(i.xQueueGenericSendFromISR)
    i.xQueueGiveFromISR                      0x08004cf4   Section        0  queue.o(i.xQueueGiveFromISR)
    i.xQueueReceive                          0x08004d90   Section        0  queue.o(i.xQueueReceive)
    i.xQueueSemaphoreTake                    0x08004ec8   Section        0  queue.o(i.xQueueSemaphoreTake)
    i.xTaskCheckForTimeOut                   0x08005040   Section        0  tasks.o(i.xTaskCheckForTimeOut)
    i.xTaskCreate                            0x080050b4   Section        0  tasks.o(i.xTaskCreate)
    i.xTaskCreateStatic                      0x0800510e   Section        0  tasks.o(i.xTaskCreateStatic)
    i.xTaskGetSchedulerState                 0x08005164   Section        0  tasks.o(i.xTaskGetSchedulerState)
    i.xTaskGetTickCount                      0x08005180   Section        0  tasks.o(i.xTaskGetTickCount)
    i.xTaskIncrementTick                     0x0800518c   Section        0  tasks.o(i.xTaskIncrementTick)
    i.xTaskPriorityDisinherit                0x08005254   Section        0  tasks.o(i.xTaskPriorityDisinherit)
    i.xTaskPriorityInherit                   0x080052d4   Section        0  tasks.o(i.xTaskPriorityInherit)
    i.xTaskRemoveFromEventList               0x0800534c   Section        0  tasks.o(i.xTaskRemoveFromEventList)
    i.xTaskResumeAll                         0x080053bc   Section        0  tasks.o(i.xTaskResumeAll)
    i.xTimerCreateTimerTask                  0x08005480   Section        0  timers.o(i.xTimerCreateTimerTask)
    i.xTimerGenericCommand                   0x080054e0   Section        0  timers.o(i.xTimerGenericCommand)
    .constdata                               0x08005548   Section      144  main.o(.constdata)
    .constdata                               0x080055d8   Section        8  stm32f4xx_hal_dma.o(.constdata)
    flagBitshiftOffset                       0x080055d8   Data           8  stm32f4xx_hal_dma.o(.constdata)
    .constdata                               0x080055e0   Section       16  system_stm32f4xx.o(.constdata)
    .constdata                               0x080055f0   Section        8  system_stm32f4xx.o(.constdata)
    .conststring                             0x080055f8   Section       44  main.o(.conststring)
    .data                                    0x20000000   Section       44  main.o(.data)
    .data                                    0x2000002c   Section       12  stm32f4xx_hal.o(.data)
    .data                                    0x20000038   Section        4  system_stm32f4xx.o(.data)
    .data                                    0x2000003c   Section       60  tasks.o(.data)
    pxDelayedTaskList                        0x20000040   Data           4  tasks.o(.data)
    pxOverflowDelayedTaskList                0x20000044   Data           4  tasks.o(.data)
    uxDeletedTasksWaitingCleanUp             0x20000048   Data           4  tasks.o(.data)
    uxCurrentNumberOfTasks                   0x2000004c   Data           4  tasks.o(.data)
    xTickCount                               0x20000050   Data           4  tasks.o(.data)
    uxTopReadyPriority                       0x20000054   Data           4  tasks.o(.data)
    xSchedulerRunning                        0x20000058   Data           4  tasks.o(.data)
    uxPendedTicks                            0x2000005c   Data           4  tasks.o(.data)
    xYieldPending                            0x20000060   Data           4  tasks.o(.data)
    xNumOfOverflows                          0x20000064   Data           4  tasks.o(.data)
    uxTaskNumber                             0x20000068   Data           4  tasks.o(.data)
    xNextTaskUnblockTime                     0x2000006c   Data           4  tasks.o(.data)
    xIdleTaskHandle                          0x20000070   Data           4  tasks.o(.data)
    uxSchedulerSuspended                     0x20000074   Data           4  tasks.o(.data)
    .data                                    0x20000078   Section       20  timers.o(.data)
    pxCurrentTimerList                       0x20000078   Data           4  timers.o(.data)
    pxOverflowTimerList                      0x2000007c   Data           4  timers.o(.data)
    xTimerQueue                              0x20000080   Data           4  timers.o(.data)
    xTimerTaskHandle                         0x20000084   Data           4  timers.o(.data)
    xLastTime                                0x20000088   Data           4  timers.o(.data)
    .data                                    0x2000008c   Section        4  cmsis_os2.o(.data)
    KernelState                              0x2000008c   Data           4  cmsis_os2.o(.data)
    .data                                    0x20000090   Section       24  heap_4.o(.data)
    pxEnd                                    0x20000090   Data           4  heap_4.o(.data)
    xFreeBytesRemaining                      0x20000094   Data           4  heap_4.o(.data)
    xMinimumEverFreeBytesRemaining           0x20000098   Data           4  heap_4.o(.data)
    xBlockAllocatedBit                       0x2000009c   Data           4  heap_4.o(.data)
    xStart                                   0x200000a0   Data           8  heap_4.o(.data)
    .data                                    0x200000a8   Section       12  port.o(.data)
    ucMaxSysCallPriority                     0x200000a8   Data           1  port.o(.data)
    uxCriticalNesting                        0x200000ac   Data           4  port.o(.data)
    ulMaxPRIGROUPValue                       0x200000b0   Data           4  port.o(.data)
    .bss                                     0x200000b4   Section      376  main.o(.bss)
    .bss                                     0x2000022c   Section       96  main.o(.bss)
    .bss                                     0x2000028c   Section       96  main.o(.bss)
    .bss                                     0x200002ec   Section       96  main.o(.bss)
    .bss                                     0x2000034c   Section       96  main.o(.bss)
    .bss                                     0x200003ac   Section       96  main.o(.bss)
    .bss                                     0x2000040c   Section       96  main.o(.bss)
    .bss                                     0x2000046c   Section       64  stm32f4xx_hal_timebase_tim.o(.bss)
    .bss                                     0x200004ac   Section       64  queue.o(.bss)
    .bss                                     0x200004ec   Section     1220  tasks.o(.bss)
    pxReadyTasksLists                        0x200004ec   Data        1120  tasks.o(.bss)
    xDelayedTaskList1                        0x2000094c   Data          20  tasks.o(.bss)
    xDelayedTaskList2                        0x20000960   Data          20  tasks.o(.bss)
    xPendingReadyList                        0x20000974   Data          20  tasks.o(.bss)
    xTasksWaitingTermination                 0x20000988   Data          20  tasks.o(.bss)
    xSuspendedTaskList                       0x2000099c   Data          20  tasks.o(.bss)
    .bss                                     0x200009b0   Section      280  timers.o(.bss)
    xActiveTimerList1                        0x200009b0   Data          20  timers.o(.bss)
    xActiveTimerList2                        0x200009c4   Data          20  timers.o(.bss)
    xStaticTimerQueue                        0x200009d8   Data          80  timers.o(.bss)
    ucStaticTimerQueueStorage                0x20000a28   Data         160  timers.o(.bss)
    .bss                                     0x20000ac8   Section     1720  cmsis_os2.o(.bss)
    Idle_TCB                                 0x20000ac8   Data          92  cmsis_os2.o(.bss)
    Idle_Stack                               0x20000b24   Data         512  cmsis_os2.o(.bss)
    Timer_TCB                                0x20000d24   Data          92  cmsis_os2.o(.bss)
    Timer_Stack                              0x20000d80   Data        1024  cmsis_os2.o(.bss)
    .bss                                     0x20001180   Section    15360  heap_4.o(.bss)
    ucHeap                                   0x20001180   Data       15360  heap_4.o(.bss)
    STACK                                    0x20004d80   Section     1024  startup_stm32f407xx.o(STACK)

    Global Symbols

    Symbol Name                              Value     Ov Type        Size  Object(Section)

    BuildAttributes$$THM_ISAv4$E$P$D$K$B$S$7EM$VFPi3$EXTD16$VFPS$VFMA$PE$A:L22UL41UL21$X:L11$S22US41US21$IEEE1$IW$USESV6$~STKCKD$USESV7$~SHL$OSPACE$EBA8$MICROLIB$REQ8$PRES8$EABIv2 0x00000000   Number         0  anon$$obj.o ABSOLUTE
    __ARM_use_no_argv                        0x00000000   Number         0  main.o ABSOLUTE
    __cpp_initialize__aeabi_                  - Undefined Weak Reference
    __cxa_finalize                            - Undefined Weak Reference
    __decompress                              - Undefined Weak Reference
    _clock_init                               - Undefined Weak Reference
    _microlib_exit                            - Undefined Weak Reference
    __Vectors_Size                           0x00000188   Number         0  startup_stm32f407xx.o ABSOLUTE
    __Vectors                                0x08000000   Data           4  startup_stm32f407xx.o(RESET)
    __Vectors_End                            0x08000188   Data           0  startup_stm32f407xx.o(RESET)
    __main                                   0x08000189   Thumb Code     0  entry.o(.ARM.Collect$$$$00000000)
    _main_stk                                0x08000189   Thumb Code     0  entry2.o(.ARM.Collect$$$$00000001)
    _main_scatterload                        0x0800018d   Thumb Code     0  entry5.o(.ARM.Collect$$$$00000004)
    __main_after_scatterload                 0x08000191   Thumb Code     0  entry5.o(.ARM.Collect$$$$00000004)
    _main_clock                              0x08000191   Thumb Code     0  entry7b.o(.ARM.Collect$$$$00000008)
    _main_cpp_init                           0x08000191   Thumb Code     0  entry8b.o(.ARM.Collect$$$$0000000A)
    _main_init                               0x08000191   Thumb Code     0  entry9a.o(.ARM.Collect$$$$0000000B)
    __rt_final_cpp                           0x08000199   Thumb Code     0  entry10a.o(.ARM.Collect$$$$0000000D)
    __rt_final_exit                          0x08000199   Thumb Code     0  entry11a.o(.ARM.Collect$$$$0000000F)
    SVC_Handler                              0x0800019d   Thumb Code    28  port.o(.emb_text)
    __asm___6_port_c_39a90d8d__prvStartFirstTask 0x080001bd   Thumb Code    36  port.o(.emb_text)
    __asm___6_port_c_39a90d8d__prvEnableVFP  0x080001e5   Thumb Code    16  port.o(.emb_text)
    PendSV_Handler                           0x080001f9   Thumb Code    88  port.o(.emb_text)
    vPortGetIPSR                             0x08000255   Thumb Code     6  port.o(.emb_text)
    Reset_Handler                            0x0800025d   Thumb Code     8  startup_stm32f407xx.o(.text)
    ADC_IRQHandler                           0x08000277   Thumb Code     0  startup_stm32f407xx.o(.text)
    CAN1_RX0_IRQHandler                      0x08000277   Thumb Code     0  startup_stm32f407xx.o(.text)
    CAN1_RX1_IRQHandler                      0x08000277   Thumb Code     0  startup_stm32f407xx.o(.text)
    CAN1_SCE_IRQHandler                      0x08000277   Thumb Code     0  startup_stm32f407xx.o(.text)
    CAN1_TX_IRQHandler                       0x08000277   Thumb Code     0  startup_stm32f407xx.o(.text)
    CAN2_RX0_IRQHandler                      0x08000277   Thumb Code     0  startup_stm32f407xx.o(.text)
    CAN2_RX1_IRQHandler                      0x08000277   Thumb Code     0  startup_stm32f407xx.o(.text)
    CAN2_SCE_IRQHandler                      0x08000277   Thumb Code     0  startup_stm32f407xx.o(.text)
    CAN2_TX_IRQHandler                       0x08000277   Thumb Code     0  startup_stm32f407xx.o(.text)
    DCMI_IRQHandler                          0x08000277   Thumb Code     0  startup_stm32f407xx.o(.text)
    DMA1_Stream0_IRQHandler                  0x08000277   Thumb Code     0  startup_stm32f407xx.o(.text)
    DMA1_Stream2_IRQHandler                  0x08000277   Thumb Code     0  startup_stm32f407xx.o(.text)
    DMA1_Stream4_IRQHandler                  0x08000277   Thumb Code     0  startup_stm32f407xx.o(.text)
    DMA1_Stream7_IRQHandler                  0x08000277   Thumb Code     0  startup_stm32f407xx.o(.text)
    DMA2_Stream0_IRQHandler                  0x08000277   Thumb Code     0  startup_stm32f407xx.o(.text)
    DMA2_Stream1_IRQHandler                  0x08000277   Thumb Code     0  startup_stm32f407xx.o(.text)
    DMA2_Stream3_IRQHandler                  0x08000277   Thumb Code     0  startup_stm32f407xx.o(.text)
    DMA2_Stream4_IRQHandler                  0x08000277   Thumb Code     0  startup_stm32f407xx.o(.text)
    DMA2_Stream5_IRQHandler                  0x08000277   Thumb Code     0  startup_stm32f407xx.o(.text)
    DMA2_Stream6_IRQHandler                  0x08000277   Thumb Code     0  startup_stm32f407xx.o(.text)
    ETH_IRQHandler                           0x08000277   Thumb Code     0  startup_stm32f407xx.o(.text)
    ETH_WKUP_IRQHandler                      0x08000277   Thumb Code     0  startup_stm32f407xx.o(.text)
    FLASH_IRQHandler                         0x08000277   Thumb Code     0  startup_stm32f407xx.o(.text)
    FMC_IRQHandler                           0x08000277   Thumb Code     0  startup_stm32f407xx.o(.text)
    FPU_IRQHandler                           0x08000277   Thumb Code     0  startup_stm32f407xx.o(.text)
    HASH_RNG_IRQHandler                      0x08000277   Thumb Code     0  startup_stm32f407xx.o(.text)
    I2C1_ER_IRQHandler                       0x08000277   Thumb Code     0  startup_stm32f407xx.o(.text)
    I2C1_EV_IRQHandler                       0x08000277   Thumb Code     0  startup_stm32f407xx.o(.text)
    I2C2_ER_IRQHandler                       0x08000277   Thumb Code     0  startup_stm32f407xx.o(.text)
    I2C2_EV_IRQHandler                       0x08000277   Thumb Code     0  startup_stm32f407xx.o(.text)
    I2C3_ER_IRQHandler                       0x08000277   Thumb Code     0  startup_stm32f407xx.o(.text)
    I2C3_EV_IRQHandler                       0x08000277   Thumb Code     0  startup_stm32f407xx.o(.text)
    OTG_FS_IRQHandler                        0x08000277   Thumb Code     0  startup_stm32f407xx.o(.text)
    OTG_FS_WKUP_IRQHandler                   0x08000277   Thumb Code     0  startup_stm32f407xx.o(.text)
    OTG_HS_EP1_IN_IRQHandler                 0x08000277   Thumb Code     0  startup_stm32f407xx.o(.text)
    OTG_HS_EP1_OUT_IRQHandler                0x08000277   Thumb Code     0  startup_stm32f407xx.o(.text)
    OTG_HS_IRQHandler                        0x08000277   Thumb Code     0  startup_stm32f407xx.o(.text)
    OTG_HS_WKUP_IRQHandler                   0x08000277   Thumb Code     0  startup_stm32f407xx.o(.text)
    PVD_IRQHandler                           0x08000277   Thumb Code     0  startup_stm32f407xx.o(.text)
    RCC_IRQHandler                           0x08000277   Thumb Code     0  startup_stm32f407xx.o(.text)
    RTC_Alarm_IRQHandler                     0x08000277   Thumb Code     0  startup_stm32f407xx.o(.text)
    RTC_WKUP_IRQHandler                      0x08000277   Thumb Code     0  startup_stm32f407xx.o(.text)
    SDIO_IRQHandler                          0x08000277   Thumb Code     0  startup_stm32f407xx.o(.text)
    SPI1_IRQHandler                          0x08000277   Thumb Code     0  startup_stm32f407xx.o(.text)
    SPI2_IRQHandler                          0x08000277   Thumb Code     0  startup_stm32f407xx.o(.text)
    SPI3_IRQHandler                          0x08000277   Thumb Code     0  startup_stm32f407xx.o(.text)
    TAMP_STAMP_IRQHandler                    0x08000277   Thumb Code     0  startup_stm32f407xx.o(.text)
    TIM1_BRK_TIM9_IRQHandler                 0x08000277   Thumb Code     0  startup_stm32f407xx.o(.text)
    TIM1_CC_IRQHandler                       0x08000277   Thumb Code     0  startup_stm32f407xx.o(.text)
    TIM1_TRG_COM_TIM11_IRQHandler            0x08000277   Thumb Code     0  startup_stm32f407xx.o(.text)
    TIM1_UP_TIM10_IRQHandler                 0x08000277   Thumb Code     0  startup_stm32f407xx.o(.text)
    TIM2_IRQHandler                          0x08000277   Thumb Code     0  startup_stm32f407xx.o(.text)
    TIM4_IRQHandler                          0x08000277   Thumb Code     0  startup_stm32f407xx.o(.text)
    TIM5_IRQHandler                          0x08000277   Thumb Code     0  startup_stm32f407xx.o(.text)
    TIM6_DAC_IRQHandler                      0x08000277   Thumb Code     0  startup_stm32f407xx.o(.text)
    TIM7_IRQHandler                          0x08000277   Thumb Code     0  startup_stm32f407xx.o(.text)
    TIM8_BRK_TIM12_IRQHandler                0x08000277   Thumb Code     0  startup_stm32f407xx.o(.text)
    TIM8_CC_IRQHandler                       0x08000277   Thumb Code     0  startup_stm32f407xx.o(.text)
    TIM8_UP_TIM13_IRQHandler                 0x08000277   Thumb Code     0  startup_stm32f407xx.o(.text)
    UART4_IRQHandler                         0x08000277   Thumb Code     0  startup_stm32f407xx.o(.text)
    UART5_IRQHandler                         0x08000277   Thumb Code     0  startup_stm32f407xx.o(.text)
    USART6_IRQHandler                        0x08000277   Thumb Code     0  startup_stm32f407xx.o(.text)
    WWDG_IRQHandler                          0x08000277   Thumb Code     0  startup_stm32f407xx.o(.text)
    __aeabi_uldivmod                         0x08000281   Thumb Code    98  uldiv.o(.text)
    __aeabi_memcpy                           0x080002e3   Thumb Code    36  memcpya.o(.text)
    __aeabi_memcpy4                          0x080002e3   Thumb Code     0  memcpya.o(.text)
    __aeabi_memcpy8                          0x080002e3   Thumb Code     0  memcpya.o(.text)
    __aeabi_memset                           0x08000307   Thumb Code    14  memseta.o(.text)
    __aeabi_memset4                          0x08000307   Thumb Code     0  memseta.o(.text)
    __aeabi_memset8                          0x08000307   Thumb Code     0  memseta.o(.text)
    __aeabi_memclr                           0x08000315   Thumb Code     4  memseta.o(.text)
    __aeabi_memclr4                          0x08000315   Thumb Code     0  memseta.o(.text)
    __aeabi_memclr8                          0x08000315   Thumb Code     0  memseta.o(.text)
    memset                                   0x08000319   Thumb Code    18  memseta.o(.text)
    __aeabi_llsl                             0x0800032b   Thumb Code    30  llshl.o(.text)
    _ll_shift_l                              0x0800032b   Thumb Code     0  llshl.o(.text)
    __aeabi_llsr                             0x08000349   Thumb Code    32  llushr.o(.text)
    _ll_ushift_r                             0x08000349   Thumb Code     0  llushr.o(.text)
    __scatterload                            0x08000369   Thumb Code    28  init.o(.text)
    __scatterload_rt2                        0x08000369   Thumb Code     0  init.o(.text)
    BusFault_Handler                         0x0800038d   Thumb Code     2  stm32f4xx_it.o(i.BusFault_Handler)
    DMA1_Stream1_IRQHandler                  0x08000391   Thumb Code     6  stm32f4xx_it.o(i.DMA1_Stream1_IRQHandler)
    DMA1_Stream3_IRQHandler                  0x0800039d   Thumb Code     6  stm32f4xx_it.o(i.DMA1_Stream3_IRQHandler)
    DMA1_Stream5_IRQHandler                  0x080003a9   Thumb Code     6  stm32f4xx_it.o(i.DMA1_Stream5_IRQHandler)
    DMA1_Stream6_IRQHandler                  0x080003b5   Thumb Code     6  stm32f4xx_it.o(i.DMA1_Stream6_IRQHandler)
    DMA2_Stream2_IRQHandler                  0x080003c1   Thumb Code     6  stm32f4xx_it.o(i.DMA2_Stream2_IRQHandler)
    DMA2_Stream7_IRQHandler                  0x080003cd   Thumb Code     6  stm32f4xx_it.o(i.DMA2_Stream7_IRQHandler)
    DebugMon_Handler                         0x0800047d   Thumb Code     2  stm32f4xx_it.o(i.DebugMon_Handler)
    EXTI0_IRQHandler                         0x080005a5   Thumb Code     6  stm32f4xx_it.o(i.EXTI0_IRQHandler)
    EXTI15_10_IRQHandler                     0x080005ab   Thumb Code    38  stm32f4xx_it.o(i.EXTI15_10_IRQHandler)
    EXTI1_IRQHandler                         0x080005d1   Thumb Code     6  stm32f4xx_it.o(i.EXTI1_IRQHandler)
    EXTI2_IRQHandler                         0x080005d9   Thumb Code    62  stm32f4xx_it.o(i.EXTI2_IRQHandler)
    EXTI3_IRQHandler                         0x0800061d   Thumb Code    62  stm32f4xx_it.o(i.EXTI3_IRQHandler)
    EXTI4_IRQHandler                         0x08000661   Thumb Code    62  stm32f4xx_it.o(i.EXTI4_IRQHandler)
    EXTI9_5_IRQHandler                       0x080006a5   Thumb Code   258  stm32f4xx_it.o(i.EXTI9_5_IRQHandler)
    Error_Handler                            0x080007ad   Thumb Code     2  main.o(i.Error_Handler)
    HAL_DMA_Abort_IT                         0x080007af   Thumb Code    36  stm32f4xx_hal_dma.o(i.HAL_DMA_Abort_IT)
    HAL_DMA_IRQHandler                       0x080007d5   Thumb Code   412  stm32f4xx_hal_dma.o(i.HAL_DMA_IRQHandler)
    HAL_DMA_Init                             0x08000975   Thumb Code   206  stm32f4xx_hal_dma.o(i.HAL_DMA_Init)
    HAL_DMA_Start_IT                         0x08000a49   Thumb Code   110  stm32f4xx_hal_dma.o(i.HAL_DMA_Start_IT)
    HAL_Delay                                0x08000ab9   Thumb Code    32  stm32f4xx_hal.o(i.HAL_Delay)
    HAL_ETH_Init                             0x08000add   Thumb Code   450  stm32f4xx_hal_eth.o(i.HAL_ETH_Init)
    HAL_ETH_MspInit                          0x08000cc9   Thumb Code   194  stm32f4xx_hal_msp.o(i.HAL_ETH_MspInit)
    HAL_ETH_ReadPHYRegister                  0x08000da1   Thumb Code   132  stm32f4xx_hal_eth.o(i.HAL_ETH_ReadPHYRegister)
    HAL_ETH_WritePHYRegister                 0x08000e25   Thumb Code   120  stm32f4xx_hal_eth.o(i.HAL_ETH_WritePHYRegister)
    HAL_GPIO_EXTI_Callback                   0x08000e9d   Thumb Code   210  main.o(i.HAL_GPIO_EXTI_Callback)
    HAL_GPIO_EXTI_IRQHandler                 0x08000f85   Thumb Code    18  stm32f4xx_hal_gpio.o(i.HAL_GPIO_EXTI_IRQHandler)
    HAL_GPIO_Init                            0x08000f9d   Thumb Code   394  stm32f4xx_hal_gpio.o(i.HAL_GPIO_Init)
    HAL_GPIO_ReadPin                         0x08001155   Thumb Code    10  stm32f4xx_hal_gpio.o(i.HAL_GPIO_ReadPin)
    HAL_GPIO_TogglePin                       0x0800115f   Thumb Code    14  stm32f4xx_hal_gpio.o(i.HAL_GPIO_TogglePin)
    HAL_GPIO_WritePin                        0x0800116d   Thumb Code    10  stm32f4xx_hal_gpio.o(i.HAL_GPIO_WritePin)
    HAL_GetTick                              0x08001179   Thumb Code     6  stm32f4xx_hal.o(i.HAL_GetTick)
    HAL_IncTick                              0x08001185   Thumb Code    12  stm32f4xx_hal.o(i.HAL_IncTick)
    HAL_Init                                 0x08001195   Thumb Code    48  stm32f4xx_hal.o(i.HAL_Init)
    HAL_InitTick                             0x080011c9   Thumb Code   100  stm32f4xx_hal_timebase_tim.o(i.HAL_InitTick)
    HAL_MspInit                              0x0800123d   Thumb Code    42  stm32f4xx_hal_msp.o(i.HAL_MspInit)
    HAL_NVIC_EnableIRQ                       0x0800126d   Thumb Code    26  stm32f4xx_hal_cortex.o(i.HAL_NVIC_EnableIRQ)
    HAL_NVIC_SetPriority                     0x08001289   Thumb Code    60  stm32f4xx_hal_cortex.o(i.HAL_NVIC_SetPriority)
    HAL_NVIC_SetPriorityGrouping             0x080012c9   Thumb Code    26  stm32f4xx_hal_cortex.o(i.HAL_NVIC_SetPriorityGrouping)
    HAL_RCC_ClockConfig                      0x080012ed   Thumb Code   288  stm32f4xx_hal_rcc.o(i.HAL_RCC_ClockConfig)
    HAL_RCC_GetClockConfig                   0x08001421   Thumb Code    54  stm32f4xx_hal_rcc.o(i.HAL_RCC_GetClockConfig)
    HAL_RCC_GetHCLKFreq                      0x08001461   Thumb Code     6  stm32f4xx_hal_rcc.o(i.HAL_RCC_GetHCLKFreq)
    HAL_RCC_GetPCLK1Freq                     0x0800146d   Thumb Code    20  stm32f4xx_hal_rcc.o(i.HAL_RCC_GetPCLK1Freq)
    HAL_RCC_GetPCLK2Freq                     0x0800148d   Thumb Code    20  stm32f4xx_hal_rcc.o(i.HAL_RCC_GetPCLK2Freq)
    HAL_RCC_GetSysClockFreq                  0x080014ad   Thumb Code    88  stm32f4xx_hal_rcc.o(i.HAL_RCC_GetSysClockFreq)
    HAL_RCC_OscConfig                        0x0800150d   Thumb Code   840  stm32f4xx_hal_rcc.o(i.HAL_RCC_OscConfig)
    HAL_TIMEx_BreakCallback                  0x08001869   Thumb Code     2  stm32f4xx_hal_tim_ex.o(i.HAL_TIMEx_BreakCallback)
    HAL_TIMEx_CommutCallback                 0x0800186b   Thumb Code     2  stm32f4xx_hal_tim_ex.o(i.HAL_TIMEx_CommutCallback)
    HAL_TIMEx_MasterConfigSynchronization    0x0800186d   Thumb Code   116  stm32f4xx_hal_tim_ex.o(i.HAL_TIMEx_MasterConfigSynchronization)
    HAL_TIM_Base_Init                        0x080018fd   Thumb Code    54  stm32f4xx_hal_tim.o(i.HAL_TIM_Base_Init)
    HAL_TIM_Base_MspInit                     0x08001935   Thumb Code    50  stm32f4xx_hal_msp.o(i.HAL_TIM_Base_MspInit)
    HAL_TIM_Base_Start_IT                    0x08001971   Thumb Code    34  stm32f4xx_hal_tim.o(i.HAL_TIM_Base_Start_IT)
    HAL_TIM_ConfigClockSource                0x08001993   Thumb Code   214  stm32f4xx_hal_tim.o(i.HAL_TIM_ConfigClockSource)
    HAL_TIM_IC_CaptureCallback               0x08001a69   Thumb Code   146  main.o(i.HAL_TIM_IC_CaptureCallback)
    HAL_TIM_IRQHandler                       0x08001b09   Thumb Code   358  stm32f4xx_hal_tim.o(i.HAL_TIM_IRQHandler)
    HAL_TIM_MspPostInit                      0x08001c71   Thumb Code    68  stm32f4xx_hal_msp.o(i.HAL_TIM_MspPostInit)
    HAL_TIM_OC_DelayElapsedCallback          0x08001cc1   Thumb Code     2  stm32f4xx_hal_tim.o(i.HAL_TIM_OC_DelayElapsedCallback)
    HAL_TIM_OC_Stop_IT                       0x08001cc5   Thumb Code   128  stm32f4xx_hal_tim.o(i.HAL_TIM_OC_Stop_IT)
    HAL_TIM_PWM_ConfigChannel                0x08001d4d   Thumb Code   208  stm32f4xx_hal_tim.o(i.HAL_TIM_PWM_ConfigChannel)
    HAL_TIM_PWM_Init                         0x08001e1d   Thumb Code    54  stm32f4xx_hal_tim.o(i.HAL_TIM_PWM_Init)
    HAL_TIM_PWM_MspInit                      0x08001e53   Thumb Code     2  stm32f4xx_hal_tim.o(i.HAL_TIM_PWM_MspInit)
    HAL_TIM_PWM_PulseFinishedCallback        0x08001e55   Thumb Code     2  stm32f4xx_hal_tim.o(i.HAL_TIM_PWM_PulseFinishedCallback)
    HAL_TIM_PWM_Stop                         0x08001e59   Thumb Code    84  stm32f4xx_hal_tim.o(i.HAL_TIM_PWM_Stop)
    HAL_TIM_PeriodElapsedCallback            0x08001eb5   Thumb Code    14  main.o(i.HAL_TIM_PeriodElapsedCallback)
    HAL_TIM_TriggerCallback                  0x08001ec9   Thumb Code     2  stm32f4xx_hal_tim.o(i.HAL_TIM_TriggerCallback)
    HAL_UART_ErrorCallback                   0x08001ecb   Thumb Code     2  stm32f4xx_hal_uart.o(i.HAL_UART_ErrorCallback)
    HAL_UART_IRQHandler                      0x08001ecd   Thumb Code   270  stm32f4xx_hal_uart.o(i.HAL_UART_IRQHandler)
    HAL_UART_Init                            0x08001fe1   Thumb Code    98  stm32f4xx_hal_uart.o(i.HAL_UART_Init)
    HAL_UART_MspInit                         0x08002045   Thumb Code   658  stm32f4xx_hal_msp.o(i.HAL_UART_MspInit)
    HAL_UART_Receive_IT                      0x08002311   Thumb Code    82  stm32f4xx_hal_uart.o(i.HAL_UART_Receive_IT)
    HAL_UART_RxCpltCallback                  0x08002365   Thumb Code    98  main.o(i.HAL_UART_RxCpltCallback)
    HAL_UART_Transmit_DMA                    0x080023d5   Thumb Code   114  stm32f4xx_hal_uart.o(i.HAL_UART_Transmit_DMA)
    HAL_UART_TxCpltCallback                  0x08002455   Thumb Code     2  stm32f4xx_hal_uart.o(i.HAL_UART_TxCpltCallback)
    HAL_UART_TxHalfCpltCallback              0x08002457   Thumb Code     2  stm32f4xx_hal_uart.o(i.HAL_UART_TxHalfCpltCallback)
    HardFault_Handler                        0x08002459   Thumb Code     2  stm32f4xx_it.o(i.HardFault_Handler)
    MemManage_Handler                        0x080027a1   Thumb Code     2  stm32f4xx_it.o(i.MemManage_Handler)
    NMI_Handler                              0x080027a3   Thumb Code     2  stm32f4xx_it.o(i.NMI_Handler)
    StartBlink                               0x080027a5   Thumb Code    22  main.o(i.StartBlink)
    StartDefaultTask                         0x080027c1   Thumb Code     8  main.o(i.StartDefaultTask)
    StartKeepState                           0x080027c9   Thumb Code   136  main.o(i.StartKeepState)
    SysTick_Handler                          0x0800285d   Thumb Code    38  port.o(i.SysTick_Handler)
    SystemClock_Config                       0x08002889   Thumb Code   126  main.o(i.SystemClock_Config)
    SystemCoreClockUpdate                    0x08002911   Thumb Code   104  system_stm32f4xx.o(i.SystemCoreClockUpdate)
    SystemInit                               0x08002989   Thumb Code    22  system_stm32f4xx.o(i.SystemInit)
    TIM3_IRQHandler                          0x080029a5   Thumb Code     6  stm32f4xx_it.o(i.TIM3_IRQHandler)
    TIM8_TRG_COM_TIM14_IRQHandler            0x080029b1   Thumb Code     6  stm32f4xx_it.o(i.TIM8_TRG_COM_TIM14_IRQHandler)
    TIM_Base_SetConfig                       0x080029bd   Thumb Code   156  stm32f4xx_hal_tim.o(i.TIM_Base_SetConfig)
    TIM_CCxChannelCmd                        0x08002a85   Thumb Code    26  stm32f4xx_hal_tim.o(i.TIM_CCxChannelCmd)
    TIM_ETR_SetConfig                        0x08002a9f   Thumb Code    20  stm32f4xx_hal_tim.o(i.TIM_ETR_SetConfig)
    TIM_OC2_SetConfig                        0x08002b25   Thumb Code    98  stm32f4xx_hal_tim.o(i.TIM_OC2_SetConfig)
    USART1_IRQHandler                        0x08002f71   Thumb Code     6  stm32f4xx_it.o(i.USART1_IRQHandler)
    USART2_IRQHandler                        0x08002f7d   Thumb Code     6  stm32f4xx_it.o(i.USART2_IRQHandler)
    USART3_IRQHandler                        0x08002f89   Thumb Code     6  stm32f4xx_it.o(i.USART3_IRQHandler)
    UsageFault_Handler                       0x08002f95   Thumb Code     2  stm32f4xx_it.o(i.UsageFault_Handler)
    __scatterload_copy                       0x08002fb7   Thumb Code    14  handlers.o(i.__scatterload_copy)
    __scatterload_null                       0x08002fc5   Thumb Code     2  handlers.o(i.__scatterload_null)
    __scatterload_zeroinit                   0x08002fc7   Thumb Code    14  handlers.o(i.__scatterload_zeroinit)
    eTaskGetState                            0x08002fd5   Thumb Code   106  tasks.o(i.eTaskGetState)
    field_task                               0x08003049   Thumb Code   568  main.o(i.field_task)
    main                                     0x08003289   Thumb Code   208  main.o(i.main)
    osDelay                                  0x0800337d   Thumb Code    46  cmsis_os2.o(i.osDelay)
    osKernelInitialize                       0x080033b1   Thumb Code    48  cmsis_os2.o(i.osKernelInitialize)
    osKernelStart                            0x080033e5   Thumb Code    56  cmsis_os2.o(i.osKernelStart)
    osThreadNew                              0x08003421   Thumb Code   158  cmsis_os2.o(i.osThreadNew)
    osThreadTerminate                        0x080034c5   Thumb Code    72  cmsis_os2.o(i.osThreadTerminate)
    process_command                          0x08003511   Thumb Code  1426  main.o(i.process_command)
    pvPortMalloc                             0x08004245   Thumb Code   210  heap_4.o(i.pvPortMalloc)
    pvTaskIncrementMutexHeldCount            0x0800431d   Thumb Code    18  tasks.o(i.pvTaskIncrementMutexHeldCount)
    pxPortInitialiseStack                    0x08004335   Thumb Code    40  port.o(i.pxPortInitialiseStack)
    uxListRemove                             0x08004361   Thumb Code    38  list.o(i.uxListRemove)
    vApplicationGetIdleTaskMemory            0x08004389   Thumb Code    16  cmsis_os2.o(i.vApplicationGetIdleTaskMemory)
    vApplicationGetTimerTaskMemory           0x0800439d   Thumb Code    18  cmsis_os2.o(i.vApplicationGetTimerTaskMemory)
    vListInitialise                          0x080043b5   Thumb Code    22  list.o(i.vListInitialise)
    vListInitialiseItem                      0x080043cb   Thumb Code     6  list.o(i.vListInitialiseItem)
    vListInsert                              0x080043d1   Thumb Code    48  list.o(i.vListInsert)
    vListInsertEnd                           0x08004401   Thumb Code    24  list.o(i.vListInsertEnd)
    vPortEnterCritical                       0x08004419   Thumb Code    54  port.o(i.vPortEnterCritical)
    vPortExitCritical                        0x08004459   Thumb Code    34  port.o(i.vPortExitCritical)
    vPortFree                                0x08004481   Thumb Code    88  heap_4.o(i.vPortFree)
    vPortSetupTimerInterrupt                 0x080044dd   Thumb Code    32  port.o(i.vPortSetupTimerInterrupt)
    vPortValidateInterruptPriority           0x08004501   Thumb Code    74  port.o(i.vPortValidateInterruptPriority)
    vQueueAddToRegistry                      0x08004555   Thumb Code    34  queue.o(i.vQueueAddToRegistry)
    vQueueWaitForMessageRestricted           0x0800457d   Thumb Code    68  queue.o(i.vQueueWaitForMessageRestricted)
    vTaskDelay                               0x080045c1   Thumb Code    66  tasks.o(i.vTaskDelay)
    vTaskDelete                              0x0800460d   Thumb Code   130  tasks.o(i.vTaskDelete)
    vTaskInternalSetTimeOutState             0x0800469d   Thumb Code    12  tasks.o(i.vTaskInternalSetTimeOutState)
    vTaskMissedYield                         0x080046ad   Thumb Code     8  tasks.o(i.vTaskMissedYield)
    vTaskPlaceOnEventList                    0x080046b9   Thumb Code    44  tasks.o(i.vTaskPlaceOnEventList)
    vTaskPlaceOnEventListRestricted          0x080046e9   Thumb Code    52  tasks.o(i.vTaskPlaceOnEventListRestricted)
    vTaskPriorityDisinheritAfterTimeout      0x08004721   Thumb Code   134  tasks.o(i.vTaskPriorityDisinheritAfterTimeout)
    vTaskStartScheduler                      0x080047b1   Thumb Code   118  tasks.o(i.vTaskStartScheduler)
    vTaskSuspendAll                          0x08004839   Thumb Code    10  tasks.o(i.vTaskSuspendAll)
    vTaskSwitchContext                       0x08004849   Thumb Code    90  tasks.o(i.vTaskSwitchContext)
    xPortStartScheduler                      0x080048ad   Thumb Code   222  port.o(i.xPortStartScheduler)
    xQueueGenericCreate                      0x080049a1   Thumb Code    72  queue.o(i.xQueueGenericCreate)
    xQueueGenericCreateStatic                0x080049e9   Thumb Code   102  queue.o(i.xQueueGenericCreateStatic)
    xQueueGenericReset                       0x08004a51   Thumb Code   132  queue.o(i.xQueueGenericReset)
    xQueueGenericSend                        0x08004ad9   Thumb Code   346  queue.o(i.xQueueGenericSend)
    xQueueGenericSendFromISR                 0x08004c39   Thumb Code   188  queue.o(i.xQueueGenericSendFromISR)
    xQueueGiveFromISR                        0x08004cf5   Thumb Code   156  queue.o(i.xQueueGiveFromISR)
    xQueueReceive                            0x08004d91   Thumb Code   308  queue.o(i.xQueueReceive)
    xQueueSemaphoreTake                      0x08004ec9   Thumb Code   372  queue.o(i.xQueueSemaphoreTake)
    xTaskCheckForTimeOut                     0x08005041   Thumb Code   112  tasks.o(i.xTaskCheckForTimeOut)
    xTaskCreate                              0x080050b5   Thumb Code    90  tasks.o(i.xTaskCreate)
    xTaskCreateStatic                        0x0800510f   Thumb Code    86  tasks.o(i.xTaskCreateStatic)
    xTaskGetSchedulerState                   0x08005165   Thumb Code    22  tasks.o(i.xTaskGetSchedulerState)
    xTaskGetTickCount                        0x08005181   Thumb Code     6  tasks.o(i.xTaskGetTickCount)
    xTaskIncrementTick                       0x0800518d   Thumb Code   190  tasks.o(i.xTaskIncrementTick)
    xTaskPriorityDisinherit                  0x08005255   Thumb Code   118  tasks.o(i.xTaskPriorityDisinherit)
    xTaskPriorityInherit                     0x080052d5   Thumb Code   112  tasks.o(i.xTaskPriorityInherit)
    xTaskRemoveFromEventList                 0x0800534d   Thumb Code    98  tasks.o(i.xTaskRemoveFromEventList)
    xTaskResumeAll                           0x080053bd   Thumb Code   182  tasks.o(i.xTaskResumeAll)
    xTimerCreateTimerTask                    0x08005481   Thumb Code    78  timers.o(i.xTimerCreateTimerTask)
    xTimerGenericCommand                     0x080054e1   Thumb Code    98  timers.o(i.xTimerGenericCommand)
    defaultTask_attributes                   0x08005548   Data          36  main.o(.constdata)
    Blink_attributes                         0x0800556c   Data          36  main.o(.constdata)
    KeepState_attributes                     0x08005590   Data          36  main.o(.constdata)
    field_attributes                         0x080055b4   Data          36  main.o(.constdata)
    AHBPrescTable                            0x080055e0   Data          16  system_stm32f4xx.o(.constdata)
    APBPrescTable                            0x080055f0   Data           8  system_stm32f4xx.o(.constdata)
    Region$$Table$$Base                      0x08005624   Number         0  anon$$obj.o(Region$$Table)
    Region$$Table$$Limit                     0x08005644   Number         0  anon$$obj.o(Region$$Table)
    previous_command                         0x20000000   Data           1  main.o(.data)
    current_command                          0x20000001   Data           1  main.o(.data)
    ch                                       0x20000002   Data           1  main.o(.data)
    uart_recv_cnt                            0x20000004   Data           4  main.o(.data)
    uart_A1_xSemaphore                       0x20000008   Data           4  main.o(.data)
    exti_xSemaphore                          0x2000000c   Data           4  main.o(.data)
    pwm_count                                0x20000010   Data           4  main.o(.data)
    field_xHandle                            0x20000014   Data           4  main.o(.data)
    defaultTaskHandle                        0x20000018   Data           4  main.o(.data)
    BlinkHandle                              0x2000001c   Data           4  main.o(.data)
    KeepStateHandle                          0x20000020   Data           4  main.o(.data)
    time_origin                              0x20000024   Data           4  main.o(.data)
    FieldHandle                              0x20000028   Data           4  main.o(.data)
    uwTickFreq                               0x2000002c   Data           1  stm32f4xx_hal.o(.data)
    uwTickPrio                               0x20000030   Data           4  stm32f4xx_hal.o(.data)
    uwTick                                   0x20000034   Data           4  stm32f4xx_hal.o(.data)
    SystemCoreClock                          0x20000038   Data           4  system_stm32f4xx.o(.data)
    pxCurrentTCB                             0x2000003c   Data           4  tasks.o(.data)
    heth                                     0x200000b4   Data          72  main.o(.bss)
    htim3                                    0x200000fc   Data          64  main.o(.bss)
    huart1                                   0x2000013c   Data          64  main.o(.bss)
    huart2                                   0x2000017c   Data          64  main.o(.bss)
    huart3                                   0x200001bc   Data          64  main.o(.bss)
    UART_send_buffer                         0x200001fc   Data          16  main.o(.bss)
    UART_recv_buffer                         0x2000020c   Data          16  main.o(.bss)
    UART_field_buffer                        0x2000021c   Data          16  main.o(.bss)
    hdma_usart1_rx                           0x2000022c   Data          96  main.o(.bss)
    hdma_usart1_tx                           0x2000028c   Data          96  main.o(.bss)
    hdma_usart2_rx                           0x200002ec   Data          96  main.o(.bss)
    hdma_usart2_tx                           0x2000034c   Data          96  main.o(.bss)
    hdma_usart3_rx                           0x200003ac   Data          96  main.o(.bss)
    hdma_usart3_tx                           0x2000040c   Data          96  main.o(.bss)
    htim14                                   0x2000046c   Data          64  stm32f4xx_hal_timebase_tim.o(.bss)
    xQueueRegistry                           0x200004ac   Data          64  queue.o(.bss)
    __initial_sp                             0x20005180   Data           0  startup_stm32f407xx.o(STACK)



==============================================================================

Memory Map of the image

  Image Entry point : 0x08000189

  Load Region LR_IROM1 (Base: 0x08000000, Size: 0x000056f8, Max: 0x00100000, ABSOLUTE)

    Execution Region ER_IROM1 (Exec base: 0x08000000, Load base: 0x08000000, Size: 0x00005644, Max: 0x00100000, ABSOLUTE)

    Exec Addr    Load Addr    Size         Type   Attr      Idx    E Section Name        Object

    0x08000000   0x08000000   0x00000188   Data   RO            3    RESET               startup_stm32f407xx.o
    0x08000188   0x08000188   0x00000000   Code   RO         4789  * .ARM.Collect$$$$00000000  mc_w.l(entry.o)
    0x08000188   0x08000188   0x00000004   Code   RO         4802    .ARM.Collect$$$$00000001  mc_w.l(entry2.o)
    0x0800018c   0x0800018c   0x00000004   Code   RO         4805    .ARM.Collect$$$$00000004  mc_w.l(entry5.o)
    0x08000190   0x08000190   0x00000000   Code   RO         4807    .ARM.Collect$$$$00000008  mc_w.l(entry7b.o)
    0x08000190   0x08000190   0x00000000   Code   RO         4809    .ARM.Collect$$$$0000000A  mc_w.l(entry8b.o)
    0x08000190   0x08000190   0x00000008   Code   RO         4810    .ARM.Collect$$$$0000000B  mc_w.l(entry9a.o)
    0x08000198   0x08000198   0x00000000   Code   RO         4812    .ARM.Collect$$$$0000000D  mc_w.l(entry10a.o)
    0x08000198   0x08000198   0x00000000   Code   RO         4814    .ARM.Collect$$$$0000000F  mc_w.l(entry11a.o)
    0x08000198   0x08000198   0x00000004   Code   RO         4803    .ARM.Collect$$$$00002712  mc_w.l(entry2.o)
    0x0800019c   0x0800019c   0x000000be   Code   RO         4712    .emb_text           port.o
    0x0800025a   0x0800025a   0x00000002   PAD
    0x0800025c   0x0800025c   0x00000024   Code   RO            4    .text               startup_stm32f407xx.o
    0x08000280   0x08000280   0x00000062   Code   RO         4792    .text               mc_w.l(uldiv.o)
    0x080002e2   0x080002e2   0x00000024   Code   RO         4794    .text               mc_w.l(memcpya.o)
    0x08000306   0x08000306   0x00000024   Code   RO         4798    .text               mc_w.l(memseta.o)
    0x0800032a   0x0800032a   0x0000001e   Code   RO         4816    .text               mc_w.l(llshl.o)
    0x08000348   0x08000348   0x00000020   Code   RO         4818    .text               mc_w.l(llushr.o)
    0x08000368   0x08000368   0x00000024   Code   RO         4820    .text               mc_w.l(init.o)
    0x0800038c   0x0800038c   0x00000002   Code   RO          300    i.BusFault_Handler  stm32f4xx_it.o
    0x0800038e   0x0800038e   0x00000002   PAD
    0x08000390   0x08000390   0x0000000c   Code   RO          301    i.DMA1_Stream1_IRQHandler  stm32f4xx_it.o
    0x0800039c   0x0800039c   0x0000000c   Code   RO          302    i.DMA1_Stream3_IRQHandler  stm32f4xx_it.o
    0x080003a8   0x080003a8   0x0000000c   Code   RO          303    i.DMA1_Stream5_IRQHandler  stm32f4xx_it.o
    0x080003b4   0x080003b4   0x0000000c   Code   RO          304    i.DMA1_Stream6_IRQHandler  stm32f4xx_it.o
    0x080003c0   0x080003c0   0x0000000c   Code   RO          305    i.DMA2_Stream2_IRQHandler  stm32f4xx_it.o
    0x080003cc   0x080003cc   0x0000000c   Code   RO          306    i.DMA2_Stream7_IRQHandler  stm32f4xx_it.o
    0x080003d8   0x080003d8   0x00000028   Code   RO         1184    i.DMA_CalcBaseAndBitshift  stm32f4xx_hal_dma.o
    0x08000400   0x08000400   0x00000054   Code   RO         1185    i.DMA_CheckFifoParam  stm32f4xx_hal_dma.o
    0x08000454   0x08000454   0x00000028   Code   RO         1186    i.DMA_SetConfig     stm32f4xx_hal_dma.o
    0x0800047c   0x0800047c   0x00000002   Code   RO          307    i.DebugMon_Handler  stm32f4xx_it.o
    0x0800047e   0x0800047e   0x00000002   PAD
    0x08000480   0x08000480   0x00000124   Code   RO          574    i.ETH_MACDMAConfig  stm32f4xx_hal_eth.o
    0x080005a4   0x080005a4   0x00000006   Code   RO          308    i.EXTI0_IRQHandler  stm32f4xx_it.o
    0x080005aa   0x080005aa   0x00000026   Code   RO          309    i.EXTI15_10_IRQHandler  stm32f4xx_it.o
    0x080005d0   0x080005d0   0x00000006   Code   RO          310    i.EXTI1_IRQHandler  stm32f4xx_it.o
    0x080005d6   0x080005d6   0x00000002   PAD
    0x080005d8   0x080005d8   0x00000044   Code   RO          311    i.EXTI2_IRQHandler  stm32f4xx_it.o
    0x0800061c   0x0800061c   0x00000044   Code   RO          312    i.EXTI3_IRQHandler  stm32f4xx_it.o
    0x08000660   0x08000660   0x00000044   Code   RO          313    i.EXTI4_IRQHandler  stm32f4xx_it.o
    0x080006a4   0x080006a4   0x00000108   Code   RO          314    i.EXTI9_5_IRQHandler  stm32f4xx_it.o
    0x080007ac   0x080007ac   0x00000002   Code   RO           13    i.Error_Handler     main.o
    0x080007ae   0x080007ae   0x00000024   Code   RO         1188    i.HAL_DMA_Abort_IT  stm32f4xx_hal_dma.o
    0x080007d2   0x080007d2   0x00000002   PAD
    0x080007d4   0x080007d4   0x000001a0   Code   RO         1192    i.HAL_DMA_IRQHandler  stm32f4xx_hal_dma.o
    0x08000974   0x08000974   0x000000d4   Code   RO         1193    i.HAL_DMA_Init      stm32f4xx_hal_dma.o
    0x08000a48   0x08000a48   0x0000006e   Code   RO         1197    i.HAL_DMA_Start_IT  stm32f4xx_hal_dma.o
    0x08000ab6   0x08000ab6   0x00000002   PAD
    0x08000ab8   0x08000ab8   0x00000024   Code   RO         1606    i.HAL_Delay         stm32f4xx_hal.o
    0x08000adc   0x08000adc   0x000001ec   Code   RO          585    i.HAL_ETH_Init      stm32f4xx_hal_eth.o
    0x08000cc8   0x08000cc8   0x000000d8   Code   RO          467    i.HAL_ETH_MspInit   stm32f4xx_hal_msp.o
    0x08000da0   0x08000da0   0x00000084   Code   RO          588    i.HAL_ETH_ReadPHYRegister  stm32f4xx_hal_eth.o
    0x08000e24   0x08000e24   0x00000078   Code   RO          594    i.HAL_ETH_WritePHYRegister  stm32f4xx_hal_eth.o
    0x08000e9c   0x08000e9c   0x000000e8   Code   RO           14    i.HAL_GPIO_EXTI_Callback  main.o
    0x08000f84   0x08000f84   0x00000018   Code   RO         1079    i.HAL_GPIO_EXTI_IRQHandler  stm32f4xx_hal_gpio.o
    0x08000f9c   0x08000f9c   0x000001b8   Code   RO         1080    i.HAL_GPIO_Init     stm32f4xx_hal_gpio.o
    0x08001154   0x08001154   0x0000000a   Code   RO         1082    i.HAL_GPIO_ReadPin  stm32f4xx_hal_gpio.o
    0x0800115e   0x0800115e   0x0000000e   Code   RO         1083    i.HAL_GPIO_TogglePin  stm32f4xx_hal_gpio.o
    0x0800116c   0x0800116c   0x0000000a   Code   RO         1084    i.HAL_GPIO_WritePin  stm32f4xx_hal_gpio.o
    0x08001176   0x08001176   0x00000002   PAD
    0x08001178   0x08001178   0x0000000c   Code   RO         1612    i.HAL_GetTick       stm32f4xx_hal.o
    0x08001184   0x08001184   0x00000010   Code   RO         1618    i.HAL_IncTick       stm32f4xx_hal.o
    0x08001194   0x08001194   0x00000034   Code   RO         1619    i.HAL_Init          stm32f4xx_hal.o
    0x080011c8   0x080011c8   0x00000074   Code   RO          533    i.HAL_InitTick      stm32f4xx_hal_timebase_tim.o
    0x0800123c   0x0800123c   0x00000030   Code   RO          468    i.HAL_MspInit       stm32f4xx_hal_msp.o
    0x0800126c   0x0800126c   0x0000001a   Code   RO         1469    i.HAL_NVIC_EnableIRQ  stm32f4xx_hal_cortex.o
    0x08001286   0x08001286   0x00000002   PAD
    0x08001288   0x08001288   0x00000040   Code   RO         1475    i.HAL_NVIC_SetPriority  stm32f4xx_hal_cortex.o
    0x080012c8   0x080012c8   0x00000024   Code   RO         1476    i.HAL_NVIC_SetPriorityGrouping  stm32f4xx_hal_cortex.o
    0x080012ec   0x080012ec   0x00000134   Code   RO          726    i.HAL_RCC_ClockConfig  stm32f4xx_hal_rcc.o
    0x08001420   0x08001420   0x00000040   Code   RO          730    i.HAL_RCC_GetClockConfig  stm32f4xx_hal_rcc.o
    0x08001460   0x08001460   0x0000000c   Code   RO          731    i.HAL_RCC_GetHCLKFreq  stm32f4xx_hal_rcc.o
    0x0800146c   0x0800146c   0x00000020   Code   RO          733    i.HAL_RCC_GetPCLK1Freq  stm32f4xx_hal_rcc.o
    0x0800148c   0x0800148c   0x00000020   Code   RO          734    i.HAL_RCC_GetPCLK2Freq  stm32f4xx_hal_rcc.o
    0x080014ac   0x080014ac   0x00000060   Code   RO          735    i.HAL_RCC_GetSysClockFreq  stm32f4xx_hal_rcc.o
    0x0800150c   0x0800150c   0x0000035c   Code   RO          738    i.HAL_RCC_OscConfig  stm32f4xx_hal_rcc.o
    0x08001868   0x08001868   0x00000002   Code   RO         2534    i.HAL_TIMEx_BreakCallback  stm32f4xx_hal_tim_ex.o
    0x0800186a   0x0800186a   0x00000002   Code   RO         2535    i.HAL_TIMEx_CommutCallback  stm32f4xx_hal_tim_ex.o
    0x0800186c   0x0800186c   0x00000090   Code   RO         2552    i.HAL_TIMEx_MasterConfigSynchronization  stm32f4xx_hal_tim_ex.o
    0x080018fc   0x080018fc   0x00000036   Code   RO         1859    i.HAL_TIM_Base_Init  stm32f4xx_hal_tim.o
    0x08001932   0x08001932   0x00000002   PAD
    0x08001934   0x08001934   0x0000003c   Code   RO          470    i.HAL_TIM_Base_MspInit  stm32f4xx_hal_msp.o
    0x08001970   0x08001970   0x00000022   Code   RO         1864    i.HAL_TIM_Base_Start_IT  stm32f4xx_hal_tim.o
    0x08001992   0x08001992   0x000000d6   Code   RO         1868    i.HAL_TIM_ConfigClockSource  stm32f4xx_hal_tim.o
    0x08001a68   0x08001a68   0x000000a0   Code   RO           15    i.HAL_TIM_IC_CaptureCallback  main.o
    0x08001b08   0x08001b08   0x00000166   Code   RO         1902    i.HAL_TIM_IRQHandler  stm32f4xx_hal_tim.o
    0x08001c6e   0x08001c6e   0x00000002   PAD
    0x08001c70   0x08001c70   0x00000050   Code   RO          471    i.HAL_TIM_MspPostInit  stm32f4xx_hal_msp.o
    0x08001cc0   0x08001cc0   0x00000002   Code   RO         1905    i.HAL_TIM_OC_DelayElapsedCallback  stm32f4xx_hal_tim.o
    0x08001cc2   0x08001cc2   0x00000002   PAD
    0x08001cc4   0x08001cc4   0x00000088   Code   RO         1915    i.HAL_TIM_OC_Stop_IT  stm32f4xx_hal_tim.o
    0x08001d4c   0x08001d4c   0x000000d0   Code   RO         1926    i.HAL_TIM_PWM_ConfigChannel  stm32f4xx_hal_tim.o
    0x08001e1c   0x08001e1c   0x00000036   Code   RO         1929    i.HAL_TIM_PWM_Init  stm32f4xx_hal_tim.o
    0x08001e52   0x08001e52   0x00000002   Code   RO         1931    i.HAL_TIM_PWM_MspInit  stm32f4xx_hal_tim.o
    0x08001e54   0x08001e54   0x00000002   Code   RO         1932    i.HAL_TIM_PWM_PulseFinishedCallback  stm32f4xx_hal_tim.o
    0x08001e56   0x08001e56   0x00000002   PAD
    0x08001e58   0x08001e58   0x0000005c   Code   RO         1937    i.HAL_TIM_PWM_Stop  stm32f4xx_hal_tim.o
    0x08001eb4   0x08001eb4   0x00000014   Code   RO           16    i.HAL_TIM_PeriodElapsedCallback  main.o
    0x08001ec8   0x08001ec8   0x00000002   Code   RO         1945    i.HAL_TIM_TriggerCallback  stm32f4xx_hal_tim.o
    0x08001eca   0x08001eca   0x00000002   Code   RO         2806    i.HAL_UART_ErrorCallback  stm32f4xx_hal_uart.o
    0x08001ecc   0x08001ecc   0x00000114   Code   RO         2809    i.HAL_UART_IRQHandler  stm32f4xx_hal_uart.o
    0x08001fe0   0x08001fe0   0x00000062   Code   RO         2810    i.HAL_UART_Init     stm32f4xx_hal_uart.o
    0x08002042   0x08002042   0x00000002   PAD
    0x08002044   0x08002044   0x000002cc   Code   RO          473    i.HAL_UART_MspInit  stm32f4xx_hal_msp.o
    0x08002310   0x08002310   0x00000052   Code   RO         2815    i.HAL_UART_Receive_IT  stm32f4xx_hal_uart.o
    0x08002362   0x08002362   0x00000002   PAD
    0x08002364   0x08002364   0x00000070   Code   RO           17    i.HAL_UART_RxCpltCallback  main.o
    0x080023d4   0x080023d4   0x00000080   Code   RO         2819    i.HAL_UART_Transmit_DMA  stm32f4xx_hal_uart.o
    0x08002454   0x08002454   0x00000002   Code   RO         2821    i.HAL_UART_TxCpltCallback  stm32f4xx_hal_uart.o
    0x08002456   0x08002456   0x00000002   Code   RO         2822    i.HAL_UART_TxHalfCpltCallback  stm32f4xx_hal_uart.o
    0x08002458   0x08002458   0x00000002   Code   RO          315    i.HardFault_Handler  stm32f4xx_it.o
    0x0800245a   0x0800245a   0x00000002   PAD
    0x0800245c   0x0800245c   0x0000008c   Code   RO           18    i.MX_DMA_Init       main.o
    0x080024e8   0x080024e8   0x00000040   Code   RO           19    i.MX_ETH_Init       main.o
    0x08002528   0x08002528   0x000001e8   Code   RO           20    i.MX_GPIO_Init      main.o
    0x08002710   0x08002710   0x00000090   Code   RO           21    i.MX_TIM3_Init      main.o
    0x080027a0   0x080027a0   0x00000002   Code   RO          316    i.MemManage_Handler  stm32f4xx_it.o
    0x080027a2   0x080027a2   0x00000002   Code   RO          317    i.NMI_Handler       stm32f4xx_it.o
    0x080027a4   0x080027a4   0x0000001c   Code   RO           22    i.StartBlink        main.o
    0x080027c0   0x080027c0   0x00000008   Code   RO           23    i.StartDefaultTask  main.o
    0x080027c8   0x080027c8   0x00000094   Code   RO           24    i.StartKeepState    main.o
    0x0800285c   0x0800285c   0x0000002c   Code   RO         4713    i.SysTick_Handler   port.o
    0x08002888   0x08002888   0x00000088   Code   RO           25    i.SystemClock_Config  main.o
    0x08002910   0x08002910   0x00000078   Code   RO         3111    i.SystemCoreClockUpdate  system_stm32f4xx.o
    0x08002988   0x08002988   0x0000001c   Code   RO         3112    i.SystemInit        system_stm32f4xx.o
    0x080029a4   0x080029a4   0x0000000c   Code   RO          318    i.TIM3_IRQHandler   stm32f4xx_it.o
    0x080029b0   0x080029b0   0x0000000c   Code   RO          319    i.TIM8_TRG_COM_TIM14_IRQHandler  stm32f4xx_it.o
    0x080029bc   0x080029bc   0x000000c8   Code   RO         1947    i.TIM_Base_SetConfig  stm32f4xx_hal_tim.o
    0x08002a84   0x08002a84   0x0000001a   Code   RO         1948    i.TIM_CCxChannelCmd  stm32f4xx_hal_tim.o
    0x08002a9e   0x08002a9e   0x00000014   Code   RO         1958    i.TIM_ETR_SetConfig  stm32f4xx_hal_tim.o
    0x08002ab2   0x08002ab2   0x00000010   Code   RO         1959    i.TIM_ITRx_SetConfig  stm32f4xx_hal_tim.o
    0x08002ac2   0x08002ac2   0x00000002   PAD
    0x08002ac4   0x08002ac4   0x00000060   Code   RO         1960    i.TIM_OC1_SetConfig  stm32f4xx_hal_tim.o
    0x08002b24   0x08002b24   0x0000006c   Code   RO         1961    i.TIM_OC2_SetConfig  stm32f4xx_hal_tim.o
    0x08002b90   0x08002b90   0x00000068   Code   RO         1962    i.TIM_OC3_SetConfig  stm32f4xx_hal_tim.o
    0x08002bf8   0x08002bf8   0x00000050   Code   RO         1963    i.TIM_OC4_SetConfig  stm32f4xx_hal_tim.o
    0x08002c48   0x08002c48   0x00000022   Code   RO         1965    i.TIM_TI1_ConfigInputStage  stm32f4xx_hal_tim.o
    0x08002c6a   0x08002c6a   0x00000024   Code   RO         1967    i.TIM_TI2_ConfigInputStage  stm32f4xx_hal_tim.o
    0x08002c8e   0x08002c8e   0x00000010   Code   RO         2823    i.UART_DMAAbortOnError  stm32f4xx_hal_uart.o
    0x08002c9e   0x08002c9e   0x0000004a   Code   RO         2824    i.UART_DMAError     stm32f4xx_hal_uart.o
    0x08002ce8   0x08002ce8   0x0000002e   Code   RO         2829    i.UART_DMATransmitCplt  stm32f4xx_hal_uart.o
    0x08002d16   0x08002d16   0x0000000a   Code   RO         2831    i.UART_DMATxHalfCplt  stm32f4xx_hal_uart.o
    0x08002d20   0x08002d20   0x0000001c   Code   RO         2833    i.UART_EndRxTransfer  stm32f4xx_hal_uart.o
    0x08002d3c   0x08002d3c   0x00000012   Code   RO         2834    i.UART_EndTxTransfer  stm32f4xx_hal_uart.o
    0x08002d4e   0x08002d4e   0x00000096   Code   RO         2835    i.UART_Receive_IT   stm32f4xx_hal_uart.o
    0x08002de4   0x08002de4   0x00000128   Code   RO         2836    i.UART_SetConfig    stm32f4xx_hal_uart.o
    0x08002f0c   0x08002f0c   0x00000062   Code   RO         2837    i.UART_Transmit_IT  stm32f4xx_hal_uart.o
    0x08002f6e   0x08002f6e   0x00000002   PAD
    0x08002f70   0x08002f70   0x0000000c   Code   RO          320    i.USART1_IRQHandler  stm32f4xx_it.o
    0x08002f7c   0x08002f7c   0x0000000c   Code   RO          321    i.USART2_IRQHandler  stm32f4xx_it.o
    0x08002f88   0x08002f88   0x0000000c   Code   RO          322    i.USART3_IRQHandler  stm32f4xx_it.o
    0x08002f94   0x08002f94   0x00000002   Code   RO          323    i.UsageFault_Handler  stm32f4xx_it.o
    0x08002f96   0x08002f96   0x00000020   Code   RO         1482    i.__NVIC_SetPriority  stm32f4xx_hal_cortex.o
    0x08002fb6   0x08002fb6   0x0000000e   Code   RO         4824    i.__scatterload_copy  mc_w.l(handlers.o)
    0x08002fc4   0x08002fc4   0x00000002   Code   RO         4825    i.__scatterload_null  mc_w.l(handlers.o)
    0x08002fc6   0x08002fc6   0x0000000e   Code   RO         4826    i.__scatterload_zeroinit  mc_w.l(handlers.o)
    0x08002fd4   0x08002fd4   0x00000074   Code   RO         3718    i.eTaskGetState     tasks.o
    0x08003048   0x08003048   0x00000240   Code   RO           26    i.field_task        main.o
    0x08003288   0x08003288   0x000000f4   Code   RO           27    i.main              main.o
    0x0800337c   0x0800337c   0x00000034   Code   RO         4236    i.osDelay           cmsis_os2.o
    0x080033b0   0x080033b0   0x00000034   Code   RO         4250    i.osKernelInitialize  cmsis_os2.o
    0x080033e4   0x080033e4   0x0000003c   Code   RO         4253    i.osKernelStart     cmsis_os2.o
    0x08003420   0x08003420   0x000000a4   Code   RO         4286    i.osThreadNew       cmsis_os2.o
    0x080034c4   0x080034c4   0x0000004c   Code   RO         4290    i.osThreadTerminate  cmsis_os2.o
    0x08003510   0x08003510   0x000005a0   Code   RO           28    i.process_command   main.o
    0x08003ab0   0x08003ab0   0x0000005c   Code   RO         3720    i.prvAddCurrentTaskToDelayedList  tasks.o
    0x08003b0c   0x08003b0c   0x000000d0   Code   RO         3721    i.prvAddNewTaskToReadyList  tasks.o
    0x08003bdc   0x08003bdc   0x00000058   Code   RO         4073    i.prvCheckForValidListAndQueue  timers.o
    0x08003c34   0x08003c34   0x00000026   Code   RO         3317    i.prvCopyDataFromQueue  queue.o
    0x08003c5a   0x08003c5a   0x0000006c   Code   RO         3318    i.prvCopyDataToQueue  queue.o
    0x08003cc6   0x08003cc6   0x00000034   Code   RO         3722    i.prvDeleteTCB      tasks.o
    0x08003cfa   0x08003cfa   0x00000002   PAD
    0x08003cfc   0x08003cfc   0x0000004c   Code   RO         4663    i.prvHeapInit       heap_4.o
    0x08003d48   0x08003d48   0x00000060   Code   RO         3723    i.prvIdleTask       tasks.o
    0x08003da8   0x08003da8   0x00000022   Code   RO         3320    i.prvInitialiseNewQueue  queue.o
    0x08003dca   0x08003dca   0x00000002   PAD
    0x08003dcc   0x08003dcc   0x000000b0   Code   RO         3724    i.prvInitialiseNewTask  tasks.o
    0x08003e7c   0x08003e7c   0x0000004c   Code   RO         4664    i.prvInsertBlockIntoFreeList  heap_4.o
    0x08003ec8   0x08003ec8   0x00000038   Code   RO         4075    i.prvInsertTimerInActiveList  timers.o
    0x08003f00   0x08003f00   0x0000001c   Code   RO         3321    i.prvIsQueueEmpty   queue.o
    0x08003f1c   0x08003f1c   0x000000fc   Code   RO         4076    i.prvProcessReceivedCommands  timers.o
    0x08004018   0x08004018   0x000000c0   Code   RO         4077    i.prvProcessTimerOrBlockTask  timers.o
    0x080040d8   0x080040d8   0x00000020   Code   RO         3726    i.prvResetNextTaskUnblockTime  tasks.o
    0x080040f8   0x080040f8   0x00000028   Code   RO         4078    i.prvSampleTimeNow  timers.o
    0x08004120   0x08004120   0x0000006c   Code   RO         4079    i.prvSwitchTimerLists  timers.o
    0x0800418c   0x0800418c   0x00000028   Code   RO         4714    i.prvTaskExitError  port.o
    0x080041b4   0x080041b4   0x00000024   Code   RO         4080    i.prvTimerTask      timers.o
    0x080041d8   0x080041d8   0x0000006a   Code   RO         3322    i.prvUnlockQueue    queue.o
    0x08004242   0x08004242   0x00000002   PAD
    0x08004244   0x08004244   0x000000d8   Code   RO         4665    i.pvPortMalloc      heap_4.o
    0x0800431c   0x0800431c   0x00000018   Code   RO         3729    i.pvTaskIncrementMutexHeldCount  tasks.o
    0x08004334   0x08004334   0x0000002c   Code   RO         4715    i.pxPortInitialiseStack  port.o
    0x08004360   0x08004360   0x00000026   Code   RO         3277    i.uxListRemove      list.o
    0x08004386   0x08004386   0x00000002   PAD
    0x08004388   0x08004388   0x00000014   Code   RO         4298    i.vApplicationGetIdleTaskMemory  cmsis_os2.o
    0x0800439c   0x0800439c   0x00000018   Code   RO         4299    i.vApplicationGetTimerTaskMemory  cmsis_os2.o
    0x080043b4   0x080043b4   0x00000016   Code   RO         3278    i.vListInitialise   list.o
    0x080043ca   0x080043ca   0x00000006   Code   RO         3279    i.vListInitialiseItem  list.o
    0x080043d0   0x080043d0   0x00000030   Code   RO         3280    i.vListInsert       list.o
    0x08004400   0x08004400   0x00000018   Code   RO         3281    i.vListInsertEnd    list.o
    0x08004418   0x08004418   0x00000040   Code   RO         4717    i.vPortEnterCritical  port.o
    0x08004458   0x08004458   0x00000028   Code   RO         4718    i.vPortExitCritical  port.o
    0x08004480   0x08004480   0x0000005c   Code   RO         4666    i.vPortFree         heap_4.o
    0x080044dc   0x080044dc   0x00000024   Code   RO         4719    i.vPortSetupTimerInterrupt  port.o
    0x08004500   0x08004500   0x00000054   Code   RO         4720    i.vPortValidateInterruptPriority  port.o
    0x08004554   0x08004554   0x00000028   Code   RO         3328    i.vQueueAddToRegistry  queue.o
    0x0800457c   0x0800457c   0x00000044   Code   RO         3332    i.vQueueWaitForMessageRestricted  queue.o
    0x080045c0   0x080045c0   0x0000004c   Code   RO         3738    i.vTaskDelay        tasks.o
    0x0800460c   0x0800460c   0x00000090   Code   RO         3740    i.vTaskDelete       tasks.o
    0x0800469c   0x0800469c   0x00000010   Code   RO         3743    i.vTaskInternalSetTimeOutState  tasks.o
    0x080046ac   0x080046ac   0x0000000c   Code   RO         3744    i.vTaskMissedYield  tasks.o
    0x080046b8   0x080046b8   0x00000030   Code   RO         3746    i.vTaskPlaceOnEventList  tasks.o
    0x080046e8   0x080046e8   0x00000038   Code   RO         3747    i.vTaskPlaceOnEventListRestricted  tasks.o
    0x08004720   0x08004720   0x00000090   Code   RO         3749    i.vTaskPriorityDisinheritAfterTimeout  tasks.o
    0x080047b0   0x080047b0   0x00000088   Code   RO         3755    i.vTaskStartScheduler  tasks.o
    0x08004838   0x08004838   0x00000010   Code   RO         3757    i.vTaskSuspendAll   tasks.o
    0x08004848   0x08004848   0x00000064   Code   RO         3758    i.vTaskSwitchContext  tasks.o
    0x080048ac   0x080048ac   0x000000f4   Code   RO         4721    i.xPortStartScheduler  port.o
    0x080049a0   0x080049a0   0x00000048   Code   RO         3337    i.xQueueGenericCreate  queue.o
    0x080049e8   0x080049e8   0x00000066   Code   RO         3338    i.xQueueGenericCreateStatic  queue.o
    0x08004a4e   0x08004a4e   0x00000002   PAD
    0x08004a50   0x08004a50   0x00000088   Code   RO         3339    i.xQueueGenericReset  queue.o
    0x08004ad8   0x08004ad8   0x00000160   Code   RO         3340    i.xQueueGenericSend  queue.o
    0x08004c38   0x08004c38   0x000000bc   Code   RO         3341    i.xQueueGenericSendFromISR  queue.o
    0x08004cf4   0x08004cf4   0x0000009c   Code   RO         3344    i.xQueueGiveFromISR  queue.o
    0x08004d90   0x08004d90   0x00000138   Code   RO         3350    i.xQueueReceive     queue.o
    0x08004ec8   0x08004ec8   0x00000178   Code   RO         3352    i.xQueueSemaphoreTake  queue.o
    0x08005040   0x08005040   0x00000074   Code   RO         3759    i.xTaskCheckForTimeOut  tasks.o
    0x080050b4   0x080050b4   0x0000005a   Code   RO         3760    i.xTaskCreate       tasks.o
    0x0800510e   0x0800510e   0x00000056   Code   RO         3761    i.xTaskCreateStatic  tasks.o
    0x08005164   0x08005164   0x0000001c   Code   RO         3765    i.xTaskGetSchedulerState  tasks.o
    0x08005180   0x08005180   0x0000000c   Code   RO         3766    i.xTaskGetTickCount  tasks.o
    0x0800518c   0x0800518c   0x000000c8   Code   RO         3768    i.xTaskIncrementTick  tasks.o
    0x08005254   0x08005254   0x00000080   Code   RO         3771    i.xTaskPriorityDisinherit  tasks.o
    0x080052d4   0x080052d4   0x00000078   Code   RO         3772    i.xTaskPriorityInherit  tasks.o
    0x0800534c   0x0800534c   0x00000070   Code   RO         3773    i.xTaskRemoveFromEventList  tasks.o
    0x080053bc   0x080053bc   0x000000c4   Code   RO         3774    i.xTaskResumeAll    tasks.o
    0x08005480   0x08005480   0x00000060   Code   RO         4088    i.xTimerCreateTimerTask  timers.o
    0x080054e0   0x080054e0   0x00000068   Code   RO         4089    i.xTimerGenericCommand  timers.o
    0x08005548   0x08005548   0x00000090   Data   RO           36    .constdata          main.o
    0x080055d8   0x080055d8   0x00000008   Data   RO         1199    .constdata          stm32f4xx_hal_dma.o
    0x080055e0   0x080055e0   0x00000010   Data   RO         3113    .constdata          system_stm32f4xx.o
    0x080055f0   0x080055f0   0x00000008   Data   RO         3114    .constdata          system_stm32f4xx.o
    0x080055f8   0x080055f8   0x0000002c   Data   RO           37    .conststring        main.o
    0x08005624   0x08005624   0x00000020   Data   RO         4822    Region$$Table       anon$$obj.o


    Execution Region RW_IRAM2 (Exec base: 0x10000000, Load base: 0x080056f8, Size: 0x00000000, Max: 0x00010000, ABSOLUTE)

    **** No section assigned to this execution region ****


    Execution Region RW_IRAM1 (Exec base: 0x20000000, Load base: 0x08005644, Size: 0x00005180, Max: 0x00020000, ABSOLUTE)

    Exec Addr    Load Addr    Size         Type   Attr      Idx    E Section Name        Object

    0x20000000   0x08005644   0x0000002c   Data   RW           38    .data               main.o
    0x2000002c   0x08005670   0x0000000c   Data   RW         1626    .data               stm32f4xx_hal.o
    0x20000038   0x0800567c   0x00000004   Data   RW         3115    .data               system_stm32f4xx.o
    0x2000003c   0x08005680   0x0000003c   Data   RW         3777    .data               tasks.o
    0x20000078   0x080056bc   0x00000014   Data   RW         4097    .data               timers.o
    0x2000008c   0x080056d0   0x00000004   Data   RW         4301    .data               cmsis_os2.o
    0x20000090   0x080056d4   0x00000018   Data   RW         4671    .data               heap_4.o
    0x200000a8   0x080056ec   0x0000000c   Data   RW         4722    .data               port.o
    0x200000b4        -       0x00000178   Zero   RW           29    .bss                main.o
    0x2000022c        -       0x00000060   Zero   RW           30    .bss                main.o
    0x2000028c        -       0x00000060   Zero   RW           31    .bss                main.o
    0x200002ec        -       0x00000060   Zero   RW           32    .bss                main.o
    0x2000034c        -       0x00000060   Zero   RW           33    .bss                main.o
    0x200003ac        -       0x00000060   Zero   RW           34    .bss                main.o
    0x2000040c        -       0x00000060   Zero   RW           35    .bss                main.o
    0x2000046c        -       0x00000040   Zero   RW          536    .bss                stm32f4xx_hal_timebase_tim.o
    0x200004ac        -       0x00000040   Zero   RW         3354    .bss                queue.o
    0x200004ec        -       0x000004c4   Zero   RW         3776    .bss                tasks.o
    0x200009b0        -       0x00000118   Zero   RW         4096    .bss                timers.o
    0x20000ac8        -       0x000006b8   Zero   RW         4300    .bss                cmsis_os2.o
    0x20001180        -       0x00003c00   Zero   RW         4670    .bss                heap_4.o
    0x20004d80        -       0x00000400   Zero   RW            1    STACK               startup_stm32f407xx.o


==============================================================================

Image component sizes


      Code (inc. data)   RO Data    RW Data    ZI Data      Debug   Object Name

       448         34          0          4       1720      31110   cmsis_os2.o
         0          0          0          0          0      18308   event_groups.o
       460         24          0         24      15360       4707   heap_4.o
       138          0          0          0          0       3478   list.o
      3942        356        188         44        952     752477   main.o
       786         82          0         12          0      11453   port.o
      2116         24          0          0         64      21468   queue.o
        36          8        392          0       1024        824   startup_stm32f407xx.o
       116         18          0         12          0       8646   stm32f4xx_hal.o
       158         14          0          0          0      33102   stm32f4xx_hal_cortex.o
       938         16          8          0          0       6374   stm32f4xx_hal_dma.o
      1036         68          0          0          0       5220   stm32f4xx_hal_eth.o
       498         52          0          0          0       4235   stm32f4xx_hal_gpio.o
      1120        108          0          0          0       4568   stm32f4xx_hal_msp.o
      1404         88          0          0          0       6277   stm32f4xx_hal_rcc.o
      1878         96          0          0          0      16489   stm32f4xx_hal_tim.o
       148         28          0          0          0       2409   stm32f4xx_hal_tim_ex.o
       116         16          0          0         64       1388   stm32f4xx_hal_timebase_tim.o
      1326         30          0          0          0      11261   stm32f4xx_hal_uart.o
       662         90          0          0          0      11710   stm32f4xx_it.o
         0          0          0          0          0        392   stream_buffer.o
       148         22         24          4          0       1855   system_stm32f4xx.o
      2632        218          0         60       1220      31139   tasks.o
       972         80          0         20        280      29351   timers.o

    ----------------------------------------------------------------------
     21122       1472        644        180      20684    1018241   Object Totals
         0          0         32          0          0          0   (incl. Generated)
        44          0          0          0          0          0   (incl. Padding)

    ----------------------------------------------------------------------

      Code (inc. data)   RO Data    RW Data    ZI Data      Debug   Library Member Name

         0          0          0          0          0          0   entry.o
         0          0          0          0          0          0   entry10a.o
         0          0          0          0          0          0   entry11a.o
         8          4          0          0          0          0   entry2.o
         4          0          0          0          0          0   entry5.o
         0          0          0          0          0          0   entry7b.o
         0          0          0          0          0          0   entry8b.o
         8          4          0          0          0          0   entry9a.o
        30          0          0          0          0          0   handlers.o
        36          8          0          0          0         68   init.o
        30          0          0          0          0         68   llshl.o
        32          0          0          0          0         68   llushr.o
        36          0          0          0          0         68   memcpya.o
        36          0          0          0          0        108   memseta.o
        98          0          0          0          0         92   uldiv.o

    ----------------------------------------------------------------------
       318         16          0          0          0        472   Library Totals
         0          0          0          0          0          0   (incl. Padding)

    ----------------------------------------------------------------------

      Code (inc. data)   RO Data    RW Data    ZI Data      Debug   Library Name

       318         16          0          0          0        472   mc_w.l

    ----------------------------------------------------------------------
       318         16          0          0          0        472   Library Totals

    ----------------------------------------------------------------------

==============================================================================


      Code (inc. data)   RO Data    RW Data    ZI Data      Debug   

     21440       1488        644        180      20684     999861   Grand Totals
     21440       1488        644        180      20684     999861   ELF Image Totals
     21440       1488        644        180          0          0   ROM Totals

==============================================================================

    Total RO  Size (Code + RO Data)                22084 (  21.57kB)
    Total RW  Size (RW Data + ZI Data)             20864 (  20.38kB)
    Total ROM Size (Code + RO Data + RW Data)      22264 (  21.74kB)

==============================================================================

