Component: ARM Compiler 5.06 update 6 (build 750) Tool: armlink [4d35ed]

==============================================================================

Section Cross References

    startup_stm32f407xx.o(RESET) refers to startup_stm32f407xx.o(STACK) for __initial_sp
    startup_stm32f407xx.o(RESET) refers to startup_stm32f407xx.o(.text) for Reset_Handler
    startup_stm32f407xx.o(RESET) refers to stm32f4xx_it.o(i.NMI_Handler) for NMI_Handler
    startup_stm32f407xx.o(RESET) refers to stm32f4xx_it.o(i.HardFault_Handler) for HardFault_Handler
    startup_stm32f407xx.o(RESET) refers to stm32f4xx_it.o(i.MemManage_Handler) for MemManage_Handler
    startup_stm32f407xx.o(RESET) refers to stm32f4xx_it.o(i.BusFault_Handler) for BusFault_Handler
    startup_stm32f407xx.o(RESET) refers to stm32f4xx_it.o(i.UsageFault_Handler) for UsageFault_Handler
    startup_stm32f407xx.o(RESET) refers to port.o(.emb_text) for SVC_Handler
    startup_stm32f407xx.o(RESET) refers to stm32f4xx_it.o(i.DebugMon_Handler) for DebugMon_Handler
    startup_stm32f407xx.o(RESET) refers to port.o(i.SysTick_Handler) for SysTick_Handler
    startup_stm32f407xx.o(RESET) refers to stm32f4xx_it.o(i.DMA1_Stream1_IRQHandler) for DMA1_Stream1_IRQHandler
    startup_stm32f407xx.o(RESET) refers to stm32f4xx_it.o(i.DMA1_Stream2_IRQHandler) for DMA1_Stream2_IRQHandler
    startup_stm32f407xx.o(RESET) refers to stm32f4xx_it.o(i.DMA1_Stream3_IRQHandler) for DMA1_Stream3_IRQHandler
    startup_stm32f407xx.o(RESET) refers to stm32f4xx_it.o(i.DMA1_Stream4_IRQHandler) for DMA1_Stream4_IRQHandler
    startup_stm32f407xx.o(RESET) refers to stm32f4xx_it.o(i.DMA1_Stream5_IRQHandler) for DMA1_Stream5_IRQHandler
    startup_stm32f407xx.o(RESET) refers to stm32f4xx_it.o(i.DMA1_Stream6_IRQHandler) for DMA1_Stream6_IRQHandler
    startup_stm32f407xx.o(RESET) refers to stm32f4xx_it.o(i.TIM8_TRG_COM_TIM14_IRQHandler) for TIM8_TRG_COM_TIM14_IRQHandler
    startup_stm32f407xx.o(RESET) refers to stm32f4xx_it.o(i.DMA2_Stream2_IRQHandler) for DMA2_Stream2_IRQHandler
    startup_stm32f407xx.o(RESET) refers to stm32f4xx_it.o(i.ETH_IRQHandler) for ETH_IRQHandler
    startup_stm32f407xx.o(RESET) refers to stm32f4xx_it.o(i.DMA2_Stream7_IRQHandler) for DMA2_Stream7_IRQHandler
    startup_stm32f407xx.o(.text) refers to system_stm32f4xx.o(i.SystemInit) for SystemInit
    startup_stm32f407xx.o(.text) refers to entry.o(.ARM.Collect$$$$00000000) for __main
    main.o(i.HAL_TIM_PeriodElapsedCallback) refers to stm32f4xx_hal.o(i.HAL_IncTick) for HAL_IncTick
    main.o(i.MX_DMA_Init) refers to stm32f4xx_hal_cortex.o(i.HAL_NVIC_SetPriority) for HAL_NVIC_SetPriority
    main.o(i.MX_DMA_Init) refers to stm32f4xx_hal_cortex.o(i.HAL_NVIC_EnableIRQ) for HAL_NVIC_EnableIRQ
    main.o(i.MX_GPIO_Init) refers to memseta.o(.text) for __aeabi_memclr4
    main.o(i.MX_GPIO_Init) refers to stm32f4xx_hal_gpio.o(i.HAL_GPIO_WritePin) for HAL_GPIO_WritePin
    main.o(i.MX_GPIO_Init) refers to stm32f4xx_hal_gpio.o(i.HAL_GPIO_Init) for HAL_GPIO_Init
    main.o(i.MX_TIM3_Init) refers to memseta.o(.text) for __aeabi_memclr4
    main.o(i.MX_TIM3_Init) refers to stm32f4xx_hal_tim.o(i.HAL_TIM_Base_Init) for HAL_TIM_Base_Init
    main.o(i.MX_TIM3_Init) refers to stm32f4xx_hal_tim.o(i.HAL_TIM_ConfigClockSource) for HAL_TIM_ConfigClockSource
    main.o(i.MX_TIM3_Init) refers to stm32f4xx_hal_tim.o(i.HAL_TIM_PWM_Init) for HAL_TIM_PWM_Init
    main.o(i.MX_TIM3_Init) refers to stm32f4xx_hal_tim_ex.o(i.HAL_TIMEx_MasterConfigSynchronization) for HAL_TIMEx_MasterConfigSynchronization
    main.o(i.MX_TIM3_Init) refers to stm32f4xx_hal_tim.o(i.HAL_TIM_PWM_ConfigChannel) for HAL_TIM_PWM_ConfigChannel
    main.o(i.MX_TIM3_Init) refers to stm32f4xx_hal_msp.o(i.HAL_TIM_MspPostInit) for HAL_TIM_MspPostInit
    main.o(i.MX_TIM3_Init) refers to main.o(.bss) for .bss
    main.o(i.StartDefaultTask) refers to lwip.o(i.MX_LWIP_Init) for MX_LWIP_Init
    main.o(i.StartDefaultTask) refers to cmsis_os2.o(i.osDelay) for osDelay
    main.o(i.SystemClock_Config) refers to memseta.o(.text) for __aeabi_memclr4
    main.o(i.SystemClock_Config) refers to stm32f4xx_hal_rcc.o(i.HAL_RCC_OscConfig) for HAL_RCC_OscConfig
    main.o(i.SystemClock_Config) refers to stm32f4xx_hal_rcc.o(i.HAL_RCC_ClockConfig) for HAL_RCC_ClockConfig
    main.o(i.main) refers to stm32f4xx_hal.o(i.HAL_Init) for HAL_Init
    main.o(i.main) refers to main.o(i.SystemClock_Config) for SystemClock_Config
    main.o(i.main) refers to main.o(i.MX_GPIO_Init) for MX_GPIO_Init
    main.o(i.main) refers to main.o(i.MX_DMA_Init) for MX_DMA_Init
    main.o(i.main) refers to stm32f4xx_hal_uart.o(i.HAL_UART_Init) for HAL_UART_Init
    main.o(i.main) refers to main.o(i.MX_TIM3_Init) for MX_TIM3_Init
    main.o(i.main) refers to cmsis_os2.o(i.osKernelInitialize) for osKernelInitialize
    main.o(i.main) refers to cmsis_os2.o(i.osThreadNew) for osThreadNew
    main.o(i.main) refers to cmsis_os2.o(i.osKernelStart) for osKernelStart
    main.o(i.main) refers to main.o(.bss) for .bss
[...]
    ethernetif_input                         0x080054a9   Thumb Code    66  ethernetif.o(i.ethernetif_input)
    ethernetif_notify_conn_changed           0x080054f5   Thumb Code     2  ethernetif.o(i.ethernetif_notify_conn_changed)
    ethernetif_set_link                      0x080054f9   Thumb Code    62  ethernetif.o(i.ethernetif_set_link)
    ethernetif_update_config                 0x0800553d   Thumb Code   170  ethernetif.o(i.ethernetif_update_config)
    fputc                                    0x080055ed   Thumb Code    18  fputc.o(i.fputc)
    icmp_dest_unreach                        0x080055ff   Thumb Code     8  icmp.o(i.icmp_dest_unreach)
    icmp_input                               0x08005609   Thumb Code   280  icmp.o(i.icmp_input)
    icmp_time_exceeded                       0x08005901   Thumb Code     8  icmp.o(i.icmp_time_exceeded)
    ip4_addr_isbroadcast_u32                 0x08005909   Thumb Code    46  ip4_addr.o(i.ip4_addr_isbroadcast_u32)
    ip4_frag                                 0x08005939   Thumb Code   426  ip4_frag.o(i.ip4_frag)
    ip4_input                                0x08005b99   Thumb Code   394  ip4.o(i.ip4_input)
    ip4_output_if                            0x08005d59   Thumb Code    30  ip4.o(i.ip4_output_if)
    ip4_output_if_src                        0x08005d79   Thumb Code   214  ip4.o(i.ip4_output_if_src)
    ip4_reass                                0x08005ef1   Thumb Code   482  ip4_frag.o(i.ip4_reass)
    ip4_route                                0x08006179   Thumb Code    86  ip4.o(i.ip4_route)
    ip_reass_tmr                             0x08006785   Thumb Code    40  ip4_frag.o(i.ip_reass_tmr)
    lwip_htonl                               0x08006b21   Thumb Code     4  def.o(i.lwip_htonl)
    lwip_htons                               0x08006b25   Thumb Code     4  def.o(i.lwip_htons)
    lwip_init                                0x08006b29   Thumb Code    34  init.o(i.lwip_init)
    main                                     0x08006b4d   Thumb Code   154  main.o(i.main)
    mem_free                                 0x08006c09   Thumb Code   208  mem.o(i.mem_free)
    mem_init                                 0x08006dd1   Thumb Code    76  mem.o(i.mem_init)
    mem_malloc                               0x08006e99   Thumb Code   314  mem.o(i.mem_malloc)
    mem_trim                                 0x080070f5   Thumb Code   314  mem.o(i.mem_trim)
    memp_free                                0x080072d9   Thumb Code    34  memp.o(i.memp_free)
    memp_init                                0x08007375   Thumb Code    26  memp.o(i.memp_init)
    memp_init_pool                           0x08007395   Thumb Code    42  memp.o(i.memp_init_pool)
    memp_malloc                              0x080073c1   Thumb Code    38  memp.o(i.memp_malloc)
    netif_add                                0x08007465   Thumb Code   240  netif.o(i.netif_add)
    netif_get_by_index                       0x08007749   Thumb Code    34  netif.o(i.netif_get_by_index)
    netif_init                               0x08007771   Thumb Code     2  netif.o(i.netif_init)
    netif_set_addr                           0x0800783d   Thumb Code    90  netif.o(i.netif_set_addr)
    netif_set_default                        0x0800789d   Thumb Code     6  netif.o(i.netif_set_default)
    netif_set_down                           0x080078a9   Thumb Code    42  netif.o(i.netif_set_down)
    netif_set_link_callback                  0x08007951   Thumb Code     8  netif.o(i.netif_set_link_callback)
    netif_set_link_down                      0x08007959   Thumb Code    42  netif.o(i.netif_set_link_down)
    netif_set_link_up                        0x08007a05   Thumb Code    70  netif.o(i.netif_set_link_up)
    netif_set_up                             0x08007acd   Thumb Code    40  netif.o(i.netif_set_up)
    osDelay                                  0x08007b6d   Thumb Code    46  cmsis_os2.o(i.osDelay)
    osKernelGetTickCount                     0x08007ba1   Thumb Code    34  cmsis_os2.o(i.osKernelGetTickCount)
    osKernelInitialize                       0x08007bc9   Thumb Code    48  cmsis_os2.o(i.osKernelInitialize)
    osKernelStart                            0x08007bfd   Thumb Code    56  cmsis_os2.o(i.osKernelStart)
    osMessageQueueGet                        0x08007c39   Thumb Code   118  cmsis_os2.o(i.osMessageQueueGet)
    osMessageQueueNew                        0x08007cb9   Thumb Code   110  cmsis_os2.o(i.osMessageQueueNew)
    osMessageQueuePut                        0x08007d2d   Thumb Code   122  cmsis_os2.o(i.osMessageQueuePut)
    osMutexAcquire                           0x08007db1   Thumb Code   104  cmsis_os2.o(i.osMutexAcquire)
    osMutexNew                               0x08007e1d   Thumb Code   124  cmsis_os2.o(i.osMutexNew)
    osMutexRelease                           0x08007e9d   Thumb Code    88  cmsis_os2.o(i.osMutexRelease)
    osSemaphoreAcquire                       0x08007ef9   Thumb Code   110  cmsis_os2.o(i.osSemaphoreAcquire)
    osSemaphoreNew                           0x08007f71   Thumb Code   172  cmsis_os2.o(i.osSemaphoreNew)
    osSemaphoreRelease                       0x08008021   Thumb Code   104  cmsis_os2.o(i.osSemaphoreRelease)
    osThreadNew                              0x08008091   Thumb Code   158  cmsis_os2.o(i.osThreadNew)
    pbuf_add_header                          0x08008135   Thumb Code     6  pbuf.o(i.pbuf_add_header)
    pbuf_alloc                               0x080081fd   Thumb Code   336  pbuf.o(i.pbuf_alloc)
    pbuf_alloc_reference                     0x08008459   Thumb Code    68  pbuf.o(i.pbuf_alloc_reference)
    pbuf_alloced_custom                      0x08008509   Thumb Code    54  pbuf.o(i.pbuf_alloced_custom)
    pbuf_cat                                 0x08008541   Thumb Code    96  pbuf.o(i.pbuf_cat)
    pbuf_chain                               0x08008671   Thumb Code    18  pbuf.o(i.pbuf_chain)
    pbuf_clen                                0x08008683   Thumb Code    18  pbuf.o(i.pbuf_clen)
    pbuf_clone                               0x08008695   Thumb Code    48  pbuf.o(i.pbuf_clone)
    pbuf_copy                                0x08008731   Thumb Code   232  pbuf.o(i.pbuf_copy)
    pbuf_copy_partial                        0x08008911   Thumb Code   124  pbuf.o(i.pbuf_copy_partial)
    pbuf_free                                0x08008a29   Thumb Code   176  pbuf.o(i.pbuf_free)
    pbuf_header_force                        0x08008bc1   Thumb Code     6  pbuf.o(i.pbuf_header_force)
    pbuf_realloc                             0x08008bf1   Thumb Code   142  pbuf.o(i.pbuf_realloc)
    pbuf_ref                                 0x08008d25   Thumb Code    46  pbuf.o(i.pbuf_ref)
    pbuf_remove_header                       0x08008dc1   Thumb Code    74  pbuf.o(i.pbuf_remove_header)
    pvPortMalloc                             0x080097e9   Thumb Code   210  heap_4.o(i.pvPortMalloc)
    pvTaskIncrementMutexHeldCount            0x080098c1   Thumb Code    18  tasks.o(i.pvTaskIncrementMutexHeldCount)
    pxPortInitialiseStack                    0x080098d9   Thumb Code    40  port.o(i.pxPortInitialiseStack)
    sys_arch_mbox_fetch                      0x08009905   Thumb Code    62  sys_arch.o(i.sys_arch_mbox_fetch)
    sys_arch_protect                         0x08009945   Thumb Code    18  sys_arch.o(i.sys_arch_protect)
    sys_arch_unprotect                       0x0800995d   Thumb Code     8  sys_arch.o(i.sys_arch_unprotect)
    sys_check_timeouts                       0x08009969   Thumb Code    62  timeouts.o(i.sys_check_timeouts)
    sys_init                                 0x080099ad   Thumb Code    14  sys_arch.o(i.sys_init)
    sys_mbox_new                             0x080099c1   Thumb Code    30  sys_arch.o(i.sys_mbox_new)
    sys_mbox_trypost                         0x080099df   Thumb Code    24  sys_arch.o(i.sys_mbox_trypost)
    sys_mbox_valid                           0x080099f7   Thumb Code    10  sys_arch.o(i.sys_mbox_valid)
    sys_mutex_lock                           0x08009a01   Thumb Code    10  sys_arch.o(i.sys_mutex_lock)
    sys_mutex_new                            0x08009a0b   Thumb Code    24  sys_arch.o(i.sys_mutex_new)
    sys_mutex_unlock                         0x08009a23   Thumb Code     6  sys_arch.o(i.sys_mutex_unlock)
    sys_now                                  0x08009a29   Thumb Code     4  ethernetif.o(i.sys_now)
    sys_thread_new                           0x08009a2d   Thumb Code    46  sys_arch.o(i.sys_thread_new)
    sys_timeout                              0x08009a5d   Thumb Code    46  timeouts.o(i.sys_timeout)
    sys_timeouts_init                        0x08009c19   Thumb Code    30  timeouts.o(i.sys_timeouts_init)
    sys_timeouts_sleeptime                   0x08009c41   Thumb Code    34  timeouts.o(i.sys_timeouts_sleeptime)
    tcp_abandon                              0x08009c69   Thumb Code   256  tcp.o(i.tcp_abandon)
    tcp_abort                                0x08009e15   Thumb Code     6  tcp.o(i.tcp_abort)
    tcp_alloc                                0x08009e1d   Thumb Code   280  tcp.o(i.tcp_alloc)
    tcp_close                                0x08009f41   Thumb Code    48  tcp.o(i.tcp_close)
    tcp_eff_send_mss_netif                   0x0800a401   Thumb Code    54  tcp.o(i.tcp_eff_send_mss_netif)
    tcp_enqueue_flags                        0x0800a4b9   Thumb Code   268  tcp_out.o(i.tcp_enqueue_flags)
    tcp_fasttmr                              0x0800a6ed   Thumb Code   102  tcp.o(i.tcp_fasttmr)
    tcp_free                                 0x0800a759   Thumb Code    34  tcp.o(i.tcp_free)
    tcp_free_ooseq                           0x0800a925   Thumb Code    20  tcp.o(i.tcp_free_ooseq)
    tcp_init                                 0x0800a961   Thumb Code    20  tcp.o(i.tcp_init)
    tcp_input                                0x0800a979   Thumb Code  1584  tcp_in.o(i.tcp_input)
    tcp_keepalive                            0x0800b09d   Thumb Code    82  tcp_out.o(i.tcp_keepalive)
    tcp_netif_ip_addr_changed                0x0800b42d   Thumb Code    70  tcp.o(i.tcp_netif_ip_addr_changed)
    tcp_next_iss                             0x0800b539   Thumb Code    32  tcp.o(i.tcp_next_iss)
    tcp_output                               0x0800b6dd   Thumb Code   552  tcp_out.o(i.tcp_output)
    tcp_pcb_purge                            0x0800c0d1   Thumb Code    88  tcp.o(i.tcp_pcb_purge)
    tcp_pcb_remove                           0x0800c19d   Thumb Code   174  tcp.o(i.tcp_pcb_remove)
    tcp_process_refused_data                 0x0800c7f1   Thumb Code   132  tcp.o(i.tcp_process_refused_data)
    tcp_recv_null                            0x0800d1f9   Thumb Code    60  tcp.o(i.tcp_recv_null)
    tcp_recved                               0x0800d2a9   Thumb Code   104  tcp.o(i.tcp_recved)
    tcp_rexmit                               0x0800d401   Thumb Code   118  tcp_out.o(i.tcp_rexmit)
    tcp_rexmit_fast                          0x0800d4ed   Thumb Code   108  tcp_out.o(i.tcp_rexmit_fast)
    tcp_rexmit_rto                           0x0800d5d5   Thumb Code    42  tcp_out.o(i.tcp_rexmit_rto)
    tcp_rexmit_rto_commit                    0x0800d679   Thumb Code    44  tcp_out.o(i.tcp_rexmit_rto_commit)
    tcp_rexmit_rto_prepare                   0x0800d725   Thumb Code   118  tcp_out.o(i.tcp_rexmit_rto_prepare)
    tcp_rst                                  0x0800d82d   Thumb Code   128  tcp_out.o(i.tcp_rst)
    tcp_seg_copy                             0x0800d941   Thumb Code    56  tcp.o(i.tcp_seg_copy)
    tcp_seg_free                             0x0800d9ed   Thumb Code    28  tcp.o(i.tcp_seg_free)
    tcp_segs_free                            0x0800da09   Thumb Code    18  tcp.o(i.tcp_segs_free)
    tcp_send_empty_ack                       0x0800da1d   Thumb Code   110  tcp_out.o(i.tcp_send_empty_ack)
    tcp_send_fin                             0x0800db09   Thumb Code    84  tcp_out.o(i.tcp_send_fin)
    tcp_slowtmr                              0x0800dbd5   Thumb Code  1360  tcp.o(i.tcp_slowtmr)
    tcp_split_unsent_seg                     0x0800e1a5   Thumb Code   360  tcp_out.o(i.tcp_split_unsent_seg)
    tcp_timer_needed                         0x0800e3d1   Thumb Code    36  timeouts.o(i.tcp_timer_needed)
    tcp_tmr                                  0x0800e505   Thumb Code    28  tcp.o(i.tcp_tmr)
    tcp_trigger_input_pcb_close              0x0800e525   Thumb Code    12  tcp_in.o(i.tcp_trigger_input_pcb_close)
    tcp_update_rcv_ann_wnd                   0x0800e535   Thumb Code    92  tcp.o(i.tcp_update_rcv_ann_wnd)
    tcp_zero_window_probe                    0x0800e629   Thumb Code   190  tcp_out.o(i.tcp_zero_window_probe)
    tcpip_init                               0x0800e769   Thumb Code    88  tcpip.o(i.tcpip_init)
    tcpip_inpkt                              0x0800e879   Thumb Code    82  tcpip.o(i.tcpip_inpkt)
    tcpip_input                              0x0800e939   Thumb Code    20  tcpip.o(i.tcpip_input)
    tcpip_try_callback                       0x0800eb51   Thumb Code    78  tcpip.o(i.tcpip_try_callback)
    udp_bind                                 0x0800ec0d   Thumb Code   186  udp.o(i.udp_bind)
    udp_connect                              0x0800ed41   Thumb Code   108  udp.o(i.udp_connect)
    udp_init                                 0x0800ee41   Thumb Code    20  udp.o(i.udp_init)
    udp_input                                0x0800ee59   Thumb Code   310  udp.o(i.udp_input)
    udp_netif_ip_addr_changed                0x0800f14d   Thumb Code    48  udp.o(i.udp_netif_ip_addr_changed)
    udp_new                                  0x0800f181   Thumb Code    26  udp.o(i.udp_new)
    udp_recv                                 0x0800f19d   Thumb Code    22  udp.o(i.udp_recv)
    udp_remove                               0x0800f225   Thumb Code    58  udp.o(i.udp_remove)
    udp_sendto_if                            0x0800f2d5   Thumb Code   110  udp.o(i.udp_sendto_if)
    udp_sendto_if_src                        0x0800f415   Thumb Code   274  udp.o(i.udp_sendto_if_src)
    uxListRemove                             0x0800f65d   Thumb Code    38  list.o(i.uxListRemove)
    vApplicationGetIdleTaskMemory            0x0800f685   Thumb Code    16  cmsis_os2.o(i.vApplicationGetIdleTaskMemory)
    vApplicationGetTimerTaskMemory           0x0800f699   Thumb Code    18  cmsis_os2.o(i.vApplicationGetTimerTaskMemory)
    vListInitialise                          0x0800f6b1   Thumb Code    22  list.o(i.vListInitialise)
    vListInitialiseItem                      0x0800f6c7   Thumb Code     6  list.o(i.vListInitialiseItem)
    vListInsert                              0x0800f6cd   Thumb Code    48  list.o(i.vListInsert)
    vListInsertEnd                           0x0800f6fd   Thumb Code    24  list.o(i.vListInsertEnd)
    vPortEnterCritical                       0x0800f715   Thumb Code    54  port.o(i.vPortEnterCritical)
    vPortExitCritical                        0x0800f755   Thumb Code    34  port.o(i.vPortExitCritical)
    vPortFree                                0x0800f77d   Thumb Code    88  heap_4.o(i.vPortFree)
    vPortSetupTimerInterrupt                 0x0800f7d9   Thumb Code    32  port.o(i.vPortSetupTimerInterrupt)
    vPortValidateInterruptPriority           0x0800f7fd   Thumb Code    74  port.o(i.vPortValidateInterruptPriority)
    vQueueAddToRegistry                      0x0800f851   Thumb Code    34  queue.o(i.vQueueAddToRegistry)
    vQueueDelete                             0x0800f879   Thumb Code    46  queue.o(i.vQueueDelete)
    vQueueUnregisterQueue                    0x0800f8a9   Thumb Code    36  queue.o(i.vQueueUnregisterQueue)
    vQueueWaitForMessageRestricted           0x0800f8d1   Thumb Code    68  queue.o(i.vQueueWaitForMessageRestricted)
    vTaskDelay                               0x0800f915   Thumb Code    66  tasks.o(i.vTaskDelay)
    vTaskInternalSetTimeOutState             0x0800f961   Thumb Code    12  tasks.o(i.vTaskInternalSetTimeOutState)
    vTaskMissedYield                         0x0800f971   Thumb Code     8  tasks.o(i.vTaskMissedYield)
    vTaskPlaceOnEventList                    0x0800f97d   Thumb Code    44  tasks.o(i.vTaskPlaceOnEventList)
    vTaskPlaceOnEventListRestricted          0x0800f9ad   Thumb Code    52  tasks.o(i.vTaskPlaceOnEventListRestricted)
    vTaskPriorityDisinheritAfterTimeout      0x0800f9e5   Thumb Code   134  tasks.o(i.vTaskPriorityDisinheritAfterTimeout)
    vTaskStartScheduler                      0x0800fa75   Thumb Code   118  tasks.o(i.vTaskStartScheduler)
    vTaskSuspendAll                          0x0800fafd   Thumb Code    10  tasks.o(i.vTaskSuspendAll)
    vTaskSwitchContext                       0x0800fb0d   Thumb Code    90  tasks.o(i.vTaskSwitchContext)
    xPortStartScheduler                      0x0800fb71   Thumb Code   222  port.o(i.xPortStartScheduler)
    xQueueCreateCountingSemaphore            0x0800fc65   Thumb Code    58  queue.o(i.xQueueCreateCountingSemaphore)
    xQueueCreateCountingSemaphoreStatic      0x0800fc9f   Thumb Code    64  queue.o(i.xQueueCreateCountingSemaphoreStatic)
    xQueueCreateMutex                        0x0800fcdf   Thumb Code    22  queue.o(i.xQueueCreateMutex)
    xQueueCreateMutexStatic                  0x0800fcf5   Thumb Code    26  queue.o(i.xQueueCreateMutexStatic)
    xQueueGenericCreate                      0x0800fd0f   Thumb Code    72  queue.o(i.xQueueGenericCreate)
    xQueueGenericCreateStatic                0x0800fd57   Thumb Code   102  queue.o(i.xQueueGenericCreateStatic)
    xQueueGenericReset                       0x0800fdbd   Thumb Code   132  queue.o(i.xQueueGenericReset)
    xQueueGenericSend                        0x0800fe45   Thumb Code   346  queue.o(i.xQueueGenericSend)
    xQueueGenericSendFromISR                 0x0800ffa5   Thumb Code   188  queue.o(i.xQueueGenericSendFromISR)
    xQueueGiveFromISR                        0x08010061   Thumb Code   156  queue.o(i.xQueueGiveFromISR)
    xQueueGiveMutexRecursive                 0x080100fd   Thumb Code    62  queue.o(i.xQueueGiveMutexRecursive)
    xQueueReceive                            0x0801013d   Thumb Code   308  queue.o(i.xQueueReceive)
    xQueueReceiveFromISR                     0x08010275   Thumb Code   154  queue.o(i.xQueueReceiveFromISR)
    xQueueSemaphoreTake                      0x08010311   Thumb Code   372  queue.o(i.xQueueSemaphoreTake)
    xQueueTakeMutexRecursive                 0x08010489   Thumb Code    64  queue.o(i.xQueueTakeMutexRecursive)
    xTaskCheckForTimeOut                     0x080104c9   Thumb Code   112  tasks.o(i.xTaskCheckForTimeOut)
    xTaskCreate                              0x0801053d   Thumb Code    90  tasks.o(i.xTaskCreate)
    xTaskCreateStatic                        0x08010597   Thumb Code    86  tasks.o(i.xTaskCreateStatic)
    xTaskGetCurrentTaskHandle                0x080105ed   Thumb Code     6  tasks.o(i.xTaskGetCurrentTaskHandle)
    xTaskGetSchedulerState                   0x080105f9   Thumb Code    22  tasks.o(i.xTaskGetSchedulerState)
    xTaskGetTickCount                        0x08010615   Thumb Code     6  tasks.o(i.xTaskGetTickCount)
    xTaskGetTickCountFromISR                 0x08010621   Thumb Code    12  tasks.o(i.xTaskGetTickCountFromISR)
    xTaskIncrementTick                       0x08010631   Thumb Code   190  tasks.o(i.xTaskIncrementTick)
    xTaskPriorityDisinherit                  0x080106f9   Thumb Code   118  tasks.o(i.xTaskPriorityDisinherit)
    xTaskPriorityInherit                     0x08010779   Thumb Code   112  tasks.o(i.xTaskPriorityInherit)
    xTaskRemoveFromEventList                 0x080107f1   Thumb Code    98  tasks.o(i.xTaskRemoveFromEventList)
    xTaskResumeAll                           0x08010861   Thumb Code   182  tasks.o(i.xTaskResumeAll)
    xTimerCreateTimerTask                    0x08010925   Thumb Code    78  timers.o(i.xTimerCreateTimerTask)
    xTimerGenericCommand                     0x08010985   Thumb Code    98  timers.o(i.xTimerGenericCommand)
    defaultTask_attributes                   0x080109ec   Data          36  main.o(.constdata)
    AHBPrescTable                            0x08010a18   Data          16  system_stm32f4xx.o(.constdata)
    APBPrescTable                            0x08010a28   Data           8  system_stm32f4xx.o(.constdata)
    ethbroadcast                             0x08010a30   Data           6  ethernet.o(.constdata)
    ethzero                                  0x08010a36   Data           6  ethernet.o(.constdata)
    memp_UDP_PCB                             0x08010a3c   Data          12  memp.o(.constdata)
    memp_TCP_PCB                             0x08010a48   Data          12  memp.o(.constdata)
    memp_TCP_PCB_LISTEN                      0x08010a54   Data          12  memp.o(.constdata)
    memp_TCP_SEG                             0x08010a60   Data          12  memp.o(.constdata)
    memp_REASSDATA                           0x08010a6c   Data          12  memp.o(.constdata)
    memp_FRAG_PBUF                           0x08010a78   Data          12  memp.o(.constdata)
    memp_NETBUF                              0x08010a84   Data          12  memp.o(.constdata)
    memp_NETCONN                             0x08010a90   Data          12  memp.o(.constdata)
    memp_TCPIP_MSG_API                       0x08010a9c   Data          12  memp.o(.constdata)
    memp_TCPIP_MSG_INPKT                     0x08010aa8   Data          12  memp.o(.constdata)
    memp_SYS_TIMEOUT                         0x08010ab4   Data          12  memp.o(.constdata)
    memp_PBUF                                0x08010ac0   Data          12  memp.o(.constdata)
    memp_PBUF_POOL                           0x08010acc   Data          12  memp.o(.constdata)
    memp_pools                               0x08010ad8   Data          52  memp.o(.constdata)
    tcp_pcb_lists                            0x08010b50   Data          16  tcp.o(.constdata)
    lwip_cyclic_timers                       0x08010b60   Data          40  timeouts.o(.constdata)
    ip_addr_any                              0x08010b88   Data           4  ip4_addr.o(.constdata)
    ip_addr_broadcast                        0x08010b8c   Data           4  ip4_addr.o(.constdata)
    Region$$Table$$Base                      0x08010cf4   Number         0  anon$$obj.o(Region$$Table)
    Region$$Table$$Limit                     0x08010d14   Number         0  anon$$obj.o(Region$$Table)
    defaultTaskHandle                        0x20000000   Data           4  main.o(.data)
    s_xSemaphore                             0x20000004   Data           4  ethernetif.o(.data)
    Netif_LinkSemaphore                      0x20000008   Data           4  lwip.o(.data)
    ipaddr                                   0x2000000c   Data           4  lwip.o(.data)
    netmask                                  0x20000010   Data           4  lwip.o(.data)
    gw                                       0x20000014   Data           4  lwip.o(.data)
    link_arg                                 0x20000018   Data           8  lwip.o(.data)
    uwTickFreq                               0x20000020   Data           1  stm32f4xx_hal.o(.data)
    uwTickPrio                               0x20000024   Data           4  stm32f4xx_hal.o(.data)
    uwTick                                   0x20000028   Data           4  stm32f4xx_hal.o(.data)
    SystemCoreClock                          0x2000002c   Data           4  system_stm32f4xx.o(.data)
    pxCurrentTCB                             0x20000030   Data           4  tasks.o(.data)
    lock_tcpip_core                          0x200000b4   Data           4  tcpip.o(.data)
    netif_list                               0x20000100   Data           4  netif.o(.data)
    netif_default                            0x20000104   Data           4  netif.o(.data)
    pbuf_free_ooseq_pending                  0x20000108   Data           1  pbuf.o(.data)
    tcp_active_pcbs_changed                  0x2000010c   Data           1  tcp.o(.data)
    tcp_ticks                                0x20000118   Data           4  tcp.o(.data)
    tcp_bound_pcbs                           0x2000011c   Data           4  tcp.o(.data)
    tcp_listen_pcbs                          0x20000120   Data           4  tcp.o(.data)
    tcp_active_pcbs                          0x20000124   Data           4  tcp.o(.data)
    tcp_tw_pcbs                              0x20000128   Data           4  tcp.o(.data)
    tcp_input_pcb                            0x2000014c   Data           4  tcp_in.o(.data)
    udp_pcbs                                 0x20000160   Data           4  udp.o(.data)
    dhcp_rx_options_given                    0x20000170   Data           8  dhcp.o(.data)
    lwip_sys_mutex                           0x20000184   Data           4  sys_arch.o(.data)
    __stdout                                 0x2000018c   Data           4  stdout.o(.data)
    htim3                                    0x20000190   Data          64  main.o(.bss)
    huart4                                   0x200001d0   Data          64  main.o(.bss)
    huart1                                   0x20000210   Data          64  main.o(.bss)
    huart2                                   0x20000250   Data          64  main.o(.bss)
    huart3                                   0x20000290   Data          64  main.o(.bss)
    hdma_uart4_rx                            0x200002d0   Data          96  main.o(.bss)
    hdma_uart4_tx                            0x20000330   Data          96  main.o(.bss)
    hdma_usart1_rx                           0x20000390   Data          96  main.o(.bss)
    hdma_usart1_tx                           0x200003f0   Data          96  main.o(.bss)
    hdma_usart2_rx                           0x20000450   Data          96  main.o(.bss)
    hdma_usart2_tx                           0x200004b0   Data          96  main.o(.bss)
    hdma_usart3_rx                           0x20000510   Data          96  main.o(.bss)
    hdma_usart3_tx                           0x20000570   Data          96  main.o(.bss)
    htim14                                   0x200005d0   Data          64  stm32f4xx_hal_timebase_tim.o(.bss)
    DMARxDscrTab                             0x20000610   Data         128  ethernetif.o(.bss)
    DMATxDscrTab                             0x20000690   Data         128  ethernetif.o(.bss)
    Rx_Buff                                  0x20000710   Data        6096  ethernetif.o(.bss)
    Tx_Buff                                  0x20001ee0   Data        6096  ethernetif.o(.bss)
    heth                                     0x200036b0   Data          72  ethernetif.o(.bss)
    gnetif                                   0x200036f8   Data          56  lwip.o(.bss)
    attributes                               0x20003730   Data          36  lwip.o(.bss)
    xQueueRegistry                           0x20003754   Data          64  queue.o(.bss)
    ip_data                                  0x20008028   Data          24  ip.o(.bss)
    ram_heap                                 0x20008040   Data        1619  mem.o(.bss)
    memp_memory_UDP_PCB_base                 0x20008693   Data         131  memp.o(.bss)
    memp_memory_TCP_PCB_base                 0x20008716   Data         783  memp.o(.bss)
    memp_memory_TCP_PCB_LISTEN_base          0x20008a25   Data         227  memp.o(.bss)
    memp_memory_TCP_SEG_base                 0x20008b08   Data         259  memp.o(.bss)
    memp_memory_REASSDATA_base               0x20008c0b   Data         163  memp.o(.bss)
    memp_memory_FRAG_PBUF_base               0x20008cae   Data         363  memp.o(.bss)
    memp_memory_NETBUF_base                  0x20008e19   Data          35  memp.o(.bss)
    memp_memory_NETCONN_base                 0x20008e3c   Data         163  memp.o(.bss)
    memp_memory_TCPIP_MSG_API_base           0x20008edf   Data         131  memp.o(.bss)
    memp_memory_TCPIP_MSG_INPKT_base         0x20008f62   Data         131  memp.o(.bss)
    memp_memory_SYS_TIMEOUT_base             0x20008fe5   Data          83  memp.o(.bss)
    memp_memory_PBUF_base                    0x20009038   Data         259  memp.o(.bss)
    memp_memory_PBUF_POOL_base               0x2000913b   Data        9731  memp.o(.bss)
    dhcp_rx_options_val                      0x2000b750   Data          32  dhcp.o(.bss)
    __initial_sp                             0x2000bc60   Data           0  startup_stm32f407xx.o(STACK)



==============================================================================

Memory Map of the image

  Image Entry point : 0x08000189

  Load Region LR_IROM1 (Base: 0x08000000, Size: 0x00010ea4, Max: 0x00100000, ABSOLUTE, COMPRESSED[0x00010d30])

    Execution Region ER_IROM1 (Exec base: 0x08000000, Load base: 0x08000000, Size: 0x00010d14, Max: 0x00100000, ABSOLUTE)

    Exec Addr    Load Addr    Size         Type   Attr      Idx    E Section Name        Object

    0x08000000   0x08000000   0x00000188   Data   RO            3    RESET               startup_stm32f407xx.o
    0x08000188   0x08000188   0x00000000   Code   RO         9735  * .ARM.Collect$$$$00000000  mc_w.l(entry.o)
    0x08000188   0x08000188   0x00000004   Code   RO        10052    .ARM.Collect$$$$00000001  mc_w.l(entry2.o)
    0x0800018c   0x0800018c   0x00000004   Code   RO        10055    .ARM.Collect$$$$00000004  mc_w.l(entry5.o)
    0x08000190   0x08000190   0x00000000   Code   RO        10057    .ARM.Collect$$$$00000008  mc_w.l(entry7b.o)
    0x08000190   0x08000190   0x00000000   Code   RO        10059    .ARM.Collect$$$$0000000A  mc_w.l(entry8b.o)
    0x08000190   0x08000190   0x00000008   Code   RO        10060    .ARM.Collect$$$$0000000B  mc_w.l(entry9a.o)
    0x08000198   0x08000198   0x00000000   Code   RO        10062    .ARM.Collect$$$$0000000D  mc_w.l(entry10a.o)
    0x08000198   0x08000198   0x00000000   Code   RO        10064    .ARM.Collect$$$$0000000F  mc_w.l(entry11a.o)
    0x08000198   0x08000198   0x00000004   Code   RO        10053    .ARM.Collect$$$$00002712  mc_w.l(entry2.o)
    0x0800019c   0x0800019c   0x000000be   Code   RO         4939    .emb_text           port.o
    0x0800025a   0x0800025a   0x00000002   PAD
    0x0800025c   0x0800025c   0x00000024   Code   RO            4    .text               startup_stm32f407xx.o
    0x08000280   0x08000280   0x00000062   Code   RO         9738    .text               mc_w.l(uldiv.o)
    0x080002e2   0x080002e2   0x00000002   PAD
    0x080002e4   0x080002e4   0x00000024   Code   RO         9768    .text               mc_w.l(rand.o)
    0x08000308   0x08000308   0x00000040   Code   RO         9773    .text               mc_w.l(memmovea.o)
    0x08000348   0x08000348   0x00000024   Code   RO         9777    .text               mc_w.l(memseta.o)
    0x0800036c   0x0800036c   0x0000001a   Code   RO         9781    .text               mc_w.l(memcmp.o)
    0x08000386   0x08000386   0x0000002c   Code   RO        10069    .text               mc_w.l(uidiv.o)
    0x080003b2   0x080003b2   0x0000001e   Code   RO        10071    .text               mc_w.l(llshl.o)
    0x080003d0   0x080003d0   0x00000020   Code   RO        10073    .text               mc_w.l(llushr.o)
    0x080003f0   0x080003f0   0x00000024   Code   RO        10095    .text               mc_w.l(init.o)
    0x08000414   0x08000414   0x00000000   Code   RO        10097    .text               mc_w.l(semi.o)
    0x08000414   0x08000414   0x00000000   Code   RO        10102    .text               mc_w.l(iusesemip.o)
    0x08000414   0x08000414   0x00000056   Code   RO        10115    .text               mc_w.l(__dczerorl2.o)
    0x0800046a   0x0800046a   0x00000002   Code   RO          391    i.BusFault_Handler  stm32f4xx_it.o
    0x0800046c   0x0800046c   0x0000000c   Code   RO          392    i.DMA1_Stream1_IRQHandler  stm32f4xx_it.o
    0x08000478   0x08000478   0x0000000c   Code   RO          393    i.DMA1_Stream2_IRQHandler  stm32f4xx_it.o
    0x08000484   0x08000484   0x0000000c   Code   RO          394    i.DMA1_Stream3_IRQHandler  stm32f4xx_it.o
    0x08000490   0x08000490   0x0000000c   Code   RO          395    i.DMA1_Stream4_IRQHandler  stm32f4xx_it.o
    0x0800049c   0x0800049c   0x0000000c   Code   RO          396    i.DMA1_Stream5_IRQHandler  stm32f4xx_it.o
    0x080004a8   0x080004a8   0x0000000c   Code   RO          397    i.DMA1_Stream6_IRQHandler  stm32f4xx_it.o
    0x080004b4   0x080004b4   0x0000000c   Code   RO          398    i.DMA2_Stream2_IRQHandler  stm32f4xx_it.o
    0x080004c0   0x080004c0   0x0000000c   Code   RO          399    i.DMA2_Stream7_IRQHandler  stm32f4xx_it.o
    0x080004cc   0x080004cc   0x00000028   Code   RO         1405    i.DMA_CalcBaseAndBitshift  stm32f4xx_hal_dma.o
    0x080004f4   0x080004f4   0x00000054   Code   RO         1406    i.DMA_CheckFifoParam  stm32f4xx_hal_dma.o
    0x08000548   0x08000548   0x00000002   Code   RO          400    i.DebugMon_Handler  stm32f4xx_it.o
    0x0800054a   0x0800054a   0x00000002   PAD
    0x0800054c   0x0800054c   0x00000020   Code   RO          793    i.ETH_Delay         stm32f4xx_hal_eth.o
    0x0800056c   0x0800056c   0x0000002e   Code   RO          794    i.ETH_FlushTransmitFIFO  stm32f4xx_hal_eth.o
    0x0800059a   0x0800059a   0x00000002   PAD
    0x0800059c   0x0800059c   0x0000000c   Code   RO          401    i.ETH_IRQHandler    stm32f4xx_it.o
    0x080005a8   0x080005a8   0x00000124   Code   RO          795    i.ETH_MACDMAConfig  stm32f4xx_hal_eth.o
    0x080006cc   0x080006cc   0x00000002   Code   RO           13    i.Error_Handler     main.o
    0x080006ce   0x080006ce   0x00000002   PAD
    0x080006d0   0x080006d0   0x000001a0   Code   RO         1413    i.HAL_DMA_IRQHandler  stm32f4xx_hal_dma.o
    0x08000870   0x08000870   0x000000d4   Code   RO         1414    i.HAL_DMA_Init      stm32f4xx_hal_dma.o
    0x08000944   0x08000944   0x00000024   Code   RO         1827    i.HAL_Delay         stm32f4xx_hal.o
    0x08000968   0x08000968   0x00000130   Code   RO          797    i.HAL_ETH_ConfigMAC  stm32f4xx_hal_eth.o
    0x08000a98   0x08000a98   0x00000074   Code   RO          798    i.HAL_ETH_DMARxDescListInit  stm32f4xx_hal_eth.o
    0x08000b0c   0x08000b0c   0x00000078   Code   RO          799    i.HAL_ETH_DMATxDescListInit  stm32f4xx_hal_eth.o
    0x08000b84   0x08000b84   0x00000002   Code   RO          801    i.HAL_ETH_ErrorCallback  stm32f4xx_hal_eth.o
    0x08000b86   0x08000b86   0x00000088   Code   RO          803    i.HAL_ETH_GetReceivedFrame_IT  stm32f4xx_hal_eth.o
    0x08000c0e   0x08000c0e   0x0000007a   Code   RO          805    i.HAL_ETH_IRQHandler  stm32f4xx_hal_eth.o
    0x08000c88   0x08000c88   0x000001ec   Code   RO          806    i.HAL_ETH_Init      stm32f4xx_hal_eth.o
    0x08000e74   0x08000e74   0x000000e8   Code   RO          604    i.HAL_ETH_MspInit   ethernetif.o
    0x08000f5c   0x08000f5c   0x00000084   Code   RO          809    i.HAL_ETH_ReadPHYRegister  stm32f4xx_hal_eth.o
    0x08000fe0   0x08000fe0   0x0000000c   Code   RO          605    i.HAL_ETH_RxCpltCallback  ethernetif.o
    0x08000fec   0x08000fec   0x00000084   Code   RO          811    i.HAL_ETH_Start     stm32f4xx_hal_eth.o
    0x08001070   0x08001070   0x00000084   Code   RO          812    i.HAL_ETH_Stop      stm32f4xx_hal_eth.o
    0x080010f4   0x080010f4   0x00000108   Code   RO          813    i.HAL_ETH_TransmitFrame  stm32f4xx_hal_eth.o
    0x080011fc   0x080011fc   0x00000002   Code   RO          814    i.HAL_ETH_TxCpltCallback  stm32f4xx_hal_eth.o
    0x080011fe   0x080011fe   0x00000002   PAD
    0x08001200   0x08001200   0x00000078   Code   RO          815    i.HAL_ETH_WritePHYRegister  stm32f4xx_hal_eth.o
    0x08001278   0x08001278   0x000001b8   Code   RO         1301    i.HAL_GPIO_Init     stm32f4xx_hal_gpio.o
    0x08001430   0x08001430   0x0000000a   Code   RO         1305    i.HAL_GPIO_WritePin  stm32f4xx_hal_gpio.o
    0x0800143a   0x0800143a   0x00000002   PAD
    0x0800143c   0x0800143c   0x0000000c   Code   RO         1833    i.HAL_GetTick       stm32f4xx_hal.o
    0x08001448   0x08001448   0x00000010   Code   RO         1839    i.HAL_IncTick       stm32f4xx_hal.o
    0x08001458   0x08001458   0x00000034   Code   RO         1840    i.HAL_Init          stm32f4xx_hal.o
    0x0800148c   0x0800148c   0x00000074   Code   RO          564    i.HAL_InitTick      stm32f4xx_hal_timebase_tim.o
    0x08001500   0x08001500   0x00000030   Code   RO          509    i.HAL_MspInit       stm32f4xx_hal_msp.o
    0x08001530   0x08001530   0x0000001a   Code   RO         1690    i.HAL_NVIC_EnableIRQ  stm32f4xx_hal_cortex.o
    0x0800154a   0x0800154a   0x00000002   PAD
    0x0800154c   0x0800154c   0x00000040   Code   RO         1696    i.HAL_NVIC_SetPriority  stm32f4xx_hal_cortex.o
    0x0800158c   0x0800158c   0x00000024   Code   RO         1697    i.HAL_NVIC_SetPriorityGrouping  stm32f4xx_hal_cortex.o
    0x080015b0   0x080015b0   0x00000134   Code   RO          947    i.HAL_RCC_ClockConfig  stm32f4xx_hal_rcc.o
    0x080016e4   0x080016e4   0x00000040   Code   RO          951    i.HAL_RCC_GetClockConfig  stm32f4xx_hal_rcc.o
    0x08001724   0x08001724   0x0000000c   Code   RO          952    i.HAL_RCC_GetHCLKFreq  stm32f4xx_hal_rcc.o
    0x08001730   0x08001730   0x00000020   Code   RO          954    i.HAL_RCC_GetPCLK1Freq  stm32f4xx_hal_rcc.o
    0x08001750   0x08001750   0x00000020   Code   RO          955    i.HAL_RCC_GetPCLK2Freq  stm32f4xx_hal_rcc.o
    0x08001770   0x08001770   0x00000060   Code   RO          956    i.HAL_RCC_GetSysClockFreq  stm32f4xx_hal_rcc.o
    0x080017d0   0x080017d0   0x0000035c   Code   RO          959    i.HAL_RCC_OscConfig  stm32f4xx_hal_rcc.o
    0x08001b2c   0x08001b2c   0x00000002   Code   RO         2755    i.HAL_TIMEx_BreakCallback  stm32f4xx_hal_tim_ex.o
    0x08001b2e   0x08001b2e   0x00000002   Code   RO         2756    i.HAL_TIMEx_CommutCallback  stm32f4xx_hal_tim_ex.o
    0x08001b30   0x08001b30   0x00000090   Code   RO         2773    i.HAL_TIMEx_MasterConfigSynchronization  stm32f4xx_hal_tim_ex.o
    0x08001bc0   0x08001bc0   0x00000036   Code   RO         2080    i.HAL_TIM_Base_Init  stm32f4xx_hal_tim.o
    0x08001bf6   0x08001bf6   0x00000002   PAD
    0x08001bf8   0x08001bf8   0x00000028   Code   RO          511    i.HAL_TIM_Base_MspInit  stm32f4xx_hal_msp.o
    0x08001c20   0x08001c20   0x00000022   Code   RO         2085    i.HAL_TIM_Base_Start_IT  stm32f4xx_hal_tim.o
    0x08001c42   0x08001c42   0x000000d6   Code   RO         2089    i.HAL_TIM_ConfigClockSource  stm32f4xx_hal_tim.o
    0x08001d18   0x08001d18   0x00000002   Code   RO         2109    i.HAL_TIM_IC_CaptureCallback  stm32f4xx_hal_tim.o
    0x08001d1a   0x08001d1a   0x00000166   Code   RO         2123    i.HAL_TIM_IRQHandler  stm32f4xx_hal_tim.o
    0x08001e80   0x08001e80   0x00000050   Code   RO          512    i.HAL_TIM_MspPostInit  stm32f4xx_hal_msp.o
    0x08001ed0   0x08001ed0   0x00000002   Code   RO         2126    i.HAL_TIM_OC_DelayElapsedCallback  stm32f4xx_hal_tim.o
    0x08001ed2   0x08001ed2   0x000000d0   Code   RO         2147    i.HAL_TIM_PWM_ConfigChannel  stm32f4xx_hal_tim.o
    0x08001fa2   0x08001fa2   0x00000036   Code   RO         2150    i.HAL_TIM_PWM_Init  stm32f4xx_hal_tim.o
    0x08001fd8   0x08001fd8   0x00000002   Code   RO         2152    i.HAL_TIM_PWM_MspInit  stm32f4xx_hal_tim.o
    0x08001fda   0x08001fda   0x00000002   Code   RO         2153    i.HAL_TIM_PWM_PulseFinishedCallback  stm32f4xx_hal_tim.o
    0x08001fdc   0x08001fdc   0x00000014   Code   RO           14    i.HAL_TIM_PeriodElapsedCallback  main.o
    0x08001ff0   0x08001ff0   0x00000002   Code   RO         2166    i.HAL_TIM_TriggerCallback  stm32f4xx_hal_tim.o
    0x08001ff2   0x08001ff2   0x00000062   Code   RO         3031    i.HAL_UART_Init     stm32f4xx_hal_uart.o
    0x08002054   0x08002054   0x0000031c   Code   RO          514    i.HAL_UART_MspInit  stm32f4xx_hal_msp.o
    0x08002370   0x08002370   0x00000002   Code   RO          402    i.HardFault_Handler  stm32f4xx_it.o
    0x08002372   0x08002372   0x00000002   PAD
    0x08002374   0x08002374   0x000000ac   Code   RO           15    i.MX_DMA_Init       main.o
    0x08002420   0x08002420   0x000000f4   Code   RO           16    i.MX_GPIO_Init      main.o
    0x08002514   0x08002514   0x000000bc   Code   RO          735    i.MX_LWIP_Init      lwip.o
    0x080025d0   0x080025d0   0x00000078   Code   RO           17    i.MX_TIM3_Init      main.o
    0x08002648   0x08002648   0x00000002   Code   RO          403    i.MemManage_Handler  stm32f4xx_it.o
    0x0800264a   0x0800264a   0x00000002   Code   RO          404    i.NMI_Handler       stm32f4xx_it.o
    0x0800264c   0x0800264c   0x0000000c   Code   RO           18    i.StartDefaultTask  main.o
    0x08002658   0x08002658   0x0000002c   Code   RO         4940    i.SysTick_Handler   port.o
    0x08002684   0x08002684   0x00000088   Code   RO           19    i.SystemClock_Config  main.o
    0x0800270c   0x0800270c   0x0000001c   Code   RO         3333    i.SystemInit        system_stm32f4xx.o
    0x08002728   0x08002728   0x0000000c   Code   RO          405    i.TIM8_TRG_COM_TIM14_IRQHandler  stm32f4xx_it.o
    0x08002734   0x08002734   0x000000c8   Code   RO         2168    i.TIM_Base_SetConfig  stm32f4xx_hal_tim.o
    0x080027fc   0x080027fc   0x00000014   Code   RO         2179    i.TIM_ETR_SetConfig  stm32f4xx_hal_tim.o
    0x08002810   0x08002810   0x00000010   Code   RO         2180    i.TIM_ITRx_SetConfig  stm32f4xx_hal_tim.o
    0x08002820   0x08002820   0x00000060   Code   RO         2181    i.TIM_OC1_SetConfig  stm32f4xx_hal_tim.o
    0x08002880   0x08002880   0x0000006c   Code   RO         2182    i.TIM_OC2_SetConfig  stm32f4xx_hal_tim.o
    0x080028ec   0x080028ec   0x00000068   Code   RO         2183    i.TIM_OC3_SetConfig  stm32f4xx_hal_tim.o
    0x08002954   0x08002954   0x00000050   Code   RO         2184    i.TIM_OC4_SetConfig  stm32f4xx_hal_tim.o
    0x080029a4   0x080029a4   0x00000022   Code   RO         2186    i.TIM_TI1_ConfigInputStage  stm32f4xx_hal_tim.o
    0x080029c6   0x080029c6   0x00000024   Code   RO         2188    i.TIM_TI2_ConfigInputStage  stm32f4xx_hal_tim.o
    0x080029ea   0x080029ea   0x00000002   PAD
    0x080029ec   0x080029ec   0x00000128   Code   RO         3057    i.UART_SetConfig    stm32f4xx_hal_uart.o
    0x08002b14   0x08002b14   0x00000002   Code   RO          406    i.UsageFault_Handler  stm32f4xx_it.o
    0x08002b16   0x08002b16   0x00000002   PAD
    0x08002b18   0x08002b18   0x00000020   Code   RO         9878    i.__0printf$3       mc_w.l(printf3.o)
    0x08002b38   0x08002b38   0x00000020   Code   RO         1703    i.__NVIC_SetPriority  stm32f4xx_hal_cortex.o
    0x08002b58   0x08002b58   0x0000000e   Code   RO        10109    i.__scatterload_copy  mc_w.l(handlers.o)
    0x08002b66   0x08002b66   0x00000002   Code   RO        10110    i.__scatterload_null  mc_w.l(handlers.o)
    0x08002b68   0x08002b68   0x0000000e   Code   RO        10111    i.__scatterload_zeroinit  mc_w.l(handlers.o)
    0x08002b76   0x08002b76   0x00000002   PAD
    0x08002b78   0x08002b78   0x000001b8   Code   RO         9885    i._printf_core      mc_w.l(printf3.o)
    0x08002d30   0x08002d30   0x0000009c   Code   RO         8587    i.dhcp_arp_reply    dhcp.o
    0x08002dcc   0x08002dcc   0x00000188   Code   RO         8588    i.dhcp_bind         dhcp.o
    0x08002f54   0x08002f54   0x00000034   Code   RO         8589    i.dhcp_check        dhcp.o
    0x08002f88   0x08002f88   0x000000ac   Code   RO         8591    i.dhcp_coarse_tmr   dhcp.o
    0x08003034   0x08003034   0x000001e4   Code   RO         8592    i.dhcp_create_msg   dhcp.o
    0x08003218   0x08003218   0x000000b8   Code   RO         8593    i.dhcp_dec_pcb_refcount  dhcp.o
    0x080032d0   0x080032d0   0x0000009c   Code   RO         8594    i.dhcp_decline      dhcp.o
    0x0800336c   0x0800336c   0x000000e8   Code   RO         8595    i.dhcp_discover     dhcp.o
    0x08003454   0x08003454   0x00000034   Code   RO         8596    i.dhcp_fine_tmr     dhcp.o
    0x08003488   0x08003488   0x00000064   Code   RO         8597    i.dhcp_handle_ack   dhcp.o
    0x080034ec   0x080034ec   0x000000ec   Code   RO         8598    i.dhcp_inc_pcb_refcount  dhcp.o
    0x080035d8   0x080035d8   0x000000c8   Code   RO         8600    i.dhcp_network_changed  dhcp.o
    0x080036a0   0x080036a0   0x00000098   Code   RO         8601    i.dhcp_option       dhcp.o
    0x08003738   0x08003738   0x000000bc   Code   RO         8602    i.dhcp_option_byte  dhcp.o
    0x080037f4   0x080037f4   0x000000d8   Code   RO         8603    i.dhcp_option_long  dhcp.o
    0x080038cc   0x080038cc   0x000000c8   Code   RO         8604    i.dhcp_option_short  dhcp.o
    0x08003994   0x08003994   0x00000020   Code   RO         8605    i.dhcp_option_trailer  dhcp.o
    0x080039b4   0x080039b4   0x00000390   Code   RO         8606    i.dhcp_parse_reply  dhcp.o
    0x08003d44   0x08003d44   0x000000d8   Code   RO         8607    i.dhcp_rebind       dhcp.o
    0x08003e1c   0x08003e1c   0x00000100   Code   RO         8608    i.dhcp_reboot       dhcp.o
    0x08003f1c   0x08003f1c   0x00000120   Code   RO         8609    i.dhcp_recv         dhcp.o
    0x0800403c   0x0800403c   0x000000bc   Code   RO         8611    i.dhcp_release_and_stop  dhcp.o
    0x080040f8   0x080040f8   0x000000d8   Code   RO         8612    i.dhcp_renew        dhcp.o
    0x080041d0   0x080041d0   0x00000200   Code   RO         8613    i.dhcp_select       dhcp.o
    0x080043d0   0x080043d0   0x00000010   Code   RO         8614    i.dhcp_set_state    dhcp.o
    0x080043e0   0x080043e0   0x00000128   Code   RO         8616    i.dhcp_start        dhcp.o
    0x08004508   0x08004508   0x0000001c   Code   RO         8618    i.dhcp_supplied_address  dhcp.o
    0x08004524   0x08004524   0x0000006c   Code   RO         8619    i.dhcp_timeout      dhcp.o
    0x08004590   0x08004590   0x000000a8   Code   RO         7175    i.do_memp_free_pool  memp.o
    0x08004638   0x08004638   0x000000b8   Code   RO         7176    i.do_memp_malloc_pool  memp.o
    0x080046f0   0x080046f0   0x0000002c   Code   RO         8794    i.etharp_cleanup_netif  etharp.o
    0x0800471c   0x0800471c   0x00000260   Code   RO         8796    i.etharp_find_entry  etharp.o
    0x0800497c   0x0800497c   0x00000024   Code   RO         8797    i.etharp_free_entry  etharp.o
    0x080049a0   0x080049a0   0x00000118   Code   RO         8799    i.etharp_input      etharp.o
    0x08004ab8   0x08004ab8   0x000001b0   Code   RO         8800    i.etharp_output     etharp.o
    0x08004c68   0x08004c68   0x00000110   Code   RO         8801    i.etharp_output_to_arp_index  etharp.o
    0x08004d78   0x08004d78   0x000001e8   Code   RO         8802    i.etharp_query      etharp.o
    0x08004f60   0x08004f60   0x00000174   Code   RO         8803    i.etharp_raw        etharp.o
    0x080050d4   0x080050d4   0x0000000c   Code   RO         8804    i.etharp_request    etharp.o
    0x080050e0   0x080050e0   0x00000020   Code   RO         8805    i.etharp_request_dst  etharp.o
    0x08005100   0x08005100   0x00000060   Code   RO         8806    i.etharp_tmr        etharp.o
    0x08005160   0x08005160   0x0000011c   Code   RO         8807    i.etharp_update_arp_entry  etharp.o
    0x0800527c   0x0800527c   0x000000a4   Code   RO         5545    i.ethernet_input    ethernet.o
    0x08005320   0x08005320   0x000000f8   Code   RO         5546    i.ethernet_output   ethernet.o
    0x08005418   0x08005418   0x00000090   Code   RO          606    i.ethernetif_init   ethernetif.o
    0x080054a8   0x080054a8   0x0000004c   Code   RO          607    i.ethernetif_input  ethernetif.o
    0x080054f4   0x080054f4   0x00000002   Code   RO          608    i.ethernetif_notify_conn_changed  ethernetif.o
    0x080054f6   0x080054f6   0x00000002   PAD
    0x080054f8   0x080054f8   0x00000044   Code   RO          609    i.ethernetif_set_link  ethernetif.o
    0x0800553c   0x0800553c   0x000000b0   Code   RO          610    i.ethernetif_update_config  ethernetif.o
    0x080055ec   0x080055ec   0x00000012   Code   RO        10066    i.fputc             mc_w.l(fputc.o)
    0x080055fe   0x080055fe   0x00000008   Code   RO         8894    i.icmp_dest_unreach  icmp.o
    0x08005606   0x08005606   0x00000002   PAD
    0x08005608   0x08005608   0x000001e8   Code   RO         8895    i.icmp_input        icmp.o
    0x080057f0   0x080057f0   0x00000110   Code   RO         8896    i.icmp_send_response  icmp.o
    0x08005900   0x08005900   0x00000008   Code   RO         8897    i.icmp_time_exceeded  icmp.o
    0x08005908   0x08005908   0x0000002e   Code   RO         9011    i.ip4_addr_isbroadcast_u32  ip4_addr.o
    0x08005936   0x08005936   0x00000002   PAD
    0x08005938   0x08005938   0x00000260   Code   RO         9080    i.ip4_frag          ip4_frag.o
    0x08005b98   0x08005b98   0x00000194   Code   RO         8956    i.ip4_input         ip4.o
    0x08005d2c   0x08005d2c   0x0000002c   Code   RO         8957    i.ip4_input_accept  ip4.o
    0x08005d58   0x08005d58   0x0000001e   Code   RO         8959    i.ip4_output_if     ip4.o
    0x08005d76   0x08005d76   0x00000002   PAD
    0x08005d78   0x08005d78   0x00000178   Code   RO         8960    i.ip4_output_if_src  ip4.o
    0x08005ef0   0x08005ef0   0x00000288   Code   RO         9081    i.ip4_reass         ip4_frag.o
    0x08006178   0x08006178   0x00000060   Code   RO         8961    i.ip4_route         ip4.o
    0x080061d8   0x080061d8   0x00000090   Code   RO         9082    i.ip_frag_free_pbuf_custom_ref  ip4_frag.o
    0x08006268   0x08006268   0x00000248   Code   RO         9083    i.ip_reass_chain_frag_into_datagram_and_validate  ip4_frag.o
    0x080064b0   0x080064b0   0x000000bc   Code   RO         9084    i.ip_reass_dequeue_datagram  ip4_frag.o
    0x0800656c   0x0800656c   0x00000198   Code   RO         9085    i.ip_reass_free_complete_datagram  ip4_frag.o
    0x08006704   0x08006704   0x00000080   Code   RO         9086    i.ip_reass_remove_oldest_datagram  ip4_frag.o
    0x08006784   0x08006784   0x0000002c   Code   RO         9087    i.ip_reass_tmr      ip4_frag.o
    0x080067b0   0x080067b0   0x00000098   Code   RO         9088    i.ipfrag_free_pbuf_custom  ip4_frag.o
    0x08006848   0x08006848   0x00000134   Code   RO          611    i.low_level_init    ethernetif.o
    0x0800697c   0x0800697c   0x000000c0   Code   RO          612    i.low_level_input   ethernetif.o
    0x08006a3c   0x08006a3c   0x000000a8   Code   RO          613    i.low_level_output  ethernetif.o
    0x08006ae4   0x08006ae4   0x0000003c   Code   RO         8355    i.lwip_cyclic_timer  timeouts.o
    0x08006b20   0x08006b20   0x00000004   Code   RO         6883    i.lwip_htonl        def.o
    0x08006b24   0x08006b24   0x00000004   Code   RO         6884    i.lwip_htons        def.o
    0x08006b28   0x08006b28   0x00000022   Code   RO         7028    i.lwip_init         init.o
    0x08006b4a   0x08006b4a   0x00000002   PAD
    0x08006b4c   0x08006b4c   0x000000bc   Code   RO           20    i.main              main.o
    0x08006c08   0x08006c08   0x000001c8   Code   RO         7099    i.mem_free          mem.o
    0x08006dd0   0x08006dd0   0x000000c8   Code   RO         7100    i.mem_init          mem.o
    0x08006e98   0x08006e98   0x0000024c   Code   RO         7101    i.mem_malloc        mem.o
    0x080070e4   0x080070e4   0x00000010   Code   RO         7102    i.mem_to_ptr        mem.o
    0x080070f4   0x080070f4   0x000001e4   Code   RO         7103    i.mem_trim          mem.o
    0x080072d8   0x080072d8   0x0000009c   Code   RO         7177    i.memp_free         memp.o
    0x08007374   0x08007374   0x00000020   Code   RO         7179    i.memp_init         memp.o
    0x08007394   0x08007394   0x0000002a   Code   RO         7180    i.memp_init_pool    memp.o
    0x080073be   0x080073be   0x00000002   PAD
    0x080073c0   0x080073c0   0x000000a4   Code   RO         7181    i.memp_malloc       memp.o
    0x08007464   0x08007464   0x000001dc   Code   RO         7321    i.netif_add         netif.o
    0x08007640   0x08007640   0x00000016   Code   RO         7323    i.netif_do_ip_addr_changed  netif.o
    0x08007656   0x08007656   0x00000016   Code   RO         7324    i.netif_do_set_gw   netif.o
    0x0800766c   0x0800766c   0x000000c4   Code   RO         7325    i.netif_do_set_ipaddr  netif.o
    0x08007730   0x08007730   0x00000016   Code   RO         7326    i.netif_do_set_netmask  netif.o
    0x08007746   0x08007746   0x00000002   PAD
    0x08007748   0x08007748   0x00000028   Code   RO         7328    i.netif_get_by_index  netif.o
    0x08007770   0x08007770   0x00000002   Code   RO         7330    i.netif_init        netif.o
    0x08007772   0x08007772   0x00000002   PAD
    0x08007774   0x08007774   0x000000c0   Code   RO         7332    i.netif_issue_reports  netif.o
    0x08007834   0x08007834   0x00000006   Code   RO         7334    i.netif_null_output_ip4  netif.o
    0x0800783a   0x0800783a   0x00000002   PAD
    0x0800783c   0x0800783c   0x00000060   Code   RO         7336    i.netif_set_addr    netif.o
    0x0800789c   0x0800789c   0x0000000c   Code   RO         7337    i.netif_set_default  netif.o
    0x080078a8   0x080078a8   0x000000a8   Code   RO         7338    i.netif_set_down    netif.o
    0x08007950   0x08007950   0x00000008   Code   RO         7341    i.netif_set_link_callback  netif.o
    0x08007958   0x08007958   0x000000ac   Code   RO         7342    i.netif_set_link_down  netif.o
    0x08007a04   0x08007a04   0x000000c8   Code   RO         7343    i.netif_set_link_up  netif.o
    0x08007acc   0x08007acc   0x000000a0   Code   RO         7345    i.netif_set_up      netif.o
    0x08007b6c   0x08007b6c   0x00000034   Code   RO         4460    i.osDelay           cmsis_os2.o
    0x08007ba0   0x08007ba0   0x00000028   Code   RO         4472    i.osKernelGetTickCount  cmsis_os2.o
    0x08007bc8   0x08007bc8   0x00000034   Code   RO         4474    i.osKernelInitialize  cmsis_os2.o
    0x08007bfc   0x08007bfc   0x0000003c   Code   RO         4477    i.osKernelStart     cmsis_os2.o
    0x08007c38   0x08007c38   0x00000080   Code   RO         4480    i.osMessageQueueGet  cmsis_os2.o
    0x08007cb8   0x08007cb8   0x00000074   Code   RO         4485    i.osMessageQueueNew  cmsis_os2.o
    0x08007d2c   0x08007d2c   0x00000084   Code   RO         4486    i.osMessageQueuePut  cmsis_os2.o
    0x08007db0   0x08007db0   0x0000006c   Code   RO         4488    i.osMutexAcquire    cmsis_os2.o
    0x08007e1c   0x08007e1c   0x00000080   Code   RO         4491    i.osMutexNew        cmsis_os2.o
    0x08007e9c   0x08007e9c   0x0000005c   Code   RO         4492    i.osMutexRelease    cmsis_os2.o
    0x08007ef8   0x08007ef8   0x00000078   Code   RO         4493    i.osSemaphoreAcquire  cmsis_os2.o
    0x08007f70   0x08007f70   0x000000b0   Code   RO         4496    i.osSemaphoreNew    cmsis_os2.o
    0x08008020   0x08008020   0x00000070   Code   RO         4497    i.osSemaphoreRelease  cmsis_os2.o
    0x08008090   0x08008090   0x000000a4   Code   RO         4510    i.osThreadNew       cmsis_os2.o
    0x08008134   0x08008134   0x00000006   Code   RO         7509    i.pbuf_add_header   pbuf.o
    0x0800813a   0x0800813a   0x00000002   PAD
    0x0800813c   0x0800813c   0x000000c0   Code   RO         7511    i.pbuf_add_header_impl  pbuf.o
    0x080081fc   0x080081fc   0x0000025c   Code   RO         7512    i.pbuf_alloc        pbuf.o
    0x08008458   0x08008458   0x000000b0   Code   RO         7513    i.pbuf_alloc_reference  pbuf.o
    0x08008508   0x08008508   0x00000036   Code   RO         7514    i.pbuf_alloced_custom  pbuf.o
    0x0800853e   0x0800853e   0x00000002   PAD
    0x08008540   0x08008540   0x00000130   Code   RO         7515    i.pbuf_cat          pbuf.o
    0x08008670   0x08008670   0x00000012   Code   RO         7516    i.pbuf_chain        pbuf.o
    0x08008682   0x08008682   0x00000012   Code   RO         7517    i.pbuf_clen         pbuf.o
    0x08008694   0x08008694   0x0000009c   Code   RO         7518    i.pbuf_clone        pbuf.o
    0x08008730   0x08008730   0x000001e0   Code   RO         7520    i.pbuf_copy         pbuf.o
    0x08008910   0x08008910   0x00000118   Code   RO         7521    i.pbuf_copy_partial  pbuf.o
    0x08008a28   0x08008a28   0x00000164   Code   RO         7523    i.pbuf_free         pbuf.o
    0x08008b8c   0x08008b8c   0x00000034   Code   RO         7525    i.pbuf_free_ooseq_callback  pbuf.o
    0x08008bc0   0x08008bc0   0x00000006   Code   RO         7529    i.pbuf_header_force  pbuf.o
    0x08008bc6   0x08008bc6   0x0000000e   Code   RO         7530    i.pbuf_header_impl  pbuf.o
    0x08008bd4   0x08008bd4   0x0000001c   Code   RO         7531    i.pbuf_init_alloced_pbuf  pbuf.o
    0x08008bf0   0x08008bf0   0x00000134   Code   RO         7535    i.pbuf_realloc      pbuf.o
    0x08008d24   0x08008d24   0x0000009c   Code   RO         7536    i.pbuf_ref          pbuf.o
    0x08008dc0   0x08008dc0   0x000000d0   Code   RO         7537    i.pbuf_remove_header  pbuf.o
    0x08008e90   0x08008e90   0x000001a0   Code   RO         7104    i.plug_holes        mem.o
    0x08009030   0x08009030   0x0000005c   Code   RO         3941    i.prvAddCurrentTaskToDelayedList  tasks.o
    0x0800908c   0x0800908c   0x000000d0   Code   RO         3942    i.prvAddNewTaskToReadyList  tasks.o
    0x0800915c   0x0800915c   0x00000058   Code   RO         4294    i.prvCheckForValidListAndQueue  timers.o
    0x080091b4   0x080091b4   0x00000026   Code   RO         3538    i.prvCopyDataFromQueue  queue.o
    0x080091da   0x080091da   0x0000006c   Code   RO         3539    i.prvCopyDataToQueue  queue.o
    0x08009246   0x08009246   0x00000034   Code   RO         3943    i.prvDeleteTCB      tasks.o
    0x0800927a   0x0800927a   0x00000002   PAD
    0x0800927c   0x0800927c   0x0000004c   Code   RO         4890    i.prvHeapInit       heap_4.o
    0x080092c8   0x080092c8   0x00000060   Code   RO         3944    i.prvIdleTask       tasks.o
    0x08009328   0x08009328   0x00000016   Code   RO         3540    i.prvInitialiseMutex  queue.o
    0x0800933e   0x0800933e   0x00000002   PAD
    0x08009340   0x08009340   0x00000022   Code   RO         3541    i.prvInitialiseNewQueue  queue.o
    0x08009362   0x08009362   0x00000002   PAD
    0x08009364   0x08009364   0x000000b0   Code   RO         3945    i.prvInitialiseNewTask  tasks.o
    0x08009414   0x08009414   0x0000004c   Code   RO         4891    i.prvInsertBlockIntoFreeList  heap_4.o
    0x08009460   0x08009460   0x00000038   Code   RO         4296    i.prvInsertTimerInActiveList  timers.o
    0x08009498   0x08009498   0x0000001c   Code   RO         3542    i.prvIsQueueEmpty   queue.o
    0x080094b4   0x080094b4   0x000000fc   Code   RO         4297    i.prvProcessReceivedCommands  timers.o
    0x080095b0   0x080095b0   0x000000c0   Code   RO         4298    i.prvProcessTimerOrBlockTask  timers.o
    0x08009670   0x08009670   0x00000020   Code   RO         3947    i.prvResetNextTaskUnblockTime  tasks.o
    0x08009690   0x08009690   0x00000028   Code   RO         4299    i.prvSampleTimeNow  timers.o
    0x080096b8   0x080096b8   0x0000006c   Code   RO         4300    i.prvSwitchTimerLists  timers.o
    0x08009724   0x08009724   0x00000028   Code   RO         4941    i.prvTaskExitError  port.o
    0x0800974c   0x0800974c   0x00000024   Code   RO         4301    i.prvTimerTask      timers.o
    0x08009770   0x08009770   0x0000006a   Code   RO         3543    i.prvUnlockQueue    queue.o
    0x080097da   0x080097da   0x00000002   PAD
    0x080097dc   0x080097dc   0x0000000c   Code   RO         7105    i.ptr_to_mem        mem.o
    0x080097e8   0x080097e8   0x000000d8   Code   RO         4892    i.pvPortMalloc      heap_4.o
    0x080098c0   0x080098c0   0x00000018   Code   RO         3950    i.pvTaskIncrementMutexHeldCount  tasks.o
    0x080098d8   0x080098d8   0x0000002c   Code   RO         4942    i.pxPortInitialiseStack  port.o
    0x08009904   0x08009904   0x0000003e   Code   RO         9334    i.sys_arch_mbox_fetch  sys_arch.o
    0x08009942   0x08009942   0x00000002   PAD
    0x08009944   0x08009944   0x00000018   Code   RO         9336    i.sys_arch_protect  sys_arch.o
    0x0800995c   0x0800995c   0x0000000c   Code   RO         9338    i.sys_arch_unprotect  sys_arch.o
    0x08009968   0x08009968   0x00000044   Code   RO         8356    i.sys_check_timeouts  timeouts.o
    0x080099ac   0x080099ac   0x00000014   Code   RO         9339    i.sys_init          sys_arch.o
    0x080099c0   0x080099c0   0x0000001e   Code   RO         9341    i.sys_mbox_new      sys_arch.o
    0x080099de   0x080099de   0x00000018   Code   RO         9344    i.sys_mbox_trypost  sys_arch.o
    0x080099f6   0x080099f6   0x0000000a   Code   RO         9346    i.sys_mbox_valid    sys_arch.o
    0x08009a00   0x08009a00   0x0000000a   Code   RO         9348    i.sys_mutex_lock    sys_arch.o
    0x08009a0a   0x08009a0a   0x00000018   Code   RO         9349    i.sys_mutex_new     sys_arch.o
    0x08009a22   0x08009a22   0x00000006   Code   RO         9350    i.sys_mutex_unlock  sys_arch.o
    0x08009a28   0x08009a28   0x00000004   Code   RO          615    i.sys_now           ethernetif.o
    0x08009a2c   0x08009a2c   0x0000002e   Code   RO         9356    i.sys_thread_new    sys_arch.o
    0x08009a5a   0x08009a5a   0x00000002   PAD
    0x08009a5c   0x08009a5c   0x000000c4   Code   RO         8358    i.sys_timeout       timeouts.o
    0x08009b20   0x08009b20   0x000000f8   Code   RO         8359    i.sys_timeout_abs   timeouts.o
    0x08009c18   0x08009c18   0x00000028   Code   RO         8360    i.sys_timeouts_init  timeouts.o
    0x08009c40   0x08009c40   0x00000028   Code   RO         8361    i.sys_timeouts_sleeptime  timeouts.o
    0x08009c68   0x08009c68   0x000001ac   Code   RO         7793    i.tcp_abandon       tcp.o
    0x08009e14   0x08009e14   0x00000006   Code   RO         7794    i.tcp_abort         tcp.o
    0x08009e1a   0x08009e1a   0x00000002   PAD
    0x08009e1c   0x08009e1c   0x00000124   Code   RO         7797    i.tcp_alloc         tcp.o
    0x08009f40   0x08009f40   0x000000a0   Code   RO         7801    i.tcp_close         tcp.o
    0x08009fe0   0x08009fe0   0x000001dc   Code   RO         7802    i.tcp_close_shutdown  tcp.o
    0x0800a1bc   0x0800a1bc   0x000000c4   Code   RO         7803    i.tcp_close_shutdown_fin  tcp.o
    0x0800a280   0x0800a280   0x00000180   Code   RO         8195    i.tcp_create_segment  tcp_out.o
    0x0800a400   0x0800a400   0x000000b8   Code   RO         7806    i.tcp_eff_send_mss_netif  tcp.o
    0x0800a4b8   0x0800a4b8   0x00000234   Code   RO         8196    i.tcp_enqueue_flags  tcp_out.o
    0x0800a6ec   0x0800a6ec   0x0000006c   Code   RO         7808    i.tcp_fasttmr       tcp.o
    0x0800a758   0x0800a758   0x00000090   Code   RO         7809    i.tcp_free          tcp.o
    0x0800a7e8   0x0800a7e8   0x0000013c   Code   RO         8106    i.tcp_free_acked_segments  tcp_in.o
    0x0800a924   0x0800a924   0x00000014   Code   RO         7810    i.tcp_free_ooseq    tcp.o
    0x0800a938   0x0800a938   0x00000028   Code   RO         8107    i.tcp_get_next_optbyte  tcp_in.o
    0x0800a960   0x0800a960   0x00000018   Code   RO         7811    i.tcp_init          tcp.o
    0x0800a978   0x0800a978   0x00000650   Code   RO         8108    i.tcp_input         tcp_in.o
    0x0800afc8   0x0800afc8   0x000000d4   Code   RO         8109    i.tcp_input_delayed_close  tcp_in.o
    0x0800b09c   0x0800b09c   0x000000cc   Code   RO         8197    i.tcp_keepalive     tcp_out.o
    0x0800b168   0x0800b168   0x000000bc   Code   RO         7812    i.tcp_kill_state    tcp.o
    0x0800b224   0x0800b224   0x00000070   Code   RO         7813    i.tcp_listen_closed  tcp.o
    0x0800b294   0x0800b294   0x00000198   Code   RO         8110    i.tcp_listen_input  tcp_in.o
    0x0800b42c   0x0800b42c   0x0000004c   Code   RO         7816    i.tcp_netif_ip_addr_changed  tcp.o
    0x0800b478   0x0800b478   0x000000c0   Code   RO         7817    i.tcp_netif_ip_addr_changed_pcblist  tcp.o
    0x0800b538   0x0800b538   0x00000098   Code   RO         7821    i.tcp_next_iss      tcp.o
    0x0800b5d0   0x0800b5d0   0x0000010c   Code   RO         8111    i.tcp_oos_insert_segment  tcp_in.o
    0x0800b6dc   0x0800b6dc   0x000002e0   Code   RO         8198    i.tcp_output        tcp_out.o
    0x0800b9bc   0x0800b9bc   0x000000cc   Code   RO         8199    i.tcp_output_alloc_header  tcp_out.o
    0x0800ba88   0x0800ba88   0x00000110   Code   RO         8200    i.tcp_output_alloc_header_common  tcp_out.o
    0x0800bb98   0x0800bb98   0x000000e0   Code   RO         8201    i.tcp_output_control_segment  tcp_out.o
    0x0800bc78   0x0800bc78   0x000000d8   Code   RO         8202    i.tcp_output_fill_options  tcp_out.o
    0x0800bd50   0x0800bd50   0x000001dc   Code   RO         8203    i.tcp_output_segment  tcp_out.o
    0x0800bf2c   0x0800bf2c   0x000000a8   Code   RO         8204    i.tcp_output_segment_busy  tcp_out.o
    0x0800bfd4   0x0800bfd4   0x000000fc   Code   RO         8112    i.tcp_parseopt      tcp_in.o
    0x0800c0d0   0x0800c0d0   0x000000cc   Code   RO         7822    i.tcp_pcb_purge     tcp.o
    0x0800c19c   0x0800c19c   0x00000190   Code   RO         7823    i.tcp_pcb_remove    tcp.o
    0x0800c32c   0x0800c32c   0x000004c2   Code   RO         8113    i.tcp_process       tcp_in.o
    0x0800c7ee   0x0800c7ee   0x00000002   PAD
    0x0800c7f0   0x0800c7f0   0x00000104   Code   RO         7825    i.tcp_process_refused_data  tcp.o
    0x0800c8f4   0x0800c8f4   0x00000904   Code   RO         8114    i.tcp_receive       tcp_in.o
    0x0800d1f8   0x0800d1f8   0x000000b0   Code   RO         7827    i.tcp_recv_null     tcp.o
    0x0800d2a8   0x0800d2a8   0x00000100   Code   RO         7828    i.tcp_recved        tcp.o
    0x0800d3a8   0x0800d3a8   0x00000058   Code   RO         7829    i.tcp_remove_listener  tcp.o
    0x0800d400   0x0800d400   0x000000ec   Code   RO         8206    i.tcp_rexmit        tcp_out.o
    0x0800d4ec   0x0800d4ec   0x000000e8   Code   RO         8207    i.tcp_rexmit_fast   tcp_out.o
    0x0800d5d4   0x0800d5d4   0x000000a4   Code   RO         8208    i.tcp_rexmit_rto    tcp_out.o
    0x0800d678   0x0800d678   0x000000ac   Code   RO         8209    i.tcp_rexmit_rto_commit  tcp_out.o
    0x0800d724   0x0800d724   0x000000f8   Code   RO         8210    i.tcp_rexmit_rto_prepare  tcp_out.o
    0x0800d81c   0x0800d81c   0x00000010   Code   RO         8211    i.tcp_route         tcp_out.o
    0x0800d82c   0x0800d82c   0x00000114   Code   RO         8212    i.tcp_rst           tcp_out.o
    0x0800d940   0x0800d940   0x000000ac   Code   RO         7830    i.tcp_seg_copy      tcp.o
    0x0800d9ec   0x0800d9ec   0x0000001c   Code   RO         7831    i.tcp_seg_free      tcp.o
    0x0800da08   0x0800da08   0x00000012   Code   RO         7832    i.tcp_segs_free     tcp.o
    0x0800da1a   0x0800da1a   0x00000002   PAD
    0x0800da1c   0x0800da1c   0x000000ec   Code   RO         8213    i.tcp_send_empty_ack  tcp_out.o
    0x0800db08   0x0800db08   0x000000cc   Code   RO         8214    i.tcp_send_fin      tcp_out.o
    0x0800dbd4   0x0800dbd4   0x000005d0   Code   RO         7836    i.tcp_slowtmr       tcp.o
    0x0800e1a4   0x0800e1a4   0x0000022c   Code   RO         8215    i.tcp_split_unsent_seg  tcp_out.o
    0x0800e3d0   0x0800e3d0   0x00000034   Code   RO         8363    i.tcp_timer_needed  timeouts.o
    0x0800e404   0x0800e404   0x00000100   Code   RO         8115    i.tcp_timewait_input  tcp_in.o
    0x0800e504   0x0800e504   0x00000020   Code   RO         7838    i.tcp_tmr           tcp.o
    0x0800e524   0x0800e524   0x00000010   Code   RO         8116    i.tcp_trigger_input_pcb_close  tcp_in.o
    0x0800e534   0x0800e534   0x000000f4   Code   RO         7840    i.tcp_update_rcv_ann_wnd  tcp.o
    0x0800e628   0x0800e628   0x00000140   Code   RO         8218    i.tcp_zero_window_probe  tcp_out.o
    0x0800e768   0x0800e768   0x00000110   Code   RO         6714    i.tcpip_init        tcpip.o
    0x0800e878   0x0800e878   0x000000c0   Code   RO         6715    i.tcpip_inpkt       tcpip.o
    0x0800e938   0x0800e938   0x0000001c   Code   RO         6716    i.tcpip_input       tcpip.o
    0x0800e954   0x0800e954   0x00000038   Code   RO         8364    i.tcpip_tcp_timer   timeouts.o
    0x0800e98c   0x0800e98c   0x000000f8   Code   RO         6718    i.tcpip_thread      tcpip.o
    0x0800ea84   0x0800ea84   0x000000cc   Code   RO         6719    i.tcpip_thread_handle_msg  tcpip.o
    0x0800eb50   0x0800eb50   0x000000bc   Code   RO         6720    i.tcpip_try_callback  tcpip.o
    0x0800ec0c   0x0800ec0c   0x00000134   Code   RO         8444    i.udp_bind          udp.o
    0x0800ed40   0x0800ed40   0x00000100   Code   RO         8446    i.udp_connect       udp.o
    0x0800ee40   0x0800ee40   0x00000018   Code   RO         8448    i.udp_init          udp.o
    0x0800ee58   0x0800ee58   0x000001e8   Code   RO         8449    i.udp_input         udp.o
    0x0800f040   0x0800f040   0x0000010c   Code   RO         8450    i.udp_input_local_match  udp.o
    0x0800f14c   0x0800f14c   0x00000034   Code   RO         8451    i.udp_netif_ip_addr_changed  udp.o
    0x0800f180   0x0800f180   0x0000001a   Code   RO         8452    i.udp_new           udp.o
    0x0800f19a   0x0800f19a   0x00000002   PAD
    0x0800f19c   0x0800f19c   0x00000088   Code   RO         8454    i.udp_recv          udp.o
    0x0800f224   0x0800f224   0x000000b0   Code   RO         8455    i.udp_remove        udp.o
    0x0800f2d4   0x0800f2d4   0x00000140   Code   RO         8458    i.udp_sendto_if     udp.o
    0x0800f414   0x0800f414   0x00000248   Code   RO         8459    i.udp_sendto_if_src  udp.o
    0x0800f65c   0x0800f65c   0x00000026   Code   RO         3498    i.uxListRemove      list.o
    0x0800f682   0x0800f682   0x00000002   PAD
    0x0800f684   0x0800f684   0x00000014   Code   RO         4522    i.vApplicationGetIdleTaskMemory  cmsis_os2.o
    0x0800f698   0x0800f698   0x00000018   Code   RO         4523    i.vApplicationGetTimerTaskMemory  cmsis_os2.o
    0x0800f6b0   0x0800f6b0   0x00000016   Code   RO         3499    i.vListInitialise   list.o
    0x0800f6c6   0x0800f6c6   0x00000006   Code   RO         3500    i.vListInitialiseItem  list.o
    0x0800f6cc   0x0800f6cc   0x00000030   Code   RO         3501    i.vListInsert       list.o
    0x0800f6fc   0x0800f6fc   0x00000018   Code   RO         3502    i.vListInsertEnd    list.o
    0x0800f714   0x0800f714   0x00000040   Code   RO         4944    i.vPortEnterCritical  port.o
    0x0800f754   0x0800f754   0x00000028   Code   RO         4945    i.vPortExitCritical  port.o
    0x0800f77c   0x0800f77c   0x0000005c   Code   RO         4893    i.vPortFree         heap_4.o
    0x0800f7d8   0x0800f7d8   0x00000024   Code   RO         4946    i.vPortSetupTimerInterrupt  port.o
    0x0800f7fc   0x0800f7fc   0x00000054   Code   RO         4947    i.vPortValidateInterruptPriority  port.o
    0x0800f850   0x0800f850   0x00000028   Code   RO         3549    i.vQueueAddToRegistry  queue.o
    0x0800f878   0x0800f878   0x0000002e   Code   RO         3550    i.vQueueDelete      queue.o
    0x0800f8a6   0x0800f8a6   0x00000002   PAD
    0x0800f8a8   0x0800f8a8   0x00000028   Code   RO         3552    i.vQueueUnregisterQueue  queue.o
    0x0800f8d0   0x0800f8d0   0x00000044   Code   RO         3553    i.vQueueWaitForMessageRestricted  queue.o
    0x0800f914   0x0800f914   0x0000004c   Code   RO         3959    i.vTaskDelay        tasks.o
    0x0800f960   0x0800f960   0x00000010   Code   RO         3964    i.vTaskInternalSetTimeOutState  tasks.o
    0x0800f970   0x0800f970   0x0000000c   Code   RO         3965    i.vTaskMissedYield  tasks.o
    0x0800f97c   0x0800f97c   0x00000030   Code   RO         3967    i.vTaskPlaceOnEventList  tasks.o
    0x0800f9ac   0x0800f9ac   0x00000038   Code   RO         3968    i.vTaskPlaceOnEventListRestricted  tasks.o
    0x0800f9e4   0x0800f9e4   0x00000090   Code   RO         3970    i.vTaskPriorityDisinheritAfterTimeout  tasks.o
    0x0800fa74   0x0800fa74   0x00000088   Code   RO         3976    i.vTaskStartScheduler  tasks.o
    0x0800fafc   0x0800fafc   0x00000010   Code   RO         3978    i.vTaskSuspendAll   tasks.o
    0x0800fb0c   0x0800fb0c   0x00000064   Code   RO         3979    i.vTaskSwitchContext  tasks.o
    0x0800fb70   0x0800fb70   0x000000f4   Code   RO         4948    i.xPortStartScheduler  port.o
    0x0800fc64   0x0800fc64   0x0000003a   Code   RO         3554    i.xQueueCreateCountingSemaphore  queue.o
    0x0800fc9e   0x0800fc9e   0x00000040   Code   RO         3555    i.xQueueCreateCountingSemaphoreStatic  queue.o
    0x0800fcde   0x0800fcde   0x00000016   Code   RO         3556    i.xQueueCreateMutex  queue.o
    0x0800fcf4   0x0800fcf4   0x0000001a   Code   RO         3557    i.xQueueCreateMutexStatic  queue.o
    0x0800fd0e   0x0800fd0e   0x00000048   Code   RO         3558    i.xQueueGenericCreate  queue.o
    0x0800fd56   0x0800fd56   0x00000066   Code   RO         3559    i.xQueueGenericCreateStatic  queue.o
    0x0800fdbc   0x0800fdbc   0x00000088   Code   RO         3560    i.xQueueGenericReset  queue.o
    0x0800fe44   0x0800fe44   0x00000160   Code   RO         3561    i.xQueueGenericSend  queue.o
    0x0800ffa4   0x0800ffa4   0x000000bc   Code   RO         3562    i.xQueueGenericSendFromISR  queue.o
    0x08010060   0x08010060   0x0000009c   Code   RO         3565    i.xQueueGiveFromISR  queue.o
    0x080100fc   0x080100fc   0x0000003e   Code   RO         3566    i.xQueueGiveMutexRecursive  queue.o
    0x0801013a   0x0801013a   0x00000002   PAD
    0x0801013c   0x0801013c   0x00000138   Code   RO         3571    i.xQueueReceive     queue.o
    0x08010274   0x08010274   0x0000009a   Code   RO         3572    i.xQueueReceiveFromISR  queue.o
    0x0801030e   0x0801030e   0x00000002   PAD
    0x08010310   0x08010310   0x00000178   Code   RO         3573    i.xQueueSemaphoreTake  queue.o
    0x08010488   0x08010488   0x00000040   Code   RO         3574    i.xQueueTakeMutexRecursive  queue.o
    0x080104c8   0x080104c8   0x00000074   Code   RO         3980    i.xTaskCheckForTimeOut  tasks.o
    0x0801053c   0x0801053c   0x0000005a   Code   RO         3981    i.xTaskCreate       tasks.o
    0x08010596   0x08010596   0x00000056   Code   RO         3982    i.xTaskCreateStatic  tasks.o
    0x080105ec   0x080105ec   0x0000000c   Code   RO         3985    i.xTaskGetCurrentTaskHandle  tasks.o
    0x080105f8   0x080105f8   0x0000001c   Code   RO         3986    i.xTaskGetSchedulerState  tasks.o
    0x08010614   0x08010614   0x0000000c   Code   RO         3987    i.xTaskGetTickCount  tasks.o
    0x08010620   0x08010620   0x00000010   Code   RO         3988    i.xTaskGetTickCountFromISR  tasks.o
    0x08010630   0x08010630   0x000000c8   Code   RO         3989    i.xTaskIncrementTick  tasks.o
    0x080106f8   0x080106f8   0x00000080   Code   RO         3992    i.xTaskPriorityDisinherit  tasks.o
    0x08010778   0x08010778   0x00000078   Code   RO         3993    i.xTaskPriorityInherit  tasks.o
    0x080107f0   0x080107f0   0x00000070   Code   RO         3994    i.xTaskRemoveFromEventList  tasks.o
    0x08010860   0x08010860   0x000000c4   Code   RO         3995    i.xTaskResumeAll    tasks.o
    0x08010924   0x08010924   0x00000060   Code   RO         4309    i.xTimerCreateTimerTask  timers.o
    0x08010984   0x08010984   0x00000068   Code   RO         4310    i.xTimerGenericCommand  timers.o
    0x080109ec   0x080109ec   0x00000024   Data   RO           30    .constdata          main.o
    0x08010a10   0x08010a10   0x00000008   Data   RO         1420    .constdata          stm32f4xx_hal_dma.o
    0x08010a18   0x08010a18   0x00000010   Data   RO         3334    .constdata          system_stm32f4xx.o
    0x08010a28   0x08010a28   0x00000008   Data   RO         3335    .constdata          system_stm32f4xx.o
    0x08010a30   0x08010a30   0x00000006   Data   RO         5547    .constdata          ethernet.o
    0x08010a36   0x08010a36   0x00000006   Data   RO         5548    .constdata          ethernet.o
    0x08010a3c   0x08010a3c   0x0000000c   Data   RO         7196    .constdata          memp.o
    0x08010a48   0x08010a48   0x0000000c   Data   RO         7197    .constdata          memp.o
    0x08010a54   0x08010a54   0x0000000c   Data   RO         7198    .constdata          memp.o
    0x08010a60   0x08010a60   0x0000000c   Data   RO         7199    .constdata          memp.o
    0x08010a6c   0x08010a6c   0x0000000c   Data   RO         7200    .constdata          memp.o
    0x08010a78   0x08010a78   0x0000000c   Data   RO         7201    .constdata          memp.o
    0x08010a84   0x08010a84   0x0000000c   Data   RO         7202    .constdata          memp.o
    0x08010a90   0x08010a90   0x0000000c   Data   RO         7203    .constdata          memp.o
    0x08010a9c   0x08010a9c   0x0000000c   Data   RO         7204    .constdata          memp.o
    0x08010aa8   0x08010aa8   0x0000000c   Data   RO         7205    .constdata          memp.o
    0x08010ab4   0x08010ab4   0x0000000c   Data   RO         7206    .constdata          memp.o
    0x08010ac0   0x08010ac0   0x0000000c   Data   RO         7207    .constdata          memp.o
    0x08010acc   0x08010acc   0x0000000c   Data   RO         7208    .constdata          memp.o
    0x08010ad8   0x08010ad8   0x00000034   Data   RO         7209    .constdata          memp.o
    0x08010b0c   0x08010b0c   0x00000054   Data   RO         7841    .constdata          tcp.o
    0x08010b60   0x08010b60   0x00000028   Data   RO         8365    .constdata          timeouts.o
    0x08010b88   0x08010b88   0x00000004   Data   RO         9018    .constdata          ip4_addr.o
    0x08010b8c   0x08010b8c   0x00000004   Data   RO         9019    .constdata          ip4_addr.o
    0x08010b90   0x08010b90   0x0000000c   Data   RO           31    .conststring        main.o
    0x08010b9c   0x08010b9c   0x00000075   Data   RO         7842    .conststring        tcp.o
    0x08010c11   0x08010c11   0x00000003   PAD
    0x08010c14   0x08010c14   0x00000055   Data   RO         8219    .conststring        tcp_out.o
    0x08010c69   0x08010c69   0x00000003   PAD
    0x08010c6c   0x08010c6c   0x00000042   Data   RO         8621    .conststring        dhcp.o
    0x08010cae   0x08010cae   0x00000002   PAD
    0x08010cb0   0x08010cb0   0x00000041   Data   RO         8809    .conststring        etharp.o
    0x08010cf1   0x08010cf1   0x00000003   PAD
    0x08010cf4   0x08010cf4   0x00000020   Data   RO        10107    Region$$Table       anon$$obj.o


    Execution Region RW_IRAM2 (Exec base: 0x10000000, Load base: 0x08010d30, Size: 0x00000000, Max: 0x00010000, ABSOLUTE)

    **** No section assigned to this execution region ****


    Execution Region RW_IRAM1 (Exec base: 0x20000000, Load base: 0x08010d14, Size: 0x0000bc60, Max: 0x00020000, ABSOLUTE, COMPRESSED[0x0000001c])

    Exec Addr    Load Addr    Size         Type   Attr      Idx    E Section Name        Object

    0x20000000   COMPRESSED   0x00000004   Data   RW           32    .data               main.o
    0x20000004   COMPRESSED   0x00000004   Data   RW          617    .data               ethernetif.o
    0x20000008   COMPRESSED   0x00000018   Data   RW          741    .data               lwip.o
    0x20000020   COMPRESSED   0x0000000c   Data   RW         1847    .data               stm32f4xx_hal.o
    0x2000002c   COMPRESSED   0x00000004   Data   RW         3336    .data               system_stm32f4xx.o
    0x20000030   COMPRESSED   0x0000003c   Data   RW         3998    .data               tasks.o
    0x2000006c   COMPRESSED   0x00000014   Data   RW         4318    .data               timers.o
    0x20000080   COMPRESSED   0x00000004   Data   RW         4525    .data               cmsis_os2.o
    0x20000084   COMPRESSED   0x00000018   Data   RW         4898    .data               heap_4.o
    0x2000009c   COMPRESSED   0x0000000c   Data   RW         4949    .data               port.o
    0x200000a8   COMPRESSED   0x00000010   Data   RW         6721    .data               tcpip.o
    0x200000b8   COMPRESSED   0x00000010   Data   RW         7107    .data               mem.o
    0x200000c8   COMPRESSED   0x00000004   Data   RW         7210    .data               memp.o
    0x200000cc   COMPRESSED   0x00000004   Data   RW         7211    .data               memp.o
    0x200000d0   COMPRESSED   0x00000004   Data   RW         7212    .data               memp.o
    0x200000d4   COMPRESSED   0x00000004   Data   RW         7213    .data               memp.o
    0x200000d8   COMPRESSED   0x00000004   Data   RW         7214    .data               memp.o
    0x200000dc   COMPRESSED   0x00000004   Data   RW         7215    .data               memp.o
    0x200000e0   COMPRESSED   0x00000004   Data   RW         7216    .data               memp.o
    0x200000e4   COMPRESSED   0x00000004   Data   RW         7217    .data               memp.o
    0x200000e8   COMPRESSED   0x00000004   Data   RW         7218    .data               memp.o
    0x200000ec   COMPRESSED   0x00000004   Data   RW         7219    .data               memp.o
    0x200000f0   COMPRESSED   0x00000004   Data   RW         7220    .data               memp.o
    0x200000f4   COMPRESSED   0x00000004   Data   RW         7221    .data               memp.o
    0x200000f8   COMPRESSED   0x00000004   Data   RW         7222    .data               memp.o
    0x200000fc   COMPRESSED   0x0000000c   Data   RW         7346    .data               netif.o
    0x20000108   COMPRESSED   0x00000001   Data   RW         7544    .data               pbuf.o
    0x20000109   COMPRESSED   0x00000003   PAD
    0x2000010c   COMPRESSED   0x00000020   Data   RW         7843    .data               tcp.o
    0x2000012c   COMPRESSED   0x00000024   Data   RW         8118    .data               tcp_in.o
    0x20000150   COMPRESSED   0x0000000c   Data   RW         8367    .data               timeouts.o
    0x2000015c   COMPRESSED   0x00000008   Data   RW         8460    .data               udp.o
    0x20000164   COMPRESSED   0x00000014   Data   RW         8622    .data               dhcp.o
    0x20000178   COMPRESSED   0x00000001   Data   RW         8810    .data               etharp.o
    0x20000179   COMPRESSED   0x00000001   PAD
    0x2000017a   COMPRESSED   0x00000002   Data   RW         8962    .data               ip4.o
    0x2000017c   COMPRESSED   0x00000008   Data   RW         9089    .data               ip4_frag.o
    0x20000184   COMPRESSED   0x00000004   Data   RW         9358    .data               sys_arch.o
    0x20000188   COMPRESSED   0x00000004   Data   RW         9769    .data               mc_w.l(rand.o)
    0x2000018c   COMPRESSED   0x00000004   Data   RW        10068    .data               mc_w.l(stdout.o)
    0x20000190        -       0x00000140   Zero   RW           21    .bss                main.o
    0x200002d0        -       0x00000060   Zero   RW           22    .bss                main.o
    0x20000330        -       0x00000060   Zero   RW           23    .bss                main.o
    0x20000390        -       0x00000060   Zero   RW           24    .bss                main.o
    0x200003f0        -       0x00000060   Zero   RW           25    .bss                main.o
    0x20000450        -       0x00000060   Zero   RW           26    .bss                main.o
    0x200004b0        -       0x00000060   Zero   RW           27    .bss                main.o
    0x20000510        -       0x00000060   Zero   RW           28    .bss                main.o
    0x20000570        -       0x00000060   Zero   RW           29    .bss                main.o
    0x200005d0        -       0x00000040   Zero   RW          567    .bss                stm32f4xx_hal_timebase_tim.o
    0x20000610        -       0x000030e8   Zero   RW          616    .bss                ethernetif.o
    0x200036f8        -       0x0000005c   Zero   RW          740    .bss                lwip.o
    0x20003754        -       0x00000040   Zero   RW         3575    .bss                queue.o
    0x20003794        -       0x000004c4   Zero   RW         3997    .bss                tasks.o
    0x20003c58        -       0x00000118   Zero   RW         4317    .bss                timers.o
    0x20003d70        -       0x000006b8   Zero   RW         4524    .bss                cmsis_os2.o
    0x20004428        -       0x00003c00   Zero   RW         4897    .bss                heap_4.o
    0x20008028        -       0x00000018   Zero   RW         7074    .bss                ip.o
    0x20008040        -       0x00000653   Zero   RW         7106    .bss                mem.o
    0x20008693        -       0x00000083   Zero   RW         7183    .bss                memp.o
    0x20008716        -       0x0000030f   Zero   RW         7184    .bss                memp.o
    0x20008a25        -       0x000000e3   Zero   RW         7185    .bss                memp.o
    0x20008b08        -       0x00000103   Zero   RW         7186    .bss                memp.o
    0x20008c0b        -       0x000000a3   Zero   RW         7187    .bss                memp.o
    0x20008cae        -       0x0000016b   Zero   RW         7188    .bss                memp.o
    0x20008e19        -       0x00000023   Zero   RW         7189    .bss                memp.o
    0x20008e3c        -       0x000000a3   Zero   RW         7190    .bss                memp.o
    0x20008edf        -       0x00000083   Zero   RW         7191    .bss                memp.o
    0x20008f62        -       0x00000083   Zero   RW         7192    .bss                memp.o
    0x20008fe5        -       0x00000053   Zero   RW         7193    .bss                memp.o
    0x20009038        -       0x00000103   Zero   RW         7194    .bss                memp.o
    0x2000913b        -       0x00002603   Zero   RW         7195    .bss                memp.o
    0x2000b73e   COMPRESSED   0x00000002   PAD
    0x2000b740        -       0x00000010   Zero   RW         8117    .bss                tcp_in.o
    0x2000b750        -       0x00000020   Zero   RW         8620    .bss                dhcp.o
    0x2000b770        -       0x000000f0   Zero   RW         8808    .bss                etharp.o
    0x2000b860        -       0x00000400   Zero   RW            1    STACK               startup_stm32f407xx.o


==============================================================================

Image component sizes


      Code (inc. data)   RO Data    RW Data    ZI Data      Debug   Object Name

         0          0          0          0          0       7111   api_lib.o
         0          0          0          0          0       4743   api_msg.o
         0          0          0          0          0       2184   auth.o
         0          0          0          0          0       6067   bridgeif.o
      1524         96          0          4       1720      43655   cmsis_os2.o
         8          0          0          0          0       1082   def.o
      6240       2132         66         20         32      28340   dhcp.o
         0          0          0          0          0       2396   err.o
      2956       1188         65          1        240      12667   etharp.o
       412        154         12          0          0       2694   ethernet.o
      1382        188          0          4      12520       8954   ethernetif.o
         0          0          0          0          0      18352   event_groups.o
       460         24          0         24      15360       4719   heap_4.o
       776        350          0          0          0       4378   icmp.o
        34          0          0          0          0      10075   init.o
         0          0          0          0         24       3194   ip.o
       950        186          0          2          0       5756   ip4.o
        46          0          8          0          0       8766   ip4_addr.o
      2904       1164          0          8          0      11574   ip4_frag.o
       138          0          0          0          0       3490   list.o
       188         32          0         24         92        974   lwip.o
       894         88         48          4       1088     762373   main.o
      2172       1044          0         16       1619       7985   mem.o
       746        500        208         52      12459      12347   memp.o
      1794       1000          0         12          0      16036   netif.o
      3416       1796          0          1          0      17122   pbuf.o
       786         82          0         12          0      11453   port.o
      2674         28          0          0         64      29964   queue.o
        36          8        392          0       1024        824   startup_stm32f407xx.o
       116         18          0         12          0       8646   stm32f4xx_hal.o
       158         14          0          0          0      33118   stm32f4xx_hal_cortex.o
       752         16          8          0          0       4020   stm32f4xx_hal_dma.o
      2444         76          0          0          0      14715   stm32f4xx_hal_eth.o
       450         46          0          0          0       2360   stm32f4xx_hal_gpio.o
       964        102          0          0          0       3870   stm32f4xx_hal_msp.o
      1404         88          0          0          0       6277   stm32f4xx_hal_rcc.o
      1626         80          0          0          0      14946   stm32f4xx_hal_tim.o
       148         28          0          0          0       2409   stm32f4xx_hal_tim_ex.o
       116         16          0          0         64       1388   stm32f4xx_hal_timebase_tim.o
       394         10          0          0          0       2016   stm32f4xx_hal_uart.o
       132         60          0          0          0       7410   stm32f4xx_it.o
         0          0          0          0          0        416   stream_buffer.o
       268         16          0          4          0      12336   sys_arch.o
        28          6         24          4          0       1119   system_stm32f4xx.o
      2400        204          0         60       1220      30364   tasks.o
      6124       2876        201         32          0      33596   tcp.o
      6910       2036          0         36         16      22495   tcp_in.o
      6108       3044         85          0          0      28942   tcp_out.o
      1132        660          0         16          0       7556   tcpip.o
       760        374         40         12          0       7403   timeouts.o
       972         80          0         20        280      31859   timers.o
      2638       1376          0          8          0      11597   udp.o

    ----------------------------------------------------------------------
     66652      21286       1200        392      47824    1338133   Object Totals
         0          0         32          0          0          0   (incl. Generated)
        72          0         11          4          2          0   (incl. Padding)

    ----------------------------------------------------------------------

      Code (inc. data)   RO Data    RW Data    ZI Data      Debug   Library Member Name

        86          0          0          0          0          0   __dczerorl2.o
         0          0          0          0          0          0   entry.o
         0          0          0          0          0          0   entry10a.o
         0          0          0          0          0          0   entry11a.o
         8          4          0          0          0          0   entry2.o
         4          0          0          0          0          0   entry5.o
         0          0          0          0          0          0   entry7b.o
         0          0          0          0          0          0   entry8b.o
         8          4          0          0          0          0   entry9a.o
        18          0          0          0          0         80   fputc.o
        30          0          0          0          0          0   handlers.o
        36          8          0          0          0         68   init.o
         0          0          0          0          0          0   iusesemip.o
        30          0          0          0          0         68   llshl.o
        32          0          0          0          0         68   llushr.o
        26          0          0          0          0         80   memcmp.o
        64          0          0          0          0         76   memmovea.o
        36          0          0          0          0        108   memseta.o
       472         14          0          0          0        184   printf3.o
        36         10          0          4          0        136   rand.o
         0          0          0          0          0          0   semi.o
         0          0          0          4          0          0   stdout.o
        44          0          0          0          0         80   uidiv.o
        98          0          0          0          0         92   uldiv.o

    ----------------------------------------------------------------------
      1032         40          0          8          0       1040   Library Totals
         4          0          0          0          0          0   (incl. Padding)

    ----------------------------------------------------------------------

      Code (inc. data)   RO Data    RW Data    ZI Data      Debug   Library Name

      1028         40          0          8          0       1040   mc_w.l

    ----------------------------------------------------------------------
      1032         40          0          8          0       1040   Library Totals

    ----------------------------------------------------------------------

==============================================================================


      Code (inc. data)   RO Data    RW Data    ZI Data      Debug   

     67684      21326       1200        400      47824    1299041   Grand Totals
     67684      21326       1200         28      47824    1299041   ELF Image Totals (compressed)
     67684      21326       1200         28          0          0   ROM Totals

==============================================================================

    Total RO  Size (Code + RO Data)                68884 (  67.27kB)
    Total RW  Size (RW Data + ZI Data)             48224 (  47.09kB)
    Total ROM Size (Code + RO Data + RW Data)      68912 (  67.30kB)

==============================================================================

